<html>
<body>
<pre>
<h1>µVision Build Log</h1>
<h2>Tool Versions:</h2>
IDE-Version: ¦ÌVision V5.38.0.0
Copyright (C) 2022 ARM Ltd and ARM Germany GmbH. All rights reserved.
License Information: 79798 Lenovo, 7979, LIC=BUURY-IGLMQ-Z9RG9-4QVZX-IFF8B-FVIE5
 
Tool Versions:
Toolchain:       MDK-ARM Plus  Version: 5.38.0.0
Toolchain Path:  D:\Keil_v5\ARM\ARMCC\Bin
C Compiler:      Armcc.exe V5.06 update 7 (build 960)
Assembler:       Armasm.exe V5.06 update 7 (build 960)
Linker/Locator:  ArmLink.exe V5.06 update 7 (build 960)
Library Manager: ArmAr.exe V5.06 update 7 (build 960)
Hex Converter:   FromElf.exe V5.06 update 7 (build 960)
CPU DLL:         SARMCM3.DLL V5.38.0.0
Dialog DLL:      DCM.DLL V1.17.5.0
Target DLL:      STLink\ST-LINKIII-KEIL_SWO.dll V3.1.0.0
Dialog DLL:      TCM.DLL V1.56.4.0
 
<h2>Project:</h2>
D:\GitHub\LX_FC\MDK-ARM\323232.uvprojx
Project File Date:  07/06/2026

<h2>Output:</h2>
*** Using Compiler 'V5.06 update 7 (build 960)', folder: 'D:\Keil_v5\ARM\ARMCC\Bin'
Build target '323232'
compiling To_LX_Fun.c...
../Drivers/CMSIS/Include/cachel1_armv7.h(188): warning:  #1041-D: alignment for an auto object may not be larger than 8
      } locals
FcSrc\To_LX_Fun.c: 1 warning, 0 errors
compiling RC_Channel.c...
../Drivers/CMSIS/Include/cachel1_armv7.h(188): warning:  #1041-D: alignment for an auto object may not be larger than 8
      } locals
FcSrc\RC_Channel.c: 1 warning, 0 errors
compiling Of_Radar_Fusion.c...
../Drivers/CMSIS/Include/cachel1_armv7.h(188): warning:  #1041-D: alignment for an auto object may not be larger than 8
      } locals
FcSrc\Of_Radar_Fusion.c: 1 warning, 0 errors
compiling Optical_Flow_Sensor.c...
../Drivers/CMSIS/Include/cachel1_armv7.h(188): warning:  #1041-D: alignment for an auto object may not be larger than 8
      } locals
Protocol\Optical_Flow_Sensor.c: 1 warning, 0 errors
compiling Drv_Uart.c...
../Drivers/CMSIS/Include/cachel1_armv7.h(188): warning:  #1041-D: alignment for an auto object may not be larger than 8
      } locals
DriversMCU\Drv_Uart.c: 1 warning, 0 errors
compiling usart.c...
../Drivers/CMSIS/Include/cachel1_armv7.h(188): warning:  #1041-D: alignment for an auto object may not be larger than 8
      } locals
../Core/Src/usart.c: 1 warning, 0 errors
compiling freertos.c...
../Drivers/CMSIS/Include/cachel1_armv7.h(188): warning:  #1041-D: alignment for an auto object may not be larger than 8
      } locals
../Core/Src/freertos.c(288): warning:  #550-D: variable "pwm"  was set but never used
     pwm_value pwm = {0};
../Core/Src/freertos.c(290): warning:  #550-D: variable "has_new_pwm"  was set but never used
     uint8_t has_new_pwm = 0;
../Core/Src/freertos.c(223): warning:  #177-D: function "LX_GetEulerAngleX100"  was declared but never referenced
  static void LX_GetEulerAngleX100(s16 *roll_x100, s16 *pitch_x100, s16 *yaw_x100)
../Core/Src/freertos.c: 4 warnings, 0 errors
compiling ANO_TO_H743_Data_Transmit.c...
../Drivers/CMSIS/Include/cachel1_armv7.h(188): warning:  #1041-D: alignment for an auto object may not be larger than 8
      } locals
FcSrc\ANO_TO_H743_Data_Transmit.c: 1 warning, 0 errors
linking...
Program Size: Code=76676 RO-data=3868 RW-data=428 ZI-data=42396  
FromELF: creating hex file...
"323232\323232.axf" - 0 Error(s), 11 Warning(s).

<h2>Software Packages used:</h2>

Package Vendor: ARM
                http://www.keil.com/pack/ARM.CMSIS.5.9.0.pack
                ARM.CMSIS.5.9.0
                CMSIS (Common Microcontroller Software Interface Standard)
   * Component: CORE Version: 5.6.0

Package Vendor: Keil
                https://www.keil.com/pack/Keil.STM32H7xx_DFP.4.1.0.pack
                Keil.STM32H7xx_DFP.4.1.0
                STMicroelectronics STM32H7 Series Device Support

<h2>Collection of Component include folders:</h2>
  ./RTE/_323232
  D:/Users/Lenovo/AppData/Local/Arm/Packs/ARM/CMSIS/5.9.0/CMSIS/Core/Include

<h2>Collection of Component Files used:</h2>

   * Component: ARM::CMSIS:CORE:5.6.0
      Include file:  CMSIS/Core/Include/tz_context.h
Build Time Elapsed:  00:00:15
</pre>
</body>
</html>
