Component: ARM Compiler 5.06 update 7 (build 960) Tool: armlink [4d3601]

==============================================================================

Section Cross References

    startup_stm32h743xx.o(STACK) refers (Special) to heapauxi.o(.text) for __use_two_region_memory
    startup_stm32h743xx.o(HEAP) refers (Special) to heapauxi.o(.text) for __use_two_region_memory
    startup_stm32h743xx.o(RESET) refers (Special) to heapauxi.o(.text) for __use_two_region_memory
    startup_stm32h743xx.o(RESET) refers to startup_stm32h743xx.o(STACK) for __initial_sp
    startup_stm32h743xx.o(RESET) refers to startup_stm32h743xx.o(.text) for Reset_Handler
    startup_stm32h743xx.o(RESET) refers to stm32h7xx_it.o(i.NMI_Handler) for NMI_Handler
    startup_stm32h743xx.o(RESET) refers to stm32h7xx_it.o(i.HardFault_Handler) for HardFault_Handler
    startup_stm32h743xx.o(RESET) refers to stm32h7xx_it.o(i.MemManage_Handler) for MemManage_Handler
    startup_stm32h743xx.o(RESET) refers to stm32h7xx_it.o(i.BusFault_Handler) for BusFault_Handler
    startup_stm32h743xx.o(RESET) refers to stm32h7xx_it.o(i.UsageFault_Handler) for UsageFault_Handler
    startup_stm32h743xx.o(RESET) refers to port.o(.emb_text) for SVC_Handler
    startup_stm32h743xx.o(RESET) refers to stm32h7xx_it.o(i.DebugMon_Handler) for DebugMon_Handler
    startup_stm32h743xx.o(RESET) refers to cmsis_os2.o(i.SysTick_Handler) for SysTick_Handler
    startup_stm32h743xx.o(RESET) refers to stm32h7xx_it.o(i.DMA1_Stream0_IRQHandler) for DMA1_Stream0_IRQHandler
    startup_stm32h743xx.o(RESET) refers to stm32h7xx_it.o(i.DMA1_Stream1_IRQHandler) for DMA1_Stream1_IRQHandler
    startup_stm32h743xx.o(RESET) refers to stm32h7xx_it.o(i.DMA1_Stream2_IRQHandler) for DMA1_Stream2_IRQHandler
    startup_stm32h743xx.o(RESET) refers to stm32h7xx_it.o(i.DMA1_Stream3_IRQHandler) for DMA1_Stream3_IRQHandler
    startup_stm32h743xx.o(RESET) refers to stm32h7xx_it.o(i.DMA1_Stream4_IRQHandler) for DMA1_Stream4_IRQHandler
    startup_stm32h743xx.o(RESET) refers to stm32h7xx_it.o(i.DMA1_Stream5_IRQHandler) for DMA1_Stream5_IRQHandler
    startup_stm32h743xx.o(RESET) refers to stm32h7xx_it.o(i.DMA1_Stream6_IRQHandler) for DMA1_Stream6_IRQHandler
    startup_stm32h743xx.o(RESET) refers to stm32h7xx_it.o(i.TIM3_IRQHandler) for TIM3_IRQHandler
    startup_stm32h743xx.o(RESET) refers to stm32h7xx_it.o(i.I2C1_EV_IRQHandler) for I2C1_EV_IRQHandler
    startup_stm32h743xx.o(RESET) refers to stm32h7xx_it.o(i.I2C1_ER_IRQHandler) for I2C1_ER_IRQHandler
    startup_stm32h743xx.o(RESET) refers to stm32h7xx_it.o(i.USART1_IRQHandler) for USART1_IRQHandler
    startup_stm32h743xx.o(RESET) refers to stm32h7xx_it.o(i.USART2_IRQHandler) for USART2_IRQHandler
    startup_stm32h743xx.o(RESET) refers to stm32h7xx_it.o(i.USART3_IRQHandler) for USART3_IRQHandler
    startup_stm32h743xx.o(RESET) refers to stm32h7xx_it.o(i.TIM8_TRG_COM_TIM14_IRQHandler) for TIM8_TRG_COM_TIM14_IRQHandler
    startup_stm32h743xx.o(RESET) refers to stm32h7xx_it.o(i.DMA1_Stream7_IRQHandler) for DMA1_Stream7_IRQHandler
    startup_stm32h743xx.o(RESET) refers to stm32h7xx_it.o(i.SPI3_IRQHandler) for SPI3_IRQHandler
    startup_stm32h743xx.o(RESET) refers to stm32h7xx_it.o(i.UART4_IRQHandler) for UART4_IRQHandler
    startup_stm32h743xx.o(RESET) refers to stm32h7xx_it.o(i.UART5_IRQHandler) for UART5_IRQHandler
    startup_stm32h743xx.o(RESET) refers to stm32h7xx_it.o(i.DMA2_Stream0_IRQHandler) for DMA2_Stream0_IRQHandler
    startup_stm32h743xx.o(RESET) refers to stm32h7xx_it.o(i.DMA2_Stream1_IRQHandler) for DMA2_Stream1_IRQHandler
    startup_stm32h743xx.o(RESET) refers to stm32h7xx_it.o(i.DMA2_Stream2_IRQHandler) for DMA2_Stream2_IRQHandler
    startup_stm32h743xx.o(RESET) refers to stm32h7xx_it.o(i.DMA2_Stream3_IRQHandler) for DMA2_Stream3_IRQHandler
    startup_stm32h743xx.o(RESET) refers to stm32h7xx_it.o(i.DMA2_Stream4_IRQHandler) for DMA2_Stream4_IRQHandler
    startup_stm32h743xx.o(RESET) refers to stm32h7xx_it.o(i.DMA2_Stream5_IRQHandler) for DMA2_Stream5_IRQHandler
    startup_stm32h743xx.o(RESET) refers to stm32h7xx_it.o(i.DMA2_Stream6_IRQHandler) for DMA2_Stream6_IRQHandler
    startup_stm32h743xx.o(RESET) refers to stm32h7xx_it.o(i.DMA2_Stream7_IRQHandler) for DMA2_Stream7_IRQHandler
    startup_stm32h743xx.o(RESET) refers to stm32h7xx_it.o(i.USART6_IRQHandler) for USART6_IRQHandler
    startup_stm32h743xx.o(RESET) refers to stm32h7xx_it.o(i.UART7_IRQHandler) for UART7_IRQHandler
    startup_stm32h743xx.o(RESET) refers to stm32h7xx_it.o(i.UART8_IRQHandler) for UART8_IRQHandler
    startup_stm32h743xx.o(RESET) refers to stm32h7xx_it.o(i.TIM16_IRQHandler) for TIM16_IRQHandler
    startup_stm32h743xx.o(RESET) refers to stm32h7xx_it.o(i.TIM17_IRQHandler) for TIM17_IRQHandler
    startup_stm32h743xx.o(.text) refers (Special) to heapauxi.o(.text) for __use_two_region_memory
    startup_stm32h743xx.o(.text) refers to system_stm32h7xx.o(i.ExitRun0Mode) for ExitRun0Mode
[...]
    HAL_I2C_EV_IRQHandler                    0x08003cdb   Thumb Code    28  stm32h7xx_hal_i2c.o(i.HAL_I2C_EV_IRQHandler)
    HAL_I2C_ErrorCallback                    0x08003cf7   Thumb Code     2  stm32h7xx_hal_i2c.o(i.HAL_I2C_ErrorCallback)
    HAL_I2C_Init                             0x08003cf9   Thumb Code   212  stm32h7xx_hal_i2c.o(i.HAL_I2C_Init)
    HAL_I2C_ListenCpltCallback               0x08003dd1   Thumb Code     2  stm32h7xx_hal_i2c.o(i.HAL_I2C_ListenCpltCallback)
    HAL_I2C_MasterRxCpltCallback             0x08003dd3   Thumb Code     2  stm32h7xx_hal_i2c.o(i.HAL_I2C_MasterRxCpltCallback)
    HAL_I2C_MasterTxCpltCallback             0x08003dd5   Thumb Code     2  stm32h7xx_hal_i2c.o(i.HAL_I2C_MasterTxCpltCallback)
    HAL_I2C_MemRxCpltCallback                0x08003dd7   Thumb Code     2  stm32h7xx_hal_i2c.o(i.HAL_I2C_MemRxCpltCallback)
    HAL_I2C_MemTxCpltCallback                0x08003dd9   Thumb Code    64  oled.o(i.HAL_I2C_MemTxCpltCallback)
    HAL_I2C_Mem_Write                        0x08003e25   Thumb Code   402  stm32h7xx_hal_i2c.o(i.HAL_I2C_Mem_Write)
    HAL_I2C_Mem_Write_IT                     0x08003fbd   Thumb Code   190  stm32h7xx_hal_i2c.o(i.HAL_I2C_Mem_Write_IT)
    HAL_I2C_MspInit                          0x08004089   Thumb Code   174  i2c.o(i.HAL_I2C_MspInit)
    HAL_I2C_SlaveRxCpltCallback              0x08004145   Thumb Code     2  stm32h7xx_hal_i2c.o(i.HAL_I2C_SlaveRxCpltCallback)
    HAL_I2C_SlaveTxCpltCallback              0x08004147   Thumb Code     2  stm32h7xx_hal_i2c.o(i.HAL_I2C_SlaveTxCpltCallback)
    HAL_IncTick                              0x08004149   Thumb Code    16  stm32h7xx_hal.o(i.HAL_IncTick)
    HAL_Init                                 0x08004161   Thumb Code    80  stm32h7xx_hal.o(i.HAL_Init)
    HAL_InitTick                             0x080041c1   Thumb Code   128  stm32h7xx_hal_timebase_tim.o(i.HAL_InitTick)
    HAL_MPU_ConfigRegion                     0x08004255   Thumb Code    86  stm32h7xx_hal_cortex.o(i.HAL_MPU_ConfigRegion)
    HAL_MPU_Disable                          0x080042b1   Thumb Code    26  stm32h7xx_hal_cortex.o(i.HAL_MPU_Disable)
    HAL_MPU_Enable                           0x080042d1   Thumb Code    34  stm32h7xx_hal_cortex.o(i.HAL_MPU_Enable)
    HAL_MspInit                              0x080042f9   Thumb Code    42  stm32h7xx_hal_msp.o(i.HAL_MspInit)
    HAL_NVIC_EnableIRQ                       0x08004329   Thumb Code    40  stm32h7xx_hal_cortex.o(i.HAL_NVIC_EnableIRQ)
    HAL_NVIC_SetPriority                     0x08004351   Thumb Code   122  stm32h7xx_hal_cortex.o(i.HAL_NVIC_SetPriority)
    HAL_NVIC_SetPriorityGrouping             0x080043cd   Thumb Code    32  stm32h7xx_hal_cortex.o(i.HAL_NVIC_SetPriorityGrouping)
    HAL_PCDEx_ActivateLPM                    0x080043f5   Thumb Code    36  stm32h7xx_hal_pcd_ex.o(i.HAL_PCDEx_ActivateLPM)
    HAL_PCD_Init                             0x0800441d   Thumb Code   350  stm32h7xx_hal_pcd.o(i.HAL_PCD_Init)
    HAL_PCD_MspInit                          0x0800457d   Thumb Code   176  usb_otg.o(i.HAL_PCD_MspInit)
    HAL_PWREx_ConfigSupply                   0x0800463d   Thumb Code    90  stm32h7xx_hal_pwr_ex.o(i.HAL_PWREx_ConfigSupply)
    HAL_PWREx_EnableUSBVoltageDetector       0x0800469d   Thumb Code    14  stm32h7xx_hal_pwr_ex.o(i.HAL_PWREx_EnableUSBVoltageDetector)
    HAL_RCCEx_GetD3PCLK1Freq                 0x080046b1   Thumb Code    26  stm32h7xx_hal_rcc_ex.o(i.HAL_RCCEx_GetD3PCLK1Freq)
    HAL_RCCEx_GetPLL1ClockFreq               0x080046d5   Thumb Code   536  stm32h7xx_hal_rcc_ex.o(i.HAL_RCCEx_GetPLL1ClockFreq)
    HAL_RCCEx_GetPLL2ClockFreq               0x08004905   Thumb Code   536  stm32h7xx_hal_rcc_ex.o(i.HAL_RCCEx_GetPLL2ClockFreq)
    HAL_RCCEx_GetPLL3ClockFreq               0x08004b35   Thumb Code   536  stm32h7xx_hal_rcc_ex.o(i.HAL_RCCEx_GetPLL3ClockFreq)
    HAL_RCCEx_GetPeriphCLKFreq               0x08004d65   Thumb Code  2216  stm32h7xx_hal_rcc_ex.o(i.HAL_RCCEx_GetPeriphCLKFreq)
    HAL_RCCEx_PeriphCLKConfig                0x08005615   Thumb Code  3432  stm32h7xx_hal_rcc_ex.o(i.HAL_RCCEx_PeriphCLKConfig)
    HAL_RCC_ClockConfig                      0x0800637d   Thumb Code   774  stm32h7xx_hal_rcc.o(i.HAL_RCC_ClockConfig)
    HAL_RCC_GetClockConfig                   0x0800669d   Thumb Code    98  stm32h7xx_hal_rcc.o(i.HAL_RCC_GetClockConfig)
    HAL_RCC_GetHCLKFreq                      0x08006709   Thumb Code    60  stm32h7xx_hal_rcc.o(i.HAL_RCC_GetHCLKFreq)
    HAL_RCC_GetPCLK1Freq                     0x08006755   Thumb Code    26  stm32h7xx_hal_rcc.o(i.HAL_RCC_GetPCLK1Freq)
    HAL_RCC_GetPCLK2Freq                     0x08006779   Thumb Code    26  stm32h7xx_hal_rcc.o(i.HAL_RCC_GetPCLK2Freq)
    HAL_RCC_GetSysClockFreq                  0x0800679d   Thumb Code   524  stm32h7xx_hal_rcc.o(i.HAL_RCC_GetSysClockFreq)
    HAL_RCC_OscConfig                        0x080069c9   Thumb Code  2130  stm32h7xx_hal_rcc.o(i.HAL_RCC_OscConfig)
    HAL_SPI_ErrorCallback                    0x08007221   Thumb Code     2  stm32h7xx_hal_spi.o(i.HAL_SPI_ErrorCallback)
    HAL_SPI_IRQHandler                       0x08007225   Thumb Code   654  stm32h7xx_hal_spi.o(i.HAL_SPI_IRQHandler)
    HAL_SPI_Init                             0x080074b9   Thumb Code   420  stm32h7xx_hal_spi.o(i.HAL_SPI_Init)
    HAL_SPI_MspInit                          0x08007669   Thumb Code   154  spi.o(i.HAL_SPI_MspInit)
    HAL_SPI_RxCpltCallback                   0x08007711   Thumb Code     2  stm32h7xx_hal_spi.o(i.HAL_SPI_RxCpltCallback)
    HAL_SPI_SuspendCallback                  0x08007713   Thumb Code     2  stm32h7xx_hal_spi.o(i.HAL_SPI_SuspendCallback)
    HAL_SPI_TxCpltCallback                   0x08007715   Thumb Code     2  stm32h7xx_hal_spi.o(i.HAL_SPI_TxCpltCallback)
    HAL_SPI_TxRxCpltCallback                 0x08007717   Thumb Code     2  stm32h7xx_hal_spi.o(i.HAL_SPI_TxRxCpltCallback)
    HAL_SYSCFG_AnalogSwitchConfig            0x08007719   Thumb Code    14  stm32h7xx_hal.o(i.HAL_SYSCFG_AnalogSwitchConfig)
    HAL_TIMEx_Break2Callback                 0x0800772d   Thumb Code     2  stm32h7xx_hal_tim_ex.o(i.HAL_TIMEx_Break2Callback)
    HAL_TIMEx_BreakCallback                  0x0800772f   Thumb Code     2  stm32h7xx_hal_tim_ex.o(i.HAL_TIMEx_BreakCallback)
    HAL_TIMEx_CommutCallback                 0x08007731   Thumb Code     2  stm32h7xx_hal_tim_ex.o(i.HAL_TIMEx_CommutCallback)
    HAL_TIMEx_ConfigBreakDeadTime            0x08007735   Thumb Code   172  stm32h7xx_hal_tim_ex.o(i.HAL_TIMEx_ConfigBreakDeadTime)
    HAL_TIMEx_MasterConfigSynchronization    0x080077e9   Thumb Code   174  stm32h7xx_hal_tim_ex.o(i.HAL_TIMEx_MasterConfigSynchronization)
    HAL_TIM_Base_Init                        0x080078b5   Thumb Code   110  stm32h7xx_hal_tim.o(i.HAL_TIM_Base_Init)
    HAL_TIM_Base_MspInit                     0x08007925   Thumb Code   516  tim.o(i.HAL_TIM_Base_MspInit)
    HAL_TIM_Base_Start_IT                    0x08007b55   Thumb Code   146  stm32h7xx_hal_tim.o(i.HAL_TIM_Base_Start_IT)
    HAL_TIM_ConfigClockSource                0x08007c09   Thumb Code   304  stm32h7xx_hal_tim.o(i.HAL_TIM_ConfigClockSource)
    HAL_TIM_IC_CaptureCallback               0x08007d3d   Thumb Code     2  stm32h7xx_hal_tim.o(i.HAL_TIM_IC_CaptureCallback)
    HAL_TIM_IRQHandler                       0x08007d3f   Thumb Code   408  stm32h7xx_hal_tim.o(i.HAL_TIM_IRQHandler)
    HAL_TIM_MspPostInit                      0x08007ed9   Thumb Code   264  tim.o(i.HAL_TIM_MspPostInit)
    HAL_TIM_OC_ConfigChannel                 0x08008001   Thumb Code   144  stm32h7xx_hal_tim.o(i.HAL_TIM_OC_ConfigChannel)
    HAL_TIM_OC_DelayElapsedCallback          0x08008091   Thumb Code     2  stm32h7xx_hal_tim.o(i.HAL_TIM_OC_DelayElapsedCallback)
    HAL_TIM_OC_Init                          0x08008093   Thumb Code   110  stm32h7xx_hal_tim.o(i.HAL_TIM_OC_Init)
    HAL_TIM_OC_MspInit                       0x08008101   Thumb Code     2  stm32h7xx_hal_tim.o(i.HAL_TIM_OC_MspInit)
    HAL_TIM_PWM_ConfigChannel                0x08008103   Thumb Code   368  stm32h7xx_hal_tim.o(i.HAL_TIM_PWM_ConfigChannel)
    HAL_TIM_PWM_Init                         0x08008273   Thumb Code   110  stm32h7xx_hal_tim.o(i.HAL_TIM_PWM_Init)
    HAL_TIM_PWM_MspInit                      0x080082e1   Thumb Code   330  tim.o(i.HAL_TIM_PWM_MspInit)
    HAL_TIM_PWM_PulseFinishedCallback        0x0800844d   Thumb Code     2  stm32h7xx_hal_tim.o(i.HAL_TIM_PWM_PulseFinishedCallback)
    HAL_TIM_PeriodElapsedCallback            0x08008451   Thumb Code    18  main.o(i.HAL_TIM_PeriodElapsedCallback)
    HAL_TIM_TriggerCallback                  0x08008469   Thumb Code     2  stm32h7xx_hal_tim.o(i.HAL_TIM_TriggerCallback)
    HAL_UARTEx_DisableFifoMode               0x0800846b   Thumb Code    78  stm32h7xx_hal_uart_ex.o(i.HAL_UARTEx_DisableFifoMode)
    HAL_UARTEx_RxEventCallback               0x080084b9   Thumb Code     2  stm32h7xx_hal_uart.o(i.HAL_UARTEx_RxEventCallback)
    HAL_UARTEx_RxFifoFullCallback            0x080084bb   Thumb Code     2  stm32h7xx_hal_uart_ex.o(i.HAL_UARTEx_RxFifoFullCallback)
    HAL_UARTEx_SetRxFifoThreshold            0x080084bd   Thumb Code    94  stm32h7xx_hal_uart_ex.o(i.HAL_UARTEx_SetRxFifoThreshold)
    HAL_UARTEx_SetTxFifoThreshold            0x0800851b   Thumb Code    94  stm32h7xx_hal_uart_ex.o(i.HAL_UARTEx_SetTxFifoThreshold)
    HAL_UARTEx_TxFifoEmptyCallback           0x08008579   Thumb Code     2  stm32h7xx_hal_uart_ex.o(i.HAL_UARTEx_TxFifoEmptyCallback)
    HAL_UARTEx_WakeupCallback                0x0800857b   Thumb Code     2  stm32h7xx_hal_uart_ex.o(i.HAL_UARTEx_WakeupCallback)
    HAL_UART_ErrorCallback                   0x0800857d   Thumb Code    24  usart.o(i.HAL_UART_ErrorCallback)
    HAL_UART_IRQHandler                      0x080085a1   Thumb Code  1206  stm32h7xx_hal_uart.o(i.HAL_UART_IRQHandler)
    HAL_UART_Init                            0x08008a57   Thumb Code   120  stm32h7xx_hal_uart.o(i.HAL_UART_Init)
    HAL_UART_MspInit                         0x08008ad1   Thumb Code  1592  usart.o(i.HAL_UART_MspInit)
    HAL_UART_Receive_IT                      0x08009131   Thumb Code    88  stm32h7xx_hal_uart.o(i.HAL_UART_Receive_IT)
    HAL_UART_RxCpltCallback                  0x0800918d   Thumb Code    32  usart.o(i.HAL_UART_RxCpltCallback)
    HAL_UART_TxCpltCallback                  0x080091b9   Thumb Code     2  stm32h7xx_hal_uart.o(i.HAL_UART_TxCpltCallback)
    HardFault_Handler                        0x080091bb   Thumb Code     4  stm32h7xx_it.o(i.HardFault_Handler)
    I2C1_ER_IRQHandler                       0x080091c1   Thumb Code    10  stm32h7xx_it.o(i.I2C1_ER_IRQHandler)
    I2C1_EV_IRQHandler                       0x080091d1   Thumb Code    10  stm32h7xx_it.o(i.I2C1_EV_IRQHandler)
    LED_On_Off                               0x0800a7e9   Thumb Code    90  drv_led.o(i.LED_On_Off)
    MX_ADC1_Init                             0x0800a8e9   Thumb Code   160  adc.o(i.MX_ADC1_Init)
    MX_ADC2_Init                             0x0800a995   Thumb Code   130  adc.o(i.MX_ADC2_Init)
    MX_DMA_Init                              0x0800aa25   Thumb Code   314  dma.o(i.MX_DMA_Init)
    MX_FREERTOS_Init                         0x0800ab65   Thumb Code    46  freertos.o(i.MX_FREERTOS_Init)
    MX_GPIO_Init                             0x0800abb9   Thumb Code   444  gpio.o(i.MX_GPIO_Init)
    MX_I2C1_Init                             0x0800ad8d   Thumb Code    80  i2c.o(i.MX_I2C1_Init)
    MX_SPI3_Init                             0x0800ade9   Thumb Code    88  spi.o(i.MX_SPI3_Init)
    MX_TIM14_Init                            0x0800ae49   Thumb Code    40  tim.o(i.MX_TIM14_Init)
    MX_TIM16_Init                            0x0800ae79   Thumb Code    44  tim.o(i.MX_TIM16_Init)
    MX_TIM1_Init                             0x0800aead   Thumb Code   224  tim.o(i.MX_TIM1_Init)
    MX_TIM3_Init                             0x0800af95   Thumb Code   224  tim.o(i.MX_TIM3_Init)
    MX_TIM4_Init                             0x0800b07d   Thumb Code   102  tim.o(i.MX_TIM4_Init)
    MX_TIM5_Init                             0x0800b0ed   Thumb Code   164  tim.o(i.MX_TIM5_Init)
    MX_UART4_Init                            0x0800b199   Thumb Code   110  usart.o(i.MX_UART4_Init)
    MX_UART5_Init                            0x0800b219   Thumb Code    96  usart.o(i.MX_UART5_Init)
    MX_UART7_Init                            0x0800b285   Thumb Code    96  usart.o(i.MX_UART7_Init)
    MX_UART8_Init                            0x0800b2f1   Thumb Code   112  usart.o(i.MX_UART8_Init)
    MX_USART1_UART_Init                      0x0800b36d   Thumb Code    98  usart.o(i.MX_USART1_UART_Init)
    MX_USART2_UART_Init                      0x0800b3d9   Thumb Code    96  usart.o(i.MX_USART2_UART_Init)
    MX_USART3_UART_Init                      0x0800b445   Thumb Code    96  usart.o(i.MX_USART3_UART_Init)
    MX_USART6_UART_Init                      0x0800b4b1   Thumb Code    96  usart.o(i.MX_USART6_UART_Init)
    MX_USB_OTG_FS_PCD_Init                   0x0800b51d   Thumb Code    52  usb_otg.o(i.MX_USB_OTG_FS_PCD_Init)
    MemManage_Handler                        0x0800b559   Thumb Code     4  stm32h7xx_it.o(i.MemManage_Handler)
    NMI_Handler                              0x0800b55d   Thumb Code     4  stm32h7xx_it.o(i.NMI_Handler)
    OLED_Clear                               0x0800b561   Thumb Code    14  oled.o(i.OLED_Clear)
    OLED_ClearArea                           0x0800b575   Thumb Code   140  oled.o(i.OLED_ClearArea)
    OLED_Init                                0x0800b655   Thumb Code   156  oled.o(i.OLED_Init)
    OLED_Pow                                 0x0800b6f1   Thumb Code    20  oled.o(i.OLED_Pow)
    OLED_SetCursor                           0x0800b705   Thumb Code    34  oled.o(i.OLED_SetCursor)
    OLED_ShowChar                            0x0800b729   Thumb Code    74  oled.o(i.OLED_ShowChar)
    OLED_ShowImage                           0x0800b77d   Thumb Code   248  oled.o(i.OLED_ShowImage)
    OLED_ShowNum                             0x0800b879   Thumb Code    76  oled.o(i.OLED_ShowNum)
    OLED_ShowString                          0x0800b8c5   Thumb Code    46  oled.o(i.OLED_ShowString)
    OLED_Update                              0x0800b8f5   Thumb Code    36  oled.o(i.OLED_Update)
    OLED_WriteCommand                        0x0800b91d   Thumb Code    22  oled.o(i.OLED_WriteCommand)
    OLED_WriteData                           0x0800b933   Thumb Code    22  oled.o(i.OLED_WriteData)
    PeriphCommonClock_Config                 0x0800b949   Thumb Code    76  main.o(i.PeriphCommonClock_Config)
    SPI3_IRQHandler                          0x0800bc5d   Thumb Code    10  stm32h7xx_it.o(i.SPI3_IRQHandler)
    StartKeyTestTask                         0x0800bd79   Thumb Code    58  freertos.o(i.StartKeyTestTask)
    StartOledTestTask                        0x0800bdb5   Thumb Code    84  freertos.o(i.StartOledTestTask)
    StartpwmPrintTask                        0x0800be29   Thumb Code    66  freertos.o(i.StartpwmPrintTask)
    SysTick_Handler                          0x0800be95   Thumb Code    22  cmsis_os2.o(i.SysTick_Handler)
    SystemClock_Config                       0x0800bead   Thumb Code   206  main.o(i.SystemClock_Config)
    SystemInit                               0x0800bf85   Thumb Code   256  system_stm32h7xx.o(i.SystemInit)
    TIM16_IRQHandler                         0x0800c0ad   Thumb Code    10  stm32h7xx_it.o(i.TIM16_IRQHandler)
    TIM17_IRQHandler                         0x0800c0bd   Thumb Code    10  stm32h7xx_it.o(i.TIM17_IRQHandler)
    TIM3_IRQHandler                          0x0800c0cd   Thumb Code    10  stm32h7xx_it.o(i.TIM3_IRQHandler)
    TIM8_TRG_COM_TIM14_IRQHandler            0x0800c0dd   Thumb Code    10  stm32h7xx_it.o(i.TIM8_TRG_COM_TIM14_IRQHandler)
    TIM_Base_SetConfig                       0x0800c0ed   Thumb Code   178  stm32h7xx_hal_tim.o(i.TIM_Base_SetConfig)
    TIM_ETR_SetConfig                        0x0800c1c1   Thumb Code    22  stm32h7xx_hal_tim.o(i.TIM_ETR_SetConfig)
    TIM_OC2_SetConfig                        0x0800c2a1   Thumb Code   160  stm32h7xx_hal_tim.o(i.TIM_OC2_SetConfig)
    UART4_IRQHandler                         0x0800c63d   Thumb Code    10  stm32h7xx_it.o(i.UART4_IRQHandler)
    UART5_IRQHandler                         0x0800c64d   Thumb Code    10  stm32h7xx_it.o(i.UART5_IRQHandler)
    UART7_IRQHandler                         0x0800c65d   Thumb Code    10  stm32h7xx_it.o(i.UART7_IRQHandler)
    UART8_IRQHandler                         0x0800c66d   Thumb Code    10  stm32h7xx_it.o(i.UART8_IRQHandler)
    UART_AdvFeatureConfig                    0x0800c6d5   Thumb Code   248  stm32h7xx_hal_uart.o(i.UART_AdvFeatureConfig)
    UART_CheckIdleState                      0x0800c7cd   Thumb Code   234  stm32h7xx_hal_uart.o(i.UART_CheckIdleState)
    UART_SetConfig                           0x0800cf65   Thumb Code  1402  stm32h7xx_hal_uart.o(i.UART_SetConfig)
    UART_Start_Receive_IT                    0x0800d4f1   Thumb Code   332  stm32h7xx_hal_uart.o(i.UART_Start_Receive_IT)
    UART_WaitOnFlagUntilTimeout              0x0800d64d   Thumb Code   172  stm32h7xx_hal_uart.o(i.UART_WaitOnFlagUntilTimeout)
    USART1_IRQHandler                        0x0800d6f9   Thumb Code    10  stm32h7xx_it.o(i.USART1_IRQHandler)
    USART2_IRQHandler                        0x0800d709   Thumb Code    10  stm32h7xx_it.o(i.USART2_IRQHandler)
    USART3_IRQHandler                        0x0800d719   Thumb Code    10  stm32h7xx_it.o(i.USART3_IRQHandler)
    USART6_IRQHandler                        0x0800d729   Thumb Code    10  stm32h7xx_it.o(i.USART6_IRQHandler)
    USB_CoreInit                             0x0800d739   Thumb Code   158  stm32h7xx_ll_usb.o(i.USB_CoreInit)
    USB_DevDisconnect                        0x0800d843   Thumb Code    36  stm32h7xx_ll_usb.o(i.USB_DevDisconnect)
    USB_DevInit                              0x0800d869   Thumb Code   472  stm32h7xx_ll_usb.o(i.USB_DevInit)
    USB_DisableGlobalInt                     0x0800da49   Thumb Code    14  stm32h7xx_ll_usb.o(i.USB_DisableGlobalInt)
    USB_FlushRxFifo                          0x0800da57   Thumb Code    80  stm32h7xx_ll_usb.o(i.USB_FlushRxFifo)
    USB_FlushTxFifo                          0x0800daa7   Thumb Code    84  stm32h7xx_ll_usb.o(i.USB_FlushTxFifo)
    USB_GetMode                              0x0800dafb   Thumb Code    10  stm32h7xx_ll_usb.o(i.USB_GetMode)
    USB_SetCurrentMode                       0x0800db05   Thumb Code   104  stm32h7xx_ll_usb.o(i.USB_SetCurrentMode)
    USB_SetDevSpeed                          0x0800db6d   Thumb Code    18  stm32h7xx_ll_usb.o(i.USB_SetDevSpeed)
    UsageFault_Handler                       0x0800db7f   Thumb Code     4  stm32h7xx_it.o(i.UsageFault_Handler)
    _is_digit                                0x0800dbbd   Thumb Code    14  __printf_wp.o(i._is_digit)
    _sys_exit                                0x0800dbcb   Thumb Code     4  drv_uart.o(i._sys_exit)
    fputc                                    0x0800dbd1   Thumb Code    22  drv_uart.o(i.fputc)
    main                                     0x0800dc07   Thumb Code   120  main.o(i.main)
    osDelay                                  0x0800dc7f   Thumb Code    30  cmsis_os2.o(i.osDelay)
    osKernelInitialize                       0x0800dc9d   Thumb Code    48  cmsis_os2.o(i.osKernelInitialize)
    osKernelStart                            0x0800dcd1   Thumb Code    92  cmsis_os2.o(i.osKernelStart)
    osThreadNew                              0x0800dd39   Thumb Code   184  cmsis_os2.o(i.osThreadNew)
    param_back                               0x0800ddf1   Thumb Code    34  ano_to_h743_data_transmit.o(i.param_back)
    pvPortMalloc                             0x0800e7a1   Thumb Code   306  heap_4.o(i.pvPortMalloc)
    pvTaskIncrementMutexHeldCount            0x0800e8e9   Thumb Code    26  tasks.o(i.pvTaskIncrementMutexHeldCount)
    pxPortInitialiseStack                    0x0800e909   Thumb Code    38  port.o(i.pxPortInitialiseStack)
    uxListRemove                             0x0800e935   Thumb Code    40  list.o(i.uxListRemove)
    uxTaskGetNumberOfTasks                   0x0800e95d   Thumb Code     6  tasks.o(i.uxTaskGetNumberOfTasks)
    vApplicationGetIdleTaskMemory            0x0800e969   Thumb Code    14  cmsis_os2.o(i.vApplicationGetIdleTaskMemory)
    vApplicationGetTimerTaskMemory           0x0800e981   Thumb Code    16  cmsis_os2.o(i.vApplicationGetTimerTaskMemory)
    vListInitialise                          0x0800e999   Thumb Code    26  list.o(i.vListInitialise)
    vListInitialiseItem                      0x0800e9b3   Thumb Code     6  list.o(i.vListInitialiseItem)
    vListInsert                              0x0800e9b9   Thumb Code    52  list.o(i.vListInsert)
    vPortEnterCritical                       0x0800e9ed   Thumb Code    76  port.o(i.vPortEnterCritical)
    vPortExitCritical                        0x0800ea41   Thumb Code    56  port.o(i.vPortExitCritical)
    vPortFree                                0x0800ea7d   Thumb Code   132  heap_4.o(i.vPortFree)
    vPortSetupTimerInterrupt                 0x0800eb09   Thumb Code    36  port.o(i.vPortSetupTimerInterrupt)
    vPortValidateInterruptPriority           0x0800eb31   Thumb Code   106  port.o(i.vPortValidateInterruptPriority)
    vQueueAddToRegistry                      0x0800eba9   Thumb Code    90  queue.o(i.vQueueAddToRegistry)
    vQueueWaitForMessageRestricted           0x0800ec09   Thumb Code    74  queue.o(i.vQueueWaitForMessageRestricted)
    vTaskDelay                               0x0800ec55   Thumb Code    82  tasks.o(i.vTaskDelay)
    vTaskInternalSetTimeOutState             0x0800ecb1   Thumb Code    14  tasks.o(i.vTaskInternalSetTimeOutState)
    vTaskMissedYield                         0x0800ecc9   Thumb Code     8  tasks.o(i.vTaskMissedYield)
    vTaskPlaceOnEventList                    0x0800ecd5   Thumb Code    52  tasks.o(i.vTaskPlaceOnEventList)
    vTaskPlaceOnEventListRestricted          0x0800ed0d   Thumb Code    98  tasks.o(i.vTaskPlaceOnEventListRestricted)
    vTaskPriorityDisinheritAfterTimeout      0x0800ed75   Thumb Code   256  tasks.o(i.vTaskPriorityDisinheritAfterTimeout)
    vTaskStartScheduler                      0x0800ee81   Thumb Code   160  tasks.o(i.vTaskStartScheduler)
    vTaskSuspendAll                          0x0800ef41   Thumb Code    12  tasks.o(i.vTaskSuspendAll)
    vTaskSwitchContext                       0x0800ef51   Thumb Code   126  tasks.o(i.vTaskSwitchContext)
    xPortStartScheduler                      0x0800efe5   Thumb Code   330  port.o(i.xPortStartScheduler)
    xPortSysTickHandler                      0x0800f14d   Thumb Code    46  port.o(i.xPortSysTickHandler)
    xQueueGenericCreateStatic                0x0800f181   Thumb Code   154  queue.o(i.xQueueGenericCreateStatic)
    xQueueGenericReset                       0x0800f21d   Thumb Code   214  queue.o(i.xQueueGenericReset)
    xQueueGiveFromISR                        0x0800f2f9   Thumb Code   274  queue.o(i.xQueueGiveFromISR)
    xQueueReceive                            0x0800f40d   Thumb Code   356  queue.o(i.xQueueReceive)
    xQueueSemaphoreTake                      0x0800f575   Thumb Code   398  queue.o(i.xQueueSemaphoreTake)
    xTaskCheckForTimeOut                     0x0800f709   Thumb Code   136  tasks.o(i.xTaskCheckForTimeOut)
    xTaskCreate                              0x0800f799   Thumb Code   108  tasks.o(i.xTaskCreate)
    xTaskCreateStatic                        0x0800f805   Thumb Code   194  tasks.o(i.xTaskCreateStatic)
    xTaskGetSchedulerState                   0x0800f8c9   Thumb Code    24  tasks.o(i.xTaskGetSchedulerState)
    xTaskGetTickCount                        0x0800f8e9   Thumb Code     6  tasks.o(i.xTaskGetTickCount)
    xTaskIncrementTick                       0x0800f8f5   Thumb Code   416  tasks.o(i.xTaskIncrementTick)
    xTaskPriorityInherit                     0x0800fac1   Thumb Code   212  tasks.o(i.xTaskPriorityInherit)
    xTaskRemoveFromEventList                 0x0800fba1   Thumb Code   282  tasks.o(i.xTaskRemoveFromEventList)
    xTaskResumeAll                           0x0800fcd5   Thumb Code   362  tasks.o(i.xTaskResumeAll)
    xTimerCreateTimerTask                    0x0800fe65   Thumb Code   100  timers.o(i.xTimerCreateTimerTask)
    _fp_init                                 0x0800fedd   Thumb Code    10  fpinit.o(x$fpl$fpinit)
    __fplib_config_fpu_vfp                   0x0800fee5   Thumb Code     0  fpinit.o(x$fpl$fpinit)
    __fplib_config_pureend_doubles           0x0800fee5   Thumb Code     0  fpinit.o(x$fpl$fpinit)
    keyTask_attributes                       0x0800fee8   Data          36  freertos.o(.constdata)
    oledTask_attributes                      0x0800ff0c   Data          36  freertos.o(.constdata)
    pwmPrintTask_attributes                  0x0800ff30   Data          36  freertos.o(.constdata)
    UARTPrescTable                           0x0800ff5c   Data          24  stm32h7xx_hal_uart.o(.constdata)
    D1CorePrescTable                         0x0800ff84   Data          16  system_stm32h7xx.o(.constdata)
    OLED_F8x16                               0x0800ff94   Data        1520  oled_data.o(.constdata)
    OLED_F6x8                                0x08010584   Data         570  oled_data.o(.constdata)
    OLED_CF16x16                             0x080107be   Data         612  oled_data.o(.constdata)
    Diode                                    0x08010a22   Data          32  oled_data.o(.constdata)
    Region$$Table$$Base                      0x08010a78   Number         0  anon$$obj.o(Region$$Table)
    Region$$Table$$Limit                     0x08010a98   Number         0  anon$$obj.o(Region$$Table)
    keyTaskHandle                            0x24000000   Data           4  freertos.o(.data)
    oledTaskHandle                           0x24000004   Data           4  freertos.o(.data)
    pwmPrintTaskHandle                       0x24000008   Data           4  freertos.o(.data)
    uwTick                                   0x24000018   Data           4  stm32h7xx_hal.o(.data)
    uwTickPrio                               0x2400001c   Data           4  stm32h7xx_hal.o(.data)
    uwTickFreq                               0x24000020   Data           1  stm32h7xx_hal.o(.data)
    SystemCoreClock                          0x24000024   Data           4  system_stm32h7xx.o(.data)
    SystemD2Clock                            0x24000028   Data           4  system_stm32h7xx.o(.data)
    pxCurrentTCB                             0x2400002c   Data           4  tasks.o(.data)
    uxTopUsedPriority                        0x24000064   Data           4  tasks.o(.data)
    Led_LX                                   0x240000ac   Data           4  drv_led.o(.data)
    __stdout                                 0x240000b0   Data           4  drv_uart.o(.data)
    OLED_i2c_Binary_SemaphoreHandle          0x24000104   Data           4  oled.o(.data)
    pwm_update_flag                          0x24000108   Data           1  ano_to_h743_data_transmit.o(.data)
    current_speed                            0x24000109   Data           6  ano_to_h743_data_transmit.o(.data)
    the_check_ack                            0x2400010f   Data           3  ano_to_h743_data_transmit.o(.data)
    param_aux                                0x24000114   Data           8  ano_to_h743_data_transmit.o(.data)
    state                                    0x24000120   Data           5  fc_state.o(.data)
    hadc1                                    0x24000128   Data         100  adc.o(.bss)
    hadc2                                    0x2400018c   Data         100  adc.o(.bss)
    hdma_adc1                                0x240001f0   Data         120  adc.o(.bss)
    hdma_adc2                                0x24000268   Data         120  adc.o(.bss)
    hi2c1                                    0x240002e0   Data          84  i2c.o(.bss)
    hspi3                                    0x24000334   Data         136  spi.o(.bss)
    htim1                                    0x240003bc   Data          76  tim.o(.bss)
    htim3                                    0x24000408   Data          76  tim.o(.bss)
    htim4                                    0x24000454   Data          76  tim.o(.bss)
    htim5                                    0x240004a0   Data          76  tim.o(.bss)
    htim14                                   0x240004ec   Data          76  tim.o(.bss)
    htim16                                   0x24000538   Data          76  tim.o(.bss)
    hdma_tim3_ch1                            0x24000584   Data         120  tim.o(.bss)
    hdma_tim3_ch2                            0x240005fc   Data         120  tim.o(.bss)
    hdma_tim3_ch3                            0x24000674   Data         120  tim.o(.bss)
    hdma_tim3_ch4                            0x240006ec   Data         120  tim.o(.bss)
    hdma_tim5_ch1                            0x24000764   Data         120  tim.o(.bss)
    hdma_tim5_ch2                            0x240007dc   Data         120  tim.o(.bss)
    hdma_tim5_ch3                            0x24000854   Data         120  tim.o(.bss)
    hdma_tim5_ch4                            0x240008cc   Data         120  tim.o(.bss)
    huart4                                   0x24000944   Data         148  usart.o(.bss)
    huart5                                   0x240009d8   Data         148  usart.o(.bss)
    huart7                                   0x24000a6c   Data         148  usart.o(.bss)
    huart8                                   0x24000b00   Data         148  usart.o(.bss)
    huart1                                   0x24000b94   Data         148  usart.o(.bss)
    huart2                                   0x24000c28   Data         148  usart.o(.bss)
    huart3                                   0x24000cbc   Data         148  usart.o(.bss)
    huart6                                   0x24000d50   Data         148  usart.o(.bss)
    hdma_uart4_tx                            0x24000de4   Data         120  usart.o(.bss)
    hdma_uart4_rx                            0x24000e5c   Data         120  usart.o(.bss)
    hdma_uart7_rx                            0x24000ed4   Data         120  usart.o(.bss)
    hdma_usart2_rx                           0x24000f4c   Data         120  usart.o(.bss)
    hdma_usart3_rx                           0x24000fc4   Data         120  usart.o(.bss)
    hdma_usart6_tx                           0x2400103c   Data         120  usart.o(.bss)
    hpcd_USB_OTG_FS                          0x240010b4   Data        1252  usb_otg.o(.bss)
    hhcd_USB_OTG_FS                          0x24001598   Data        1056  usb_otg.o(.bss)
    htim17                                   0x240019b8   Data          76  stm32h7xx_hal_timebase_tim.o(.bss)
    xQueueRegistry                           0x24001a04   Data          64  queue.o(.bss)
    OLED_DisplayBuf                          0x240062d8   Data        1024  oled.o(.bss)
    Data                                     0x240066d8   Data        1552  ano_to_h743_data_transmit.o(.bss)
    LX_quat                                  0x24006ce8   Data          10  ano_to_h743_data_transmit.o(.bss)
    pwm_to_esc                               0x24006cf2   Data          16  ano_to_h743_data_transmit.o(.bss)
    altitude_of_option                       0x24006d02   Data           9  ano_to_h743_data_transmit.o(.bss)
    Gyro_acc_sense                           0x24006d0b   Data          13  ano_to_h743_data_transmit.o(.bss)
    __libspace_start                         0x24006e18   Data          96  libspace.o(.bss)
    __temporary_stack_top$libspace           0x24006e78   Data           0  libspace.o(.bss)



==============================================================================

Memory Map of the image

  Image Entry point : 0x08000299

  Load Region LR_IROM1 (Base: 0x08000000, Size: 0x00010bc0, Max: 0x00200000, ABSOLUTE)

    Execution Region ER_IROM1 (Exec base: 0x08000000, Load base: 0x08000000, Size: 0x00010a98, Max: 0x00200000, ABSOLUTE)

    Exec Addr    Load Addr    Size         Type   Attr      Idx    E Section Name        Object

    0x08000000   0x08000000   0x00000298   Data   RO            3    RESET               startup_stm32h743xx.o
    0x08000298   0x08000298   0x00000008   Code   RO         9332  * !!!main             c_w.l(__main.o)
    0x080002a0   0x080002a0   0x00000034   Code   RO         9707    !!!scatter          c_w.l(__scatter.o)
    0x080002d4   0x080002d4   0x0000001a   Code   RO         9709    !!handler_copy      c_w.l(__scatter_copy.o)
    0x080002ee   0x080002ee   0x00000002   PAD
    0x080002f0   0x080002f0   0x0000001c   Code   RO         9711    !!handler_zi        c_w.l(__scatter_zi.o)
    0x0800030c   0x0800030c   0x00000000   Code   RO         9317    .ARM.Collect$$_printf_percent$$00000000  c_w.l(_printf_percent.o)
    0x0800030c   0x0800030c   0x00000006   Code   RO         9316    .ARM.Collect$$_printf_percent$$00000009  c_w.l(_printf_d.o)
    0x08000312   0x08000312   0x00000004   Code   RO         9419    .ARM.Collect$$_printf_percent$$00000017  c_w.l(_printf_percent_end.o)
    0x08000316   0x08000316   0x00000002   Code   RO         9577    .ARM.Collect$$libinit$$00000000  c_w.l(libinit.o)
    0x08000318   0x08000318   0x00000004   Code   RO         9591    .ARM.Collect$$libinit$$00000001  c_w.l(libinit2.o)
    0x0800031c   0x0800031c   0x00000000   Code   RO         9594    .ARM.Collect$$libinit$$00000004  c_w.l(libinit2.o)
    0x0800031c   0x0800031c   0x00000000   Code   RO         9597    .ARM.Collect$$libinit$$0000000A  c_w.l(libinit2.o)
    0x0800031c   0x0800031c   0x00000000   Code   RO         9599    .ARM.Collect$$libinit$$0000000C  c_w.l(libinit2.o)
    0x0800031c   0x0800031c   0x00000000   Code   RO         9601    .ARM.Collect$$libinit$$0000000E  c_w.l(libinit2.o)
    0x0800031c   0x0800031c   0x00000000   Code   RO         9604    .ARM.Collect$$libinit$$00000011  c_w.l(libinit2.o)
    0x0800031c   0x0800031c   0x00000000   Code   RO         9606    .ARM.Collect$$libinit$$00000013  c_w.l(libinit2.o)
    0x0800031c   0x0800031c   0x00000000   Code   RO         9608    .ARM.Collect$$libinit$$00000015  c_w.l(libinit2.o)
    0x0800031c   0x0800031c   0x00000000   Code   RO         9610    .ARM.Collect$$libinit$$00000017  c_w.l(libinit2.o)
    0x0800031c   0x0800031c   0x00000000   Code   RO         9612    .ARM.Collect$$libinit$$00000019  c_w.l(libinit2.o)
    0x0800031c   0x0800031c   0x00000000   Code   RO         9614    .ARM.Collect$$libinit$$0000001B  c_w.l(libinit2.o)
    0x0800031c   0x0800031c   0x00000000   Code   RO         9616    .ARM.Collect$$libinit$$0000001D  c_w.l(libinit2.o)
    0x0800031c   0x0800031c   0x00000000   Code   RO         9618    .ARM.Collect$$libinit$$0000001F  c_w.l(libinit2.o)
    0x0800031c   0x0800031c   0x00000000   Code   RO         9620    .ARM.Collect$$libinit$$00000021  c_w.l(libinit2.o)
    0x0800031c   0x0800031c   0x00000000   Code   RO         9622    .ARM.Collect$$libinit$$00000023  c_w.l(libinit2.o)
    0x0800031c   0x0800031c   0x00000000   Code   RO         9624    .ARM.Collect$$libinit$$00000025  c_w.l(libinit2.o)
    0x0800031c   0x0800031c   0x00000000   Code   RO         9628    .ARM.Collect$$libinit$$0000002C  c_w.l(libinit2.o)
    0x0800031c   0x0800031c   0x00000000   Code   RO         9630    .ARM.Collect$$libinit$$0000002E  c_w.l(libinit2.o)
    0x0800031c   0x0800031c   0x00000000   Code   RO         9632    .ARM.Collect$$libinit$$00000030  c_w.l(libinit2.o)
    0x0800031c   0x0800031c   0x00000000   Code   RO         9634    .ARM.Collect$$libinit$$00000032  c_w.l(libinit2.o)
    0x0800031c   0x0800031c   0x00000002   Code   RO         9635    .ARM.Collect$$libinit$$00000033  c_w.l(libinit2.o)
    0x0800031e   0x0800031e   0x00000002   Code   RO         9661    .ARM.Collect$$libshutdown$$00000000  c_w.l(libshutdown.o)
    0x08000320   0x08000320   0x00000000   Code   RO         9688    .ARM.Collect$$libshutdown$$00000002  c_w.l(libshutdown2.o)
    0x08000320   0x08000320   0x00000000   Code   RO         9690    .ARM.Collect$$libshutdown$$00000004  c_w.l(libshutdown2.o)
    0x08000320   0x08000320   0x00000000   Code   RO         9692    .ARM.Collect$$libshutdown$$00000006  c_w.l(libshutdown2.o)
    0x08000320   0x08000320   0x00000000   Code   RO         9695    .ARM.Collect$$libshutdown$$00000009  c_w.l(libshutdown2.o)
    0x08000320   0x08000320   0x00000000   Code   RO         9698    .ARM.Collect$$libshutdown$$0000000C  c_w.l(libshutdown2.o)
    0x08000320   0x08000320   0x00000000   Code   RO         9700    .ARM.Collect$$libshutdown$$0000000E  c_w.l(libshutdown2.o)
    0x08000320   0x08000320   0x00000000   Code   RO         9703    .ARM.Collect$$libshutdown$$00000011  c_w.l(libshutdown2.o)
    0x08000320   0x08000320   0x00000002   Code   RO         9704    .ARM.Collect$$libshutdown$$00000012  c_w.l(libshutdown2.o)
    0x08000322   0x08000322   0x00000000   Code   RO         9352    .ARM.Collect$$rtentry$$00000000  c_w.l(__rtentry.o)
    0x08000322   0x08000322   0x00000000   Code   RO         9478    .ARM.Collect$$rtentry$$00000002  c_w.l(__rtentry2.o)
    0x08000322   0x08000322   0x00000006   Code   RO         9490    .ARM.Collect$$rtentry$$00000004  c_w.l(__rtentry4.o)
    0x08000328   0x08000328   0x00000000   Code   RO         9480    .ARM.Collect$$rtentry$$00000009  c_w.l(__rtentry2.o)
    0x08000328   0x08000328   0x00000004   Code   RO         9481    .ARM.Collect$$rtentry$$0000000A  c_w.l(__rtentry2.o)
    0x0800032c   0x0800032c   0x00000000   Code   RO         9483    .ARM.Collect$$rtentry$$0000000C  c_w.l(__rtentry2.o)
    0x0800032c   0x0800032c   0x00000008   Code   RO         9484    .ARM.Collect$$rtentry$$0000000D  c_w.l(__rtentry2.o)
    0x08000334   0x08000334   0x00000002   Code   RO         9580    .ARM.Collect$$rtexit$$00000000  c_w.l(rtexit.o)
    0x08000336   0x08000336   0x00000000   Code   RO         9637    .ARM.Collect$$rtexit$$00000002  c_w.l(rtexit2.o)
    0x08000336   0x08000336   0x00000004   Code   RO         9638    .ARM.Collect$$rtexit$$00000003  c_w.l(rtexit2.o)
    0x0800033a   0x0800033a   0x00000006   Code   RO         9639    .ARM.Collect$$rtexit$$00000004  c_w.l(rtexit2.o)
    0x08000340   0x08000340   0x000000be   Code   RO         8662    .emb_text           port.o
    0x080003fe   0x080003fe   0x00000002   PAD
    0x08000400   0x08000400   0x00000048   Code   RO            4    .text               startup_stm32h743xx.o
    0x08000448   0x08000448   0x00000002   Code   RO         9282    .text               c_w.l(use_no_semi_2.o)
    0x0800044a   0x0800044a   0x000000ee   Code   RO         9284    .text               c_w.l(lludivv7m.o)
    0x08000538   0x08000538   0x00000018   Code   RO         9288    .text               c_w.l(__2printf.o)
    0x08000550   0x08000550   0x00000078   Code   RO         9294    .text               c_w.l(_printf_dec.o)
    0x080005c8   0x080005c8   0x00000188   Code   RO         9313    .text               c_w.l(__printf_flags_ss_wp.o)
    0x08000750   0x08000750   0x0000008a   Code   RO         9318    .text               c_w.l(rt_memcpy_v6.o)
    0x080007da   0x080007da   0x00000010   Code   RO         9322    .text               c_w.l(aeabi_memset.o)
    0x080007ea   0x080007ea   0x00000044   Code   RO         9324    .text               c_w.l(rt_memclr.o)
    0x0800082e   0x0800082e   0x0000004e   Code   RO         9326    .text               c_w.l(rt_memclr_w.o)
    0x0800087c   0x0800087c   0x00000006   Code   RO         9330    .text               c_w.l(heapauxi.o)
    0x08000882   0x08000882   0x00000002   Code   RO         9350    .text               c_w.l(use_no_semi.o)
    0x08000884   0x08000884   0x000000b2   Code   RO         9365    .text               c_w.l(_printf_intcommon.o)
    0x08000936   0x08000936   0x00000002   PAD
    0x08000938   0x08000938   0x00000030   Code   RO         9369    .text               c_w.l(_printf_char_common.o)
    0x08000968   0x08000968   0x00000024   Code   RO         9373    .text               c_w.l(_printf_char_file.o)
    0x0800098c   0x0800098c   0x00000064   Code   RO         9429    .text               c_w.l(rt_memcpy_w.o)
    0x080009f0   0x080009f0   0x00000008   Code   RO         9512    .text               c_w.l(ferror.o)
    0x080009f8   0x080009f8   0x00000008   Code   RO         9524    .text               c_w.l(libspace.o)
    0x08000a00   0x08000a00   0x0000004a   Code   RO         9527    .text               c_w.l(sys_stackheap_outer.o)
    0x08000a4a   0x08000a4a   0x00000012   Code   RO         9566    .text               c_w.l(exit.o)
    0x08000a5c   0x08000a5c   0x00000164   Code   RO         2111    i.ADC_ConfigureBoostMode  stm32h7xx_hal_adc.o
    0x08000bc0   0x08000bc0   0x00000004   Code   RO          786    i.BusFault_Handler  stm32h7xx_it.o
    0x08000bc4   0x08000bc4   0x00000024   Code   RO         9179    i.Check_ack         ano_to_h743_data_transmit.o
    0x08000be8   0x08000be8   0x00000010   Code   RO          787    i.DMA1_Stream0_IRQHandler  stm32h7xx_it.o
    0x08000bf8   0x08000bf8   0x00000010   Code   RO          788    i.DMA1_Stream1_IRQHandler  stm32h7xx_it.o
    0x08000c08   0x08000c08   0x00000010   Code   RO          789    i.DMA1_Stream2_IRQHandler  stm32h7xx_it.o
    0x08000c18   0x08000c18   0x00000010   Code   RO          790    i.DMA1_Stream3_IRQHandler  stm32h7xx_it.o
    0x08000c28   0x08000c28   0x00000010   Code   RO          791    i.DMA1_Stream4_IRQHandler  stm32h7xx_it.o
    0x08000c38   0x08000c38   0x00000010   Code   RO          792    i.DMA1_Stream5_IRQHandler  stm32h7xx_it.o
    0x08000c48   0x08000c48   0x00000010   Code   RO          793    i.DMA1_Stream6_IRQHandler  stm32h7xx_it.o
    0x08000c58   0x08000c58   0x00000010   Code   RO          794    i.DMA1_Stream7_IRQHandler  stm32h7xx_it.o
    0x08000c68   0x08000c68   0x00000010   Code   RO          795    i.DMA2_Stream0_IRQHandler  stm32h7xx_it.o
    0x08000c78   0x08000c78   0x00000010   Code   RO          796    i.DMA2_Stream1_IRQHandler  stm32h7xx_it.o
    0x08000c88   0x08000c88   0x00000010   Code   RO          797    i.DMA2_Stream2_IRQHandler  stm32h7xx_it.o
    0x08000c98   0x08000c98   0x00000010   Code   RO          798    i.DMA2_Stream3_IRQHandler  stm32h7xx_it.o
    0x08000ca8   0x08000ca8   0x00000010   Code   RO          799    i.DMA2_Stream4_IRQHandler  stm32h7xx_it.o
    0x08000cb8   0x08000cb8   0x00000010   Code   RO          800    i.DMA2_Stream5_IRQHandler  stm32h7xx_it.o
    0x08000cc8   0x08000cc8   0x00000010   Code   RO          801    i.DMA2_Stream6_IRQHandler  stm32h7xx_it.o
    0x08000cd8   0x08000cd8   0x00000010   Code   RO          802    i.DMA2_Stream7_IRQHandler  stm32h7xx_it.o
    0x08000ce8   0x08000ce8   0x000000ec   Code   RO         3339    i.DMA_CalcBaseAndBitshift  stm32h7xx_hal_dma.o
    0x08000dd4   0x08000dd4   0x000000c4   Code   RO         3340    i.DMA_CalcDMAMUXChannelBaseAndMask  stm32h7xx_hal_dma.o
    0x08000e98   0x08000e98   0x00000098   Code   RO         3341    i.DMA_CalcDMAMUXRequestGenBaseAndMask  stm32h7xx_hal_dma.o
    0x08000f30   0x08000f30   0x000000ae   Code   RO         3342    i.DMA_CheckFifoParam  stm32h7xx_hal_dma.o
    0x08000fde   0x08000fde   0x00000002   Code   RO          803    i.DebugMon_Handler  stm32h7xx_it.o
    0x08000fe0   0x08000fe0   0x00000028   Code   RO         8742    i.DvrLedInit        drv_led.o
    0x08001008   0x08001008   0x00000006   Code   RO           13    i.Error_Handler     main.o
    0x0800100e   0x0800100e   0x00000002   PAD
    0x08001010   0x08001010   0x00000024   Code   RO         6816    i.ExitRun0Mode      system_stm32h7xx.o
    0x08001034   0x08001034   0x00000144   Code   RO         8899    i.GetKeyStatus      key.o
    0x08001178   0x08001178   0x00000124   Code   RO         9181    i.H743_Data_Receive  ano_to_h743_data_transmit.o
    0x0800129c   0x0800129c   0x00000288   Code   RO         9182    i.H743_Received_Data_Analysis  ano_to_h743_data_transmit.o
    0x08001524   0x08001524   0x00000164   Code   RO         2388    i.HAL_ADCEx_MultiModeConfigChannel  stm32h7xx_hal_adc_ex.o
    0x08001688   0x08001688   0x000005c0   Code   RO         2119    i.HAL_ADC_ConfigChannel  stm32h7xx_hal_adc.o
    0x08001c48   0x08001c48   0x0000028c   Code   RO         2128    i.HAL_ADC_Init      stm32h7xx_hal_adc.o
    0x08001ed4   0x08001ed4   0x00000188   Code   RO          382    i.HAL_ADC_MspInit   adc.o
    0x0800205c   0x0800205c   0x000004dc   Code   RO         3344    i.HAL_DMA_Abort     stm32h7xx_hal_dma.o
    0x08002538   0x08002538   0x00000398   Code   RO         3345    i.HAL_DMA_Abort_IT  stm32h7xx_hal_dma.o
    0x080028d0   0x080028d0   0x00000008   Code   RO         3348    i.HAL_DMA_GetState  stm32h7xx_hal_dma.o
    0x080028d8   0x080028d8   0x00000af8   Code   RO         3349    i.HAL_DMA_IRQHandler  stm32h7xx_hal_dma.o
    0x080033d0   0x080033d0   0x00000520   Code   RO         3350    i.HAL_DMA_Init      stm32h7xx_hal_dma.o
    0x080038f0   0x080038f0   0x00000028   Code   RO         4211    i.HAL_Delay         stm32h7xx_hal.o
    0x08003918   0x08003918   0x0000020c   Code   RO         3192    i.HAL_GPIO_Init     stm32h7xx_hal_gpio.o
    0x08003b24   0x08003b24   0x00000010   Code   RO         3194    i.HAL_GPIO_ReadPin  stm32h7xx_hal_gpio.o
    0x08003b34   0x08003b34   0x0000000c   Code   RO         3196    i.HAL_GPIO_WritePin  stm32h7xx_hal_gpio.o
    0x08003b40   0x08003b40   0x0000000c   Code   RO         4222    i.HAL_GetREVID      stm32h7xx_hal.o
    0x08003b4c   0x08003b4c   0x0000000c   Code   RO         4223    i.HAL_GetTick       stm32h7xx_hal.o
    0x08003b58   0x08003b58   0x0000006a   Code   RO         4988    i.HAL_I2CEx_ConfigAnalogFilter  stm32h7xx_hal_i2c_ex.o
    0x08003bc2   0x08003bc2   0x00000068   Code   RO         4989    i.HAL_I2CEx_ConfigDigitalFilter  stm32h7xx_hal_i2c_ex.o
    0x08003c2a   0x08003c2a   0x00000002   PAD
    0x08003c2c   0x08003c2c   0x00000034   Code   RO         4992    i.HAL_I2CEx_EnableFastModePlus  stm32h7xx_hal_i2c_ex.o
    0x08003c60   0x08003c60   0x00000002   Code   RO         4516    i.HAL_I2C_AbortCpltCallback  stm32h7xx_hal_i2c.o
    0x08003c62   0x08003c62   0x00000002   Code   RO         4517    i.HAL_I2C_AddrCallback  stm32h7xx_hal_i2c.o
    0x08003c64   0x08003c64   0x00000076   Code   RO         4520    i.HAL_I2C_ER_IRQHandler  stm32h7xx_hal_i2c.o
    0x08003cda   0x08003cda   0x0000001c   Code   RO         4521    i.HAL_I2C_EV_IRQHandler  stm32h7xx_hal_i2c.o
    0x08003cf6   0x08003cf6   0x00000002   Code   RO         4523    i.HAL_I2C_ErrorCallback  stm32h7xx_hal_i2c.o
    0x08003cf8   0x08003cf8   0x000000d8   Code   RO         4527    i.HAL_I2C_Init      stm32h7xx_hal_i2c.o
    0x08003dd0   0x08003dd0   0x00000002   Code   RO         4529    i.HAL_I2C_ListenCpltCallback  stm32h7xx_hal_i2c.o
    0x08003dd2   0x08003dd2   0x00000002   Code   RO         4530    i.HAL_I2C_MasterRxCpltCallback  stm32h7xx_hal_i2c.o
    0x08003dd4   0x08003dd4   0x00000002   Code   RO         4531    i.HAL_I2C_MasterTxCpltCallback  stm32h7xx_hal_i2c.o
    0x08003dd6   0x08003dd6   0x00000002   Code   RO         4543    i.HAL_I2C_MemRxCpltCallback  stm32h7xx_hal_i2c.o
    0x08003dd8   0x08003dd8   0x0000004c   Code   RO         8934    i.HAL_I2C_MemTxCpltCallback  oled.o
    0x08003e24   0x08003e24   0x00000198   Code   RO         4548    i.HAL_I2C_Mem_Write  stm32h7xx_hal_i2c.o
    0x08003fbc   0x08003fbc   0x000000cc   Code   RO         4550    i.HAL_I2C_Mem_Write_IT  stm32h7xx_hal_i2c.o
    0x08004088   0x08004088   0x000000bc   Code   RO          455    i.HAL_I2C_MspInit   i2c.o
    0x08004144   0x08004144   0x00000002   Code   RO         4553    i.HAL_I2C_SlaveRxCpltCallback  stm32h7xx_hal_i2c.o
    0x08004146   0x08004146   0x00000002   Code   RO         4554    i.HAL_I2C_SlaveTxCpltCallback  stm32h7xx_hal_i2c.o
    0x08004148   0x08004148   0x00000018   Code   RO         4229    i.HAL_IncTick       stm32h7xx_hal.o
    0x08004160   0x08004160   0x00000060   Code   RO         4230    i.HAL_Init          stm32h7xx_hal.o
    0x080041c0   0x080041c0   0x00000094   Code   RO         1054    i.HAL_InitTick      stm32h7xx_hal_timebase_tim.o
    0x08004254   0x08004254   0x0000005c   Code   RO         4047    i.HAL_MPU_ConfigRegion  stm32h7xx_hal_cortex.o
    0x080042b0   0x080042b0   0x00000020   Code   RO         4048    i.HAL_MPU_Disable   stm32h7xx_hal_cortex.o
    0x080042d0   0x080042d0   0x00000028   Code   RO         4050    i.HAL_MPU_Enable    stm32h7xx_hal_cortex.o
    0x080042f8   0x080042f8   0x00000030   Code   RO         1030    i.HAL_MspInit       stm32h7xx_hal_msp.o
    0x08004328   0x08004328   0x00000028   Code   RO         4054    i.HAL_NVIC_EnableIRQ  stm32h7xx_hal_cortex.o
    0x08004350   0x08004350   0x0000007a   Code   RO         4060    i.HAL_NVIC_SetPriority  stm32h7xx_hal_cortex.o
    0x080043ca   0x080043ca   0x00000002   PAD
    0x080043cc   0x080043cc   0x00000028   Code   RO         4061    i.HAL_NVIC_SetPriorityGrouping  stm32h7xx_hal_cortex.o
    0x080043f4   0x080043f4   0x00000028   Code   RO         6234    i.HAL_PCDEx_ActivateLPM  stm32h7xx_hal_pcd_ex.o
    0x0800441c   0x0800441c   0x0000015e   Code   RO         6018    i.HAL_PCD_Init      stm32h7xx_hal_pcd.o
    0x0800457a   0x0800457a   0x00000002   PAD
    0x0800457c   0x0800457c   0x000000c0   Code   RO          728    i.HAL_PCD_MspInit   usb_otg.o
    0x0800463c   0x0800463c   0x00000060   Code   RO         3793    i.HAL_PWREx_ConfigSupply  stm32h7xx_hal_pwr_ex.o
    0x0800469c   0x0800469c   0x00000014   Code   RO         3810    i.HAL_PWREx_EnableUSBVoltageDetector  stm32h7xx_hal_pwr_ex.o
    0x080046b0   0x080046b0   0x00000024   Code   RO         2743    i.HAL_RCCEx_GetD3PCLK1Freq  stm32h7xx_hal_rcc_ex.o
    0x080046d4   0x080046d4   0x00000230   Code   RO         2744    i.HAL_RCCEx_GetPLL1ClockFreq  stm32h7xx_hal_rcc_ex.o
    0x08004904   0x08004904   0x00000230   Code   RO         2745    i.HAL_RCCEx_GetPLL2ClockFreq  stm32h7xx_hal_rcc_ex.o
    0x08004b34   0x08004b34   0x00000230   Code   RO         2746    i.HAL_RCCEx_GetPLL3ClockFreq  stm32h7xx_hal_rcc_ex.o
    0x08004d64   0x08004d64   0x000008b0   Code   RO         2748    i.HAL_RCCEx_GetPeriphCLKFreq  stm32h7xx_hal_rcc_ex.o
    0x08005614   0x08005614   0x00000d68   Code   RO         2752    i.HAL_RCCEx_PeriphCLKConfig  stm32h7xx_hal_rcc_ex.o
    0x0800637c   0x0800637c   0x00000320   Code   RO         2628    i.HAL_RCC_ClockConfig  stm32h7xx_hal_rcc.o
    0x0800669c   0x0800669c   0x0000006c   Code   RO         2632    i.HAL_RCC_GetClockConfig  stm32h7xx_hal_rcc.o
    0x08006708   0x08006708   0x0000004c   Code   RO         2633    i.HAL_RCC_GetHCLKFreq  stm32h7xx_hal_rcc.o
    0x08006754   0x08006754   0x00000024   Code   RO         2635    i.HAL_RCC_GetPCLK1Freq  stm32h7xx_hal_rcc.o
    0x08006778   0x08006778   0x00000024   Code   RO         2636    i.HAL_RCC_GetPCLK2Freq  stm32h7xx_hal_rcc.o
    0x0800679c   0x0800679c   0x0000022c   Code   RO         2637    i.HAL_RCC_GetSysClockFreq  stm32h7xx_hal_rcc.o
    0x080069c8   0x080069c8   0x00000858   Code   RO         2640    i.HAL_RCC_OscConfig  stm32h7xx_hal_rcc.o
    0x08007220   0x08007220   0x00000002   Code   RO         5121    i.HAL_SPI_ErrorCallback  stm32h7xx_hal_spi.o
    0x08007222   0x08007222   0x00000002   PAD
    0x08007224   0x08007224   0x00000294   Code   RO         5124    i.HAL_SPI_IRQHandler  stm32h7xx_hal_spi.o
    0x080074b8   0x080074b8   0x000001b0   Code   RO         5125    i.HAL_SPI_Init      stm32h7xx_hal_spi.o
    0x08007668   0x08007668   0x000000a8   Code   RO          497    i.HAL_SPI_MspInit   spi.o
    0x08007710   0x08007710   0x00000002   Code   RO         5131    i.HAL_SPI_RxCpltCallback  stm32h7xx_hal_spi.o
    0x08007712   0x08007712   0x00000002   Code   RO         5133    i.HAL_SPI_SuspendCallback  stm32h7xx_hal_spi.o
    0x08007714   0x08007714   0x00000002   Code   RO         5140    i.HAL_SPI_TxCpltCallback  stm32h7xx_hal_spi.o
    0x08007716   0x08007716   0x00000002   Code   RO         5142    i.HAL_SPI_TxRxCpltCallback  stm32h7xx_hal_spi.o
    0x08007718   0x08007718   0x00000014   Code   RO         4235    i.HAL_SYSCFG_AnalogSwitchConfig  stm32h7xx_hal.o
    0x0800772c   0x0800772c   0x00000002   Code   RO         1820    i.HAL_TIMEx_Break2Callback  stm32h7xx_hal_tim_ex.o
    0x0800772e   0x0800772e   0x00000002   Code   RO         1821    i.HAL_TIMEx_BreakCallback  stm32h7xx_hal_tim_ex.o
    0x08007730   0x08007730   0x00000002   Code   RO         1822    i.HAL_TIMEx_CommutCallback  stm32h7xx_hal_tim_ex.o
    0x08007732   0x08007732   0x00000002   PAD
    0x08007734   0x08007734   0x000000b4   Code   RO         1824    i.HAL_TIMEx_ConfigBreakDeadTime  stm32h7xx_hal_tim_ex.o
    0x080077e8   0x080077e8   0x000000cc   Code   RO         1842    i.HAL_TIMEx_MasterConfigSynchronization  stm32h7xx_hal_tim_ex.o
    0x080078b4   0x080078b4   0x0000006e   Code   RO         1095    i.HAL_TIM_Base_Init  stm32h7xx_hal_tim.o
    0x08007922   0x08007922   0x00000002   PAD
    0x08007924   0x08007924   0x00000230   Code   RO          539    i.HAL_TIM_Base_MspInit  tim.o
    0x08007b54   0x08007b54   0x000000b4   Code   RO         1100    i.HAL_TIM_Base_Start_IT  stm32h7xx_hal_tim.o
    0x08007c08   0x08007c08   0x00000134   Code   RO         1104    i.HAL_TIM_ConfigClockSource  stm32h7xx_hal_tim.o
    0x08007d3c   0x08007d3c   0x00000002   Code   RO         1129    i.HAL_TIM_IC_CaptureCallback  stm32h7xx_hal_tim.o
    0x08007d3e   0x08007d3e   0x00000198   Code   RO         1143    i.HAL_TIM_IRQHandler  stm32h7xx_hal_tim.o
    0x08007ed6   0x08007ed6   0x00000002   PAD
    0x08007ed8   0x08007ed8   0x00000128   Code   RO          540    i.HAL_TIM_MspPostInit  tim.o
    0x08008000   0x08008000   0x00000090   Code   RO         1144    i.HAL_TIM_OC_ConfigChannel  stm32h7xx_hal_tim.o
    0x08008090   0x08008090   0x00000002   Code   RO         1146    i.HAL_TIM_OC_DelayElapsedCallback  stm32h7xx_hal_tim.o
    0x08008092   0x08008092   0x0000006e   Code   RO         1148    i.HAL_TIM_OC_Init   stm32h7xx_hal_tim.o
    0x08008100   0x08008100   0x00000002   Code   RO         1150    i.HAL_TIM_OC_MspInit  stm32h7xx_hal_tim.o
    0x08008102   0x08008102   0x00000170   Code   RO         1167    i.HAL_TIM_PWM_ConfigChannel  stm32h7xx_hal_tim.o
    0x08008272   0x08008272   0x0000006e   Code   RO         1170    i.HAL_TIM_PWM_Init  stm32h7xx_hal_tim.o
    0x080082e0   0x080082e0   0x0000016c   Code   RO          542    i.HAL_TIM_PWM_MspInit  tim.o
    0x0800844c   0x0800844c   0x00000002   Code   RO         1173    i.HAL_TIM_PWM_PulseFinishedCallback  stm32h7xx_hal_tim.o
    0x0800844e   0x0800844e   0x00000002   PAD
    0x08008450   0x08008450   0x00000018   Code   RO           14    i.HAL_TIM_PeriodElapsedCallback  main.o
    0x08008468   0x08008468   0x00000002   Code   RO         1186    i.HAL_TIM_TriggerCallback  stm32h7xx_hal_tim.o
    0x0800846a   0x0800846a   0x0000004e   Code   RO         5873    i.HAL_UARTEx_DisableFifoMode  stm32h7xx_hal_uart_ex.o
    0x080084b8   0x080084b8   0x00000002   Code   RO         5457    i.HAL_UARTEx_RxEventCallback  stm32h7xx_hal_uart.o
    0x080084ba   0x080084ba   0x00000002   Code   RO         5881    i.HAL_UARTEx_RxFifoFullCallback  stm32h7xx_hal_uart_ex.o
    0x080084bc   0x080084bc   0x0000005e   Code   RO         5882    i.HAL_UARTEx_SetRxFifoThreshold  stm32h7xx_hal_uart_ex.o
    0x0800851a   0x0800851a   0x0000005e   Code   RO         5883    i.HAL_UARTEx_SetTxFifoThreshold  stm32h7xx_hal_uart_ex.o
    0x08008578   0x08008578   0x00000002   Code   RO         5885    i.HAL_UARTEx_TxFifoEmptyCallback  stm32h7xx_hal_uart_ex.o
    0x0800857a   0x0800857a   0x00000002   Code   RO         5886    i.HAL_UARTEx_WakeupCallback  stm32h7xx_hal_uart_ex.o
    0x0800857c   0x0800857c   0x00000024   Code   RO          628    i.HAL_UART_ErrorCallback  usart.o
    0x080085a0   0x080085a0   0x000004b6   Code   RO         5476    i.HAL_UART_IRQHandler  stm32h7xx_hal_uart.o
    0x08008a56   0x08008a56   0x00000078   Code   RO         5477    i.HAL_UART_Init     stm32h7xx_hal_uart.o
    0x08008ace   0x08008ace   0x00000002   PAD
    0x08008ad0   0x08008ad0   0x00000660   Code   RO          630    i.HAL_UART_MspInit  usart.o
    0x08009130   0x08009130   0x0000005c   Code   RO         5482    i.HAL_UART_Receive_IT  stm32h7xx_hal_uart.o
    0x0800918c   0x0800918c   0x0000002c   Code   RO          631    i.HAL_UART_RxCpltCallback  usart.o
    0x080091b8   0x080091b8   0x00000002   Code   RO         5489    i.HAL_UART_TxCpltCallback  stm32h7xx_hal_uart.o
    0x080091ba   0x080091ba   0x00000004   Code   RO          804    i.HardFault_Handler  stm32h7xx_it.o
    0x080091be   0x080091be   0x00000002   PAD
    0x080091c0   0x080091c0   0x00000010   Code   RO          805    i.I2C1_ER_IRQHandler  stm32h7xx_it.o
    0x080091d0   0x080091d0   0x00000010   Code   RO          806    i.I2C1_EV_IRQHandler  stm32h7xx_it.o
    0x080091e0   0x080091e0   0x00000022   Code   RO         4566    i.I2C_DMAAbort      stm32h7xx_hal_i2c.o
    0x08009202   0x08009202   0x0000006e   Code   RO         4572    i.I2C_Disable_IRQ   stm32h7xx_hal_i2c.o
    0x08009270   0x08009270   0x000000a8   Code   RO         4573    i.I2C_Enable_IRQ    stm32h7xx_hal_i2c.o
    0x08009318   0x08009318   0x00000028   Code   RO         4574    i.I2C_Flush_TXDR    stm32h7xx_hal_i2c.o
    0x08009340   0x08009340   0x000000ce   Code   RO         4575    i.I2C_ITAddrCplt    stm32h7xx_hal_i2c.o
    0x0800940e   0x0800940e   0x00000002   PAD
    0x08009410   0x08009410   0x00000154   Code   RO         4576    i.I2C_ITError       stm32h7xx_hal_i2c.o
    0x08009564   0x08009564   0x00000070   Code   RO         4577    i.I2C_ITListenCplt  stm32h7xx_hal_i2c.o
    0x080095d4   0x080095d4   0x00000128   Code   RO         4578    i.I2C_ITMasterCplt  stm32h7xx_hal_i2c.o
    0x080096fc   0x080096fc   0x00000062   Code   RO         4579    i.I2C_ITMasterSeqCplt  stm32h7xx_hal_i2c.o
    0x0800975e   0x0800975e   0x00000002   PAD
    0x08009760   0x08009760   0x00000390   Code   RO         4580    i.I2C_ITSlaveCplt   stm32h7xx_hal_i2c.o
    0x08009af0   0x08009af0   0x0000008c   Code   RO         4581    i.I2C_ITSlaveSeqCplt  stm32h7xx_hal_i2c.o
    0x08009b7c   0x08009b7c   0x00000130   Code   RO         4582    i.I2C_IsErrorOccurred  stm32h7xx_hal_i2c.o
    0x08009cac   0x08009cac   0x00000160   Code   RO         4583    i.I2C_Master_ISR_DMA  stm32h7xx_hal_i2c.o
    0x08009e0c   0x08009e0c   0x000001b4   Code   RO         4585    i.I2C_Mem_ISR_DMA   stm32h7xx_hal_i2c.o
    0x08009fc0   0x08009fc0   0x0000019c   Code   RO         4586    i.I2C_Mem_ISR_IT    stm32h7xx_hal_i2c.o
    0x0800a15c   0x0800a15c   0x0000007c   Code   RO         4588    i.I2C_RequestMemoryWrite  stm32h7xx_hal_i2c.o
    0x0800a1d8   0x0800a1d8   0x000002dc   Code   RO         4589    i.I2C_Slave_ISR_DMA  stm32h7xx_hal_i2c.o
    0x0800a4b4   0x0800a4b4   0x0000014a   Code   RO         4590    i.I2C_Slave_ISR_IT  stm32h7xx_hal_i2c.o
    0x0800a5fe   0x0800a5fe   0x00000038   Code   RO         4591    i.I2C_TransferConfig  stm32h7xx_hal_i2c.o
    0x0800a636   0x0800a636   0x0000003a   Code   RO         4592    i.I2C_TreatErrorCallback  stm32h7xx_hal_i2c.o
    0x0800a670   0x0800a670   0x00000082   Code   RO         4593    i.I2C_WaitOnFlagUntilTimeout  stm32h7xx_hal_i2c.o
    0x0800a6f2   0x0800a6f2   0x00000060   Code   RO         4595    i.I2C_WaitOnSTOPFlagUntilTimeout  stm32h7xx_hal_i2c.o
    0x0800a752   0x0800a752   0x00000064   Code   RO         4596    i.I2C_WaitOnTXISFlagUntilTimeout  stm32h7xx_hal_i2c.o
    0x0800a7b6   0x0800a7b6   0x00000032   Code   RO         8071    i.IRQ_Context       cmsis_os2.o
    0x0800a7e8   0x0800a7e8   0x00000060   Code   RO         8743    i.LED_On_Off        drv_led.o
    0x0800a848   0x0800a848   0x0000000a   Code   RO         2143    i.LL_ADC_INJ_IsConversionOngoing  stm32h7xx_hal_adc.o
    0x0800a852   0x0800a852   0x0000000a   Code   RO         2145    i.LL_ADC_IsEnabled  stm32h7xx_hal_adc.o
    0x0800a85c   0x0800a85c   0x0000000a   Code   RO         2401    i.LL_ADC_IsEnabled  stm32h7xx_hal_adc_ex.o
    0x0800a866   0x0800a866   0x0000000a   Code   RO         2146    i.LL_ADC_IsInternalRegulatorEnabled  stm32h7xx_hal_adc.o
    0x0800a870   0x0800a870   0x0000000a   Code   RO         2147    i.LL_ADC_REG_IsConversionOngoing  stm32h7xx_hal_adc.o
    0x0800a87a   0x0800a87a   0x0000000a   Code   RO         2402    i.LL_ADC_REG_IsConversionOngoing  stm32h7xx_hal_adc_ex.o
    0x0800a884   0x0800a884   0x0000000c   Code   RO         2151    i.LL_ADC_SetCommonPathInternalCh  stm32h7xx_hal_adc.o
    0x0800a890   0x0800a890   0x00000056   Code   RO           15    i.MPU_Config        main.o
    0x0800a8e6   0x0800a8e6   0x00000002   PAD
    0x0800a8e8   0x0800a8e8   0x000000ac   Code   RO          383    i.MX_ADC1_Init      adc.o
    0x0800a994   0x0800a994   0x00000090   Code   RO          384    i.MX_ADC2_Init      adc.o
    0x0800aa24   0x0800aa24   0x00000140   Code   RO          430    i.MX_DMA_Init       dma.o
    0x0800ab64   0x0800ab64   0x00000054   Code   RO          296    i.MX_FREERTOS_Init  freertos.o
    0x0800abb8   0x0800abb8   0x000001d4   Code   RO          272    i.MX_GPIO_Init      gpio.o
    0x0800ad8c   0x0800ad8c   0x0000005c   Code   RO          456    i.MX_I2C1_Init      i2c.o
    0x0800ade8   0x0800ade8   0x00000060   Code   RO          498    i.MX_SPI3_Init      spi.o
    0x0800ae48   0x0800ae48   0x00000030   Code   RO          543    i.MX_TIM14_Init     tim.o
    0x0800ae78   0x0800ae78   0x00000034   Code   RO          544    i.MX_TIM16_Init     tim.o
    0x0800aeac   0x0800aeac   0x000000e8   Code   RO          545    i.MX_TIM1_Init      tim.o
    0x0800af94   0x0800af94   0x000000e8   Code   RO          546    i.MX_TIM3_Init      tim.o
    0x0800b07c   0x0800b07c   0x00000070   Code   RO          547    i.MX_TIM4_Init      tim.o
    0x0800b0ec   0x0800b0ec   0x000000ac   Code   RO          548    i.MX_TIM5_Init      tim.o
    0x0800b198   0x0800b198   0x00000080   Code   RO          632    i.MX_UART4_Init     usart.o
    0x0800b218   0x0800b218   0x0000006c   Code   RO          633    i.MX_UART5_Init     usart.o
    0x0800b284   0x0800b284   0x0000006c   Code   RO          634    i.MX_UART7_Init     usart.o
    0x0800b2f0   0x0800b2f0   0x0000007c   Code   RO          635    i.MX_UART8_Init     usart.o
    0x0800b36c   0x0800b36c   0x0000006c   Code   RO          636    i.MX_USART1_UART_Init  usart.o
    0x0800b3d8   0x0800b3d8   0x0000006c   Code   RO          637    i.MX_USART2_UART_Init  usart.o
    0x0800b444   0x0800b444   0x0000006c   Code   RO          638    i.MX_USART3_UART_Init  usart.o
    0x0800b4b0   0x0800b4b0   0x0000006c   Code   RO          639    i.MX_USART6_UART_Init  usart.o
    0x0800b51c   0x0800b51c   0x0000003c   Code   RO          730    i.MX_USB_OTG_FS_PCD_Init  usb_otg.o
    0x0800b558   0x0800b558   0x00000004   Code   RO          807    i.MemManage_Handler  stm32h7xx_it.o
    0x0800b55c   0x0800b55c   0x00000004   Code   RO          808    i.NMI_Handler       stm32h7xx_it.o
    0x0800b560   0x0800b560   0x00000014   Code   RO         8935    i.OLED_Clear        oled.o
    0x0800b574   0x0800b574   0x00000090   Code   RO         8936    i.OLED_ClearArea    oled.o
    0x0800b604   0x0800b604   0x00000050   Code   RO         8945    i.OLED_I2C_Send_Data  oled.o
    0x0800b654   0x0800b654   0x0000009c   Code   RO         8946    i.OLED_Init         oled.o
    0x0800b6f0   0x0800b6f0   0x00000014   Code   RO         8948    i.OLED_Pow          oled.o
    0x0800b704   0x0800b704   0x00000022   Code   RO         8952    i.OLED_SetCursor    oled.o
    0x0800b726   0x0800b726   0x00000002   PAD
    0x0800b728   0x0800b728   0x00000054   Code   RO         8954    i.OLED_ShowChar     oled.o
    0x0800b77c   0x0800b77c   0x000000fc   Code   RO         8958    i.OLED_ShowImage    oled.o
    0x0800b878   0x0800b878   0x0000004c   Code   RO         8959    i.OLED_ShowNum      oled.o
    0x0800b8c4   0x0800b8c4   0x0000002e   Code   RO         8961    i.OLED_ShowString   oled.o
    0x0800b8f2   0x0800b8f2   0x00000002   PAD
    0x0800b8f4   0x0800b8f4   0x00000028   Code   RO         8962    i.OLED_Update       oled.o
    0x0800b91c   0x0800b91c   0x00000016   Code   RO         8964    i.OLED_WriteCommand  oled.o
    0x0800b932   0x0800b932   0x00000016   Code   RO         8965    i.OLED_WriteData    oled.o
    0x0800b948   0x0800b948   0x0000004c   Code   RO           16    i.PeriphCommonClock_Config  main.o
    0x0800b994   0x0800b994   0x00000164   Code   RO         2755    i.RCCEx_PLL2_Config  stm32h7xx_hal_rcc_ex.o
    0x0800baf8   0x0800baf8   0x00000164   Code   RO         2756    i.RCCEx_PLL3_Config  stm32h7xx_hal_rcc_ex.o
    0x0800bc5c   0x0800bc5c   0x00000010   Code   RO          809    i.SPI3_IRQHandler   stm32h7xx_it.o
    0x0800bc6c   0x0800bc6c   0x000000d6   Code   RO         5145    i.SPI_CloseTransfer  stm32h7xx_hal_spi.o
    0x0800bd42   0x0800bd42   0x0000001c   Code   RO         5146    i.SPI_DMAAbortOnError  stm32h7xx_hal_spi.o
    0x0800bd5e   0x0800bd5e   0x0000001a   Code   RO         5156    i.SPI_GetPacketSize  stm32h7xx_hal_spi.o
    0x0800bd78   0x0800bd78   0x0000003a   Code   RO          297    i.StartKeyTestTask  freertos.o
    0x0800bdb2   0x0800bdb2   0x00000002   PAD
    0x0800bdb4   0x0800bdb4   0x00000074   Code   RO          298    i.StartOledTestTask  freertos.o
    0x0800be28   0x0800be28   0x0000006c   Code   RO          299    i.StartpwmPrintTask  freertos.o
    0x0800be94   0x0800be94   0x00000016   Code   RO         8075    i.SysTick_Handler   cmsis_os2.o
    0x0800beaa   0x0800beaa   0x00000002   PAD
    0x0800beac   0x0800beac   0x000000d8   Code   RO           17    i.SystemClock_Config  main.o
    0x0800bf84   0x0800bf84   0x00000128   Code   RO         6818    i.SystemInit        system_stm32h7xx.o
    0x0800c0ac   0x0800c0ac   0x00000010   Code   RO          810    i.TIM16_IRQHandler  stm32h7xx_it.o
    0x0800c0bc   0x0800c0bc   0x00000010   Code   RO          811    i.TIM17_IRQHandler  stm32h7xx_it.o
    0x0800c0cc   0x0800c0cc   0x00000010   Code   RO          812    i.TIM3_IRQHandler   stm32h7xx_it.o
    0x0800c0dc   0x0800c0dc   0x00000010   Code   RO          813    i.TIM8_TRG_COM_TIM14_IRQHandler  stm32h7xx_it.o
    0x0800c0ec   0x0800c0ec   0x000000d4   Code   RO         1188    i.TIM_Base_SetConfig  stm32h7xx_hal_tim.o
    0x0800c1c0   0x0800c1c0   0x00000016   Code   RO         1199    i.TIM_ETR_SetConfig  stm32h7xx_hal_tim.o
    0x0800c1d6   0x0800c1d6   0x00000002   PAD
    0x0800c1d8   0x0800c1d8   0x00000018   Code   RO         1200    i.TIM_ITRx_SetConfig  stm32h7xx_hal_tim.o
    0x0800c1f0   0x0800c1f0   0x000000b0   Code   RO         1201    i.TIM_OC1_SetConfig  stm32h7xx_hal_tim.o
    0x0800c2a0   0x0800c2a0   0x000000b8   Code   RO         1202    i.TIM_OC2_SetConfig  stm32h7xx_hal_tim.o
    0x0800c358   0x0800c358   0x000000b8   Code   RO         1203    i.TIM_OC3_SetConfig  stm32h7xx_hal_tim.o
    0x0800c410   0x0800c410   0x00000074   Code   RO         1204    i.TIM_OC4_SetConfig  stm32h7xx_hal_tim.o
    0x0800c484   0x0800c484   0x00000070   Code   RO         1205    i.TIM_OC5_SetConfig  stm32h7xx_hal_tim.o
    0x0800c4f4   0x0800c4f4   0x00000070   Code   RO         1206    i.TIM_OC6_SetConfig  stm32h7xx_hal_tim.o
    0x0800c564   0x0800c564   0x0000006c   Code   RO         1208    i.TIM_TI1_ConfigInputStage  stm32h7xx_hal_tim.o
    0x0800c5d0   0x0800c5d0   0x0000006c   Code   RO         1210    i.TIM_TI2_ConfigInputStage  stm32h7xx_hal_tim.o
    0x0800c63c   0x0800c63c   0x00000010   Code   RO          814    i.UART4_IRQHandler  stm32h7xx_it.o
    0x0800c64c   0x0800c64c   0x00000010   Code   RO          815    i.UART5_IRQHandler  stm32h7xx_it.o
    0x0800c65c   0x0800c65c   0x00000010   Code   RO          816    i.UART7_IRQHandler  stm32h7xx_it.o
    0x0800c66c   0x0800c66c   0x00000010   Code   RO          817    i.UART8_IRQHandler  stm32h7xx_it.o
    0x0800c67c   0x0800c67c   0x00000058   Code   RO         5887    i.UARTEx_SetNbDataToProcess  stm32h7xx_hal_uart_ex.o
    0x0800c6d4   0x0800c6d4   0x000000f8   Code   RO         5491    i.UART_AdvFeatureConfig  stm32h7xx_hal_uart.o
    0x0800c7cc   0x0800c7cc   0x000000ea   Code   RO         5492    i.UART_CheckIdleState  stm32h7xx_hal_uart.o
    0x0800c8b6   0x0800c8b6   0x0000000e   Code   RO         5493    i.UART_DMAAbortOnError  stm32h7xx_hal_uart.o
    0x0800c8c4   0x0800c8c4   0x0000006c   Code   RO         5503    i.UART_EndRxTransfer  stm32h7xx_hal_uart.o
    0x0800c930   0x0800c930   0x00000030   Code   RO         5504    i.UART_EndTransmit_IT  stm32h7xx_hal_uart.o
    0x0800c960   0x0800c960   0x00000104   Code   RO         5506    i.UART_RxISR_16BIT  stm32h7xx_hal_uart.o
    0x0800ca64   0x0800ca64   0x00000200   Code   RO         5507    i.UART_RxISR_16BIT_FIFOEN  stm32h7xx_hal_uart.o
    0x0800cc64   0x0800cc64   0x00000104   Code   RO         5508    i.UART_RxISR_8BIT   stm32h7xx_hal_uart.o
    0x0800cd68   0x0800cd68   0x000001fc   Code   RO         5509    i.UART_RxISR_8BIT_FIFOEN  stm32h7xx_hal_uart.o
    0x0800cf64   0x0800cf64   0x0000058c   Code   RO         5510    i.UART_SetConfig    stm32h7xx_hal_uart.o
    0x0800d4f0   0x0800d4f0   0x0000015c   Code   RO         5512    i.UART_Start_Receive_IT  stm32h7xx_hal_uart.o
    0x0800d64c   0x0800d64c   0x000000ac   Code   RO         5517    i.UART_WaitOnFlagUntilTimeout  stm32h7xx_hal_uart.o
    0x0800d6f8   0x0800d6f8   0x00000010   Code   RO          818    i.USART1_IRQHandler  stm32h7xx_it.o
    0x0800d708   0x0800d708   0x00000010   Code   RO          819    i.USART2_IRQHandler  stm32h7xx_it.o
    0x0800d718   0x0800d718   0x00000010   Code   RO          820    i.USART3_IRQHandler  stm32h7xx_it.o
    0x0800d728   0x0800d728   0x00000010   Code   RO          821    i.USART6_IRQHandler  stm32h7xx_it.o
    0x0800d738   0x0800d738   0x000000a8   Code   RO         6310    i.USB_CoreInit      stm32h7xx_ll_usb.o
    0x0800d7e0   0x0800d7e0   0x00000062   Code   RO         6311    i.USB_CoreReset     stm32h7xx_ll_usb.o
    0x0800d842   0x0800d842   0x00000024   Code   RO         6316    i.USB_DevDisconnect  stm32h7xx_ll_usb.o
    0x0800d866   0x0800d866   0x00000002   PAD
    0x0800d868   0x0800d868   0x000001e0   Code   RO         6317    i.USB_DevInit       stm32h7xx_ll_usb.o
    0x0800da48   0x0800da48   0x0000000e   Code   RO         6318    i.USB_DisableGlobalInt  stm32h7xx_ll_usb.o
    0x0800da56   0x0800da56   0x00000050   Code   RO         6327    i.USB_FlushRxFifo   stm32h7xx_ll_usb.o
    0x0800daa6   0x0800daa6   0x00000054   Code   RO         6328    i.USB_FlushTxFifo   stm32h7xx_ll_usb.o
    0x0800dafa   0x0800dafa   0x0000000a   Code   RO         6332    i.USB_GetMode       stm32h7xx_ll_usb.o
    0x0800db04   0x0800db04   0x00000068   Code   RO         6348    i.USB_SetCurrentMode  stm32h7xx_ll_usb.o
    0x0800db6c   0x0800db6c   0x00000012   Code   RO         6350    i.USB_SetDevSpeed   stm32h7xx_ll_usb.o
    0x0800db7e   0x0800db7e   0x00000004   Code   RO          822    i.UsageFault_Handler  stm32h7xx_it.o
    0x0800db82   0x0800db82   0x00000002   PAD
    0x0800db84   0x0800db84   0x00000010   Code   RO         4067    i.__NVIC_GetPriorityGrouping  stm32h7xx_hal_cortex.o
    0x0800db94   0x0800db94   0x00000028   Code   RO         4068    i.__NVIC_SetPriority  stm32h7xx_hal_cortex.o
    0x0800dbbc   0x0800dbbc   0x0000000e   Code   RO         9306    i._is_digit         c_w.l(__printf_wp.o)
    0x0800dbca   0x0800dbca   0x00000004   Code   RO         8779    i._sys_exit         drv_uart.o
    0x0800dbce   0x0800dbce   0x00000002   PAD
    0x0800dbd0   0x0800dbd0   0x0000001c   Code   RO         8780    i.fputc             drv_uart.o
    0x0800dbec   0x0800dbec   0x0000000e   Code   RO         9183    i.get_s16_le        ano_to_h743_data_transmit.o
    0x0800dbfa   0x0800dbfa   0x0000000c   Code   RO         9184    i.get_u16_le        ano_to_h743_data_transmit.o
    0x0800dc06   0x0800dc06   0x00000078   Code   RO           18    i.main              main.o
    0x0800dc7e   0x0800dc7e   0x0000001e   Code   RO         8077    i.osDelay           cmsis_os2.o
    0x0800dc9c   0x0800dc9c   0x00000034   Code   RO         8091    i.osKernelInitialize  cmsis_os2.o
    0x0800dcd0   0x0800dcd0   0x00000068   Code   RO         8094    i.osKernelStart     cmsis_os2.o
    0x0800dd38   0x0800dd38   0x000000b8   Code   RO         8136    i.osThreadNew       cmsis_os2.o
    0x0800ddf0   0x0800ddf0   0x00000028   Code   RO         9185    i.param_back        ano_to_h743_data_transmit.o
    0x0800de18   0x0800de18   0x000000a8   Code   RO         7491    i.prvAddCurrentTaskToDelayedList  tasks.o
    0x0800dec0   0x0800dec0   0x000000f4   Code   RO         7492    i.prvAddNewTaskToReadyList  tasks.o
    0x0800dfb4   0x0800dfb4   0x00000074   Code   RO         7873    i.prvCheckForValidListAndQueue  timers.o
    0x0800e028   0x0800e028   0x00000048   Code   RO         7493    i.prvCheckTasksWaitingTermination  tasks.o
    0x0800e070   0x0800e070   0x0000002a   Code   RO         7054    i.prvCopyDataFromQueue  queue.o
    0x0800e09a   0x0800e09a   0x00000050   Code   RO         7494    i.prvDeleteTCB      tasks.o
    0x0800e0ea   0x0800e0ea   0x00000014   Code   RO         7056    i.prvGetDisinheritPriorityAfterTimeout  queue.o
    0x0800e0fe   0x0800e0fe   0x00000002   PAD
    0x0800e100   0x0800e100   0x00000028   Code   RO         7874    i.prvGetNextExpireTime  timers.o
    0x0800e128   0x0800e128   0x00000070   Code   RO         8601    i.prvHeapInit       heap_4.o
    0x0800e198   0x0800e198   0x00000028   Code   RO         7495    i.prvIdleTask       tasks.o
    0x0800e1c0   0x0800e1c0   0x0000002a   Code   RO         7058    i.prvInitialiseNewQueue  queue.o
    0x0800e1ea   0x0800e1ea   0x000000cc   Code   RO         7496    i.prvInitialiseNewTask  tasks.o
    0x0800e2b6   0x0800e2b6   0x00000002   PAD
    0x0800e2b8   0x0800e2b8   0x00000068   Code   RO         7497    i.prvInitialiseTaskLists  tasks.o
    0x0800e320   0x0800e320   0x00000068   Code   RO         8602    i.prvInsertBlockIntoFreeList  heap_4.o
    0x0800e388   0x0800e388   0x00000058   Code   RO         7876    i.prvInsertTimerInActiveList  timers.o
    0x0800e3e0   0x0800e3e0   0x0000001a   Code   RO         7059    i.prvIsQueueEmpty   queue.o
    0x0800e3fa   0x0800e3fa   0x00000002   PAD
    0x0800e3fc   0x0800e3fc   0x00000044   Code   RO         7877    i.prvProcessExpiredTimer  timers.o
    0x0800e440   0x0800e440   0x0000014c   Code   RO         7878    i.prvProcessReceivedCommands  timers.o
    0x0800e58c   0x0800e58c   0x00000074   Code   RO         7879    i.prvProcessTimerOrBlockTask  timers.o
    0x0800e600   0x0800e600   0x00000028   Code   RO         7880    i.prvReloadTimer    timers.o
    0x0800e628   0x0800e628   0x00000030   Code   RO         7499    i.prvResetNextTaskUnblockTime  tasks.o
    0x0800e658   0x0800e658   0x0000002c   Code   RO         7881    i.prvSampleTimeNow  timers.o
    0x0800e684   0x0800e684   0x00000044   Code   RO         7882    i.prvSwitchTimerLists  timers.o
    0x0800e6c8   0x0800e6c8   0x00000040   Code   RO         8663    i.prvTaskExitError  port.o
    0x0800e708   0x0800e708   0x0000001a   Code   RO         7883    i.prvTimerTask      timers.o
    0x0800e722   0x0800e722   0x0000007e   Code   RO         7061    i.prvUnlockQueue    queue.o
    0x0800e7a0   0x0800e7a0   0x00000148   Code   RO         8604    i.pvPortMalloc      heap_4.o
    0x0800e8e8   0x0800e8e8   0x00000020   Code   RO         7502    i.pvTaskIncrementMutexHeldCount  tasks.o
    0x0800e908   0x0800e908   0x0000002c   Code   RO         8664    i.pxPortInitialiseStack  port.o
    0x0800e934   0x0800e934   0x00000028   Code   RO         7014    i.uxListRemove      list.o
    0x0800e95c   0x0800e95c   0x0000000c   Code   RO         7505    i.uxTaskGetNumberOfTasks  tasks.o
    0x0800e968   0x0800e968   0x00000018   Code   RO         8148    i.vApplicationGetIdleTaskMemory  cmsis_os2.o
    0x0800e980   0x0800e980   0x00000018   Code   RO         8149    i.vApplicationGetTimerTaskMemory  cmsis_os2.o
    0x0800e998   0x0800e998   0x0000001a   Code   RO         7015    i.vListInitialise   list.o
    0x0800e9b2   0x0800e9b2   0x00000006   Code   RO         7016    i.vListInitialiseItem  list.o
    0x0800e9b8   0x0800e9b8   0x00000034   Code   RO         7017    i.vListInsert       list.o
    0x0800e9ec   0x0800e9ec   0x00000054   Code   RO         8666    i.vPortEnterCritical  port.o
    0x0800ea40   0x0800ea40   0x0000003c   Code   RO         8667    i.vPortExitCritical  port.o
    0x0800ea7c   0x0800ea7c   0x0000008c   Code   RO         8605    i.vPortFree         heap_4.o
    0x0800eb08   0x0800eb08   0x00000028   Code   RO         8668    i.vPortSetupTimerInterrupt  port.o
    0x0800eb30   0x0800eb30   0x00000078   Code   RO         8669    i.vPortValidateInterruptPriority  port.o
    0x0800eba8   0x0800eba8   0x00000060   Code   RO         7069    i.vQueueAddToRegistry  queue.o
    0x0800ec08   0x0800ec08   0x0000004a   Code   RO         7073    i.vQueueWaitForMessageRestricted  queue.o
    0x0800ec52   0x0800ec52   0x00000002   PAD
    0x0800ec54   0x0800ec54   0x0000005c   Code   RO         7512    i.vTaskDelay        tasks.o
    0x0800ecb0   0x0800ecb0   0x00000018   Code   RO         7517    i.vTaskInternalSetTimeOutState  tasks.o
    0x0800ecc8   0x0800ecc8   0x0000000c   Code   RO         7518    i.vTaskMissedYield  tasks.o
    0x0800ecd4   0x0800ecd4   0x00000038   Code   RO         7519    i.vTaskPlaceOnEventList  tasks.o
    0x0800ed0c   0x0800ed0c   0x00000068   Code   RO         7520    i.vTaskPlaceOnEventListRestricted  tasks.o
    0x0800ed74   0x0800ed74   0x0000010c   Code   RO         7522    i.vTaskPriorityDisinheritAfterTimeout  tasks.o
    0x0800ee80   0x0800ee80   0x000000c0   Code   RO         7528    i.vTaskStartScheduler  tasks.o
    0x0800ef40   0x0800ef40   0x00000010   Code   RO         7530    i.vTaskSuspendAll   tasks.o
    0x0800ef50   0x0800ef50   0x00000094   Code   RO         7531    i.vTaskSwitchContext  tasks.o
    0x0800efe4   0x0800efe4   0x00000168   Code   RO         8670    i.xPortStartScheduler  port.o
    0x0800f14c   0x0800f14c   0x00000034   Code   RO         8671    i.xPortSysTickHandler  port.o
    0x0800f180   0x0800f180   0x0000009a   Code   RO         7079    i.xQueueGenericCreateStatic  queue.o
    0x0800f21a   0x0800f21a   0x00000002   PAD
    0x0800f21c   0x0800f21c   0x000000dc   Code   RO         7081    i.xQueueGenericReset  queue.o
    0x0800f2f8   0x0800f2f8   0x00000112   Code   RO         7086    i.xQueueGiveFromISR  queue.o
    0x0800f40a   0x0800f40a   0x00000002   PAD
    0x0800f40c   0x0800f40c   0x00000168   Code   RO         7092    i.xQueueReceive     queue.o
    0x0800f574   0x0800f574   0x00000194   Code   RO         7094    i.xQueueSemaphoreTake  queue.o
    0x0800f708   0x0800f708   0x00000090   Code   RO         7533    i.xTaskCheckForTimeOut  tasks.o
    0x0800f798   0x0800f798   0x0000006c   Code   RO         7534    i.xTaskCreate       tasks.o
    0x0800f804   0x0800f804   0x000000c2   Code   RO         7535    i.xTaskCreateStatic  tasks.o
    0x0800f8c6   0x0800f8c6   0x00000002   PAD
    0x0800f8c8   0x0800f8c8   0x00000020   Code   RO         7542    i.xTaskGetSchedulerState  tasks.o
    0x0800f8e8   0x0800f8e8   0x0000000c   Code   RO         7544    i.xTaskGetTickCount  tasks.o
    0x0800f8f4   0x0800f8f4   0x000001cc   Code   RO         7546    i.xTaskIncrementTick  tasks.o
    0x0800fac0   0x0800fac0   0x000000e0   Code   RO         7548    i.xTaskPriorityInherit  tasks.o
    0x0800fba0   0x0800fba0   0x00000134   Code   RO         7549    i.xTaskRemoveFromEventList  tasks.o
    0x0800fcd4   0x0800fcd4   0x00000190   Code   RO         7550    i.xTaskResumeAll    tasks.o
    0x0800fe64   0x0800fe64   0x00000078   Code   RO         7892    i.xTimerCreateTimerTask  timers.o
    0x0800fedc   0x0800fedc   0x0000000a   Code   RO         9649    x$fpl$fpinit        fz_wv.l(fpinit.o)
    0x0800fee6   0x0800fee6   0x00000002   PAD
    0x0800fee8   0x0800fee8   0x0000006c   Data   RO          300    .constdata          freertos.o
    0x0800ff54   0x0800ff54   0x00000008   Data   RO         3356    .constdata          stm32h7xx_hal_dma.o
    0x0800ff5c   0x0800ff5c   0x00000018   Data   RO         5518    .constdata          stm32h7xx_hal_uart.o
    0x0800ff74   0x0800ff74   0x00000010   Data   RO         5889    .constdata          stm32h7xx_hal_uart_ex.o
    0x0800ff84   0x0800ff84   0x00000010   Data   RO         6819    .constdata          system_stm32h7xx.o
    0x0800ff94   0x0800ff94   0x00000aae   Data   RO         9164    .constdata          oled_data.o
    0x08010a42   0x08010a42   0x00000011   Data   RO         9314    .constdata          c_w.l(__printf_flags_ss_wp.o)
    0x08010a53   0x08010a53   0x00000001   PAD
    0x08010a54   0x08010a54   0x00000024   Data   RO          301    .conststring        freertos.o
    0x08010a78   0x08010a78   0x00000020   Data   RO         9705    Region$$Table       anon$$obj.o


    Execution Region RW_IRAM1 (Exec base: 0x20000000, Load base: 0x08010a98, Size: 0x00000000, Max: 0x00020000, ABSOLUTE)

    **** No section assigned to this execution region ****


    Execution Region RW_IRAM2 (Exec base: 0x24000000, Load base: 0x08010a98, Size: 0x00009e78, Max: 0x00080000, ABSOLUTE)

    Exec Addr    Load Addr    Size         Type   Attr      Idx    E Section Name        Object

    0x24000000   0x08010a98   0x0000000c   Data   RW          302    .data               freertos.o
    0x2400000c   0x08010aa4   0x00000004   Data   RW          386    .data               adc.o
    0x24000010   0x08010aa8   0x00000001   Data   RW          641    .data               usart.o
    0x24000011   0x08010aa9   0x00000003   PAD
    0x24000014   0x08010aac   0x00000004   Data   RW          732    .data               usb_otg.o
    0x24000018   0x08010ab0   0x00000009   Data   RW         4252    .data               stm32h7xx_hal.o
    0x24000021   0x08010ab9   0x00000003   PAD
    0x24000024   0x08010abc   0x00000008   Data   RW         6820    .data               system_stm32h7xx.o
    0x2400002c   0x08010ac4   0x00000040   Data   RW         7553    .data               tasks.o
    0x2400006c   0x08010b04   0x00000014   Data   RW         7903    .data               timers.o
    0x24000080   0x08010b18   0x00000004   Data   RW         8151    .data               cmsis_os2.o
    0x24000084   0x08010b1c   0x0000001c   Data   RW         8611    .data               heap_4.o
    0x240000a0   0x08010b38   0x0000000c   Data   RW         8672    .data               port.o
    0x240000ac   0x08010b44   0x00000004   Data   RW         8744    .data               drv_led.o
    0x240000b0   0x08010b48   0x00000004   Data   RW         8781    .data               drv_uart.o
    0x240000b4   0x08010b4c   0x00000050   Data   RW         8901    .data               key.o
    0x24000104   0x08010b9c   0x00000004   Data   RW         8968    .data               oled.o
    0x24000108   0x08010ba0   0x00000018   Data   RW         9187    .data               ano_to_h743_data_transmit.o
    0x24000120   0x08010bb8   0x00000005   Data   RW         9250    .data               fc_state.o
    0x24000125   0x08010bbd   0x00000003   PAD
    0x24000128        -       0x000001b8   Zero   RW          385    .bss                adc.o
    0x240002e0        -       0x00000054   Zero   RW          457    .bss                i2c.o
    0x24000334        -       0x00000088   Zero   RW          499    .bss                spi.o
    0x240003bc        -       0x00000588   Zero   RW          549    .bss                tim.o
    0x24000944        -       0x00000770   Zero   RW          640    .bss                usart.o
    0x240010b4        -       0x00000904   Zero   RW          731    .bss                usb_otg.o
    0x240019b8        -       0x0000004c   Zero   RW         1057    .bss                stm32h7xx_hal_timebase_tim.o
    0x24001a04        -       0x00000040   Zero   RW         7096    .bss                queue.o
    0x24001a44        -       0x000004c4   Zero   RW         7552    .bss                tasks.o
    0x24001f08        -       0x00000118   Zero   RW         7902    .bss                timers.o
    0x24002020        -       0x000006b8   Zero   RW         8150    .bss                cmsis_os2.o
    0x240026d8        -       0x00003c00   Zero   RW         8610    .bss                heap_4.o
    0x240062d8        -       0x00000400   Zero   RW         8967    .bss                oled.o
    0x240066d8        -       0x00000740   Zero   RW         9186    .bss                ano_to_h743_data_transmit.o
    0x24006e18        -       0x00000060   Zero   RW         9525    .bss                c_w.l(libspace.o)
    0x24006e78        -       0x00001000   Zero   RW            2    HEAP                startup_stm32h743xx.o
    0x24007e78        -       0x00002000   Zero   RW            1    STACK               startup_stm32h743xx.o


==============================================================================

Image component sizes


      Code (inc. data)   RO Data    RW Data    ZI Data      Debug   Object Name

       708         62          0          4        440       2814   adc.o
      1042         78          0         24       1856       6827   ano_to_h743_data_transmit.o
       490         34          0          4       1720      70275   cmsis_os2.o
       320          6          0          0          0        998   dma.o
       136         12          0          4          0       2255   drv_led.o
        32          6          0          4          0       3082   drv_uart.o
         0          0          0          0          0      24112   event_groups.o
         0          0          0          5          0        536   fc_state.o
       366        112        144         12          0       9117   freertos.o
       468         24          0          0          0       1259   gpio.o
       684         60          0         28      15360       5495   heap_4.o
       280         26          0          0         84       1785   i2c.o
       324          6          0         80          0       2019   key.o
       124          0          0          0          0       3037   list.o
       528         16          0          0          0    1368639   main.o
         0          0          0          0          0       2624   mpu_wrappers_v2.o
      1072         48          0          4       1024      10261   oled.o
         0          0       2734          0          0       1118   oled_data.o
      1014         92          0         12          0      11749   port.o
      1838         22          0          0         64      17327   queue.o
       264         22          0          0        136       1741   spi.o
        72         30        664          0      12288        828   startup_stm32h743xx.o
       204         44          0          9          0      23237   stm32h7xx_hal.o
      2532        228          0          0          0      69176   stm32h7xx_hal_adc.o
       376         20          0          0          0      63103   stm32h7xx_hal_adc_ex.o
       422         40          0          0          0      40380   stm32h7xx_hal_cortex.o
      7050        142          8          0          0      11402   stm32h7xx_hal_dma.o
       552         54          0          0          0       2843   stm32h7xx_hal_gpio.o
      6578        116          0          0          0      30968   stm32h7xx_hal_i2c.o
       262         10          0          0          0       2658   stm32h7xx_hal_i2c_ex.o
        48          6          0          0          0        894   stm32h7xx_hal_msp.o
       350          0          0          0          0       1443   stm32h7xx_hal_pcd.o
        40          4          0          0          0       1108   stm32h7xx_hal_pcd_ex.o
       116         12          0          0          0       1302   stm32h7xx_hal_pwr_ex.o
      3748        124          0          0          0       7533   stm32h7xx_hal_rcc.o
      8084        186          0          0          0      10759   stm32h7xx_hal_rcc_ex.o
      1370         18          0          0          0       7383   stm32h7xx_hal_spi.o
      3106        278          0          0          0      17808   stm32h7xx_hal_tim.o
       390         38          0          0          0       3992   stm32h7xx_hal_tim_ex.o
       148         20          0          0         76       1540   stm32h7xx_hal_timebase_tim.o
      5554        202         24          0          0      36405   stm32h7xx_hal_uart.o
       360         10         16          0          0       5390   stm32h7xx_hal_uart_ex.o
       518        186          0          0          0      17581   stm32h7xx_it.o
      1092         18          0          0          0       7545   stm32h7xx_ll_usb.o
         0          0          0          0          0        392   stream_buffer.o
       332         46         16          8          0       1817   system_stm32h7xx.o
      3798        374          0         64       1220      33432   tasks.o
      2068        160          0          0       1416       7387   tim.o
      1058        120          0         20        280      33876   timers.o
      2612        224          0          1       1904       8471   usart.o
       252         24          0          4       2308       1941   usb_otg.o

    ----------------------------------------------------------------------
     62842       3360       3638        296      40176    1999664   Object Totals
         0          0         32          0          0          0   (incl. Generated)
        60          0          0          9          0          0   (incl. Padding)

    ----------------------------------------------------------------------

      Code (inc. data)   RO Data    RW Data    ZI Data      Debug   Library Member Name

        24          4          0          0          0         84   __2printf.o
         8          0          0          0          0         68   __main.o
       392          4         17          0          0         92   __printf_flags_ss_wp.o
        14          0          0          0          0         68   __printf_wp.o
         0          0          0          0          0          0   __rtentry.o
        12          0          0          0          0          0   __rtentry2.o
         6          0          0          0          0          0   __rtentry4.o
        52          8          0          0          0          0   __scatter.o
        26          0          0          0          0          0   __scatter_copy.o
        28          0          0          0          0          0   __scatter_zi.o
        48          6          0          0          0         96   _printf_char_common.o
        36          4          0          0          0         80   _printf_char_file.o
         6          0          0          0          0          0   _printf_d.o
       120         16          0          0          0         92   _printf_dec.o
       178          0          0          0          0         88   _printf_intcommon.o
         0          0          0          0          0          0   _printf_percent.o
         4          0          0          0          0          0   _printf_percent_end.o
        16          0          0          0          0         68   aeabi_memset.o
        18          0          0          0          0         80   exit.o
         8          0          0          0          0         68   ferror.o
         6          0          0          0          0        152   heapauxi.o
         2          0          0          0          0          0   libinit.o
         6          0          0          0          0          0   libinit2.o
         2          0          0          0          0          0   libshutdown.o
         2          0          0          0          0          0   libshutdown2.o
         8          4          0          0         96         68   libspace.o
       238          0          0          0          0        100   lludivv7m.o
        68          0          0          0          0         68   rt_memclr.o
        78          0          0          0          0         80   rt_memclr_w.o
       138          0          0          0          0         68   rt_memcpy_v6.o
       100          0          0          0          0         80   rt_memcpy_w.o
         2          0          0          0          0          0   rtexit.o
        10          0          0          0          0          0   rtexit2.o
        74          0          0          0          0         80   sys_stackheap_outer.o
         2          0          0          0          0         68   use_no_semi.o
         2          0          0          0          0         68   use_no_semi_2.o
        10          0          0          0          0        116   fpinit.o

    ----------------------------------------------------------------------
      1750         46         18          0         96       1832   Library Totals
         6          0          1          0          0          0   (incl. Padding)

    ----------------------------------------------------------------------

      Code (inc. data)   RO Data    RW Data    ZI Data      Debug   Library Name

      1734         46         17          0         96       1716   c_w.l
        10          0          0          0          0        116   fz_wv.l

    ----------------------------------------------------------------------
      1750         46         18          0         96       1832   Library Totals

    ----------------------------------------------------------------------

==============================================================================


      Code (inc. data)   RO Data    RW Data    ZI Data      Debug   

     64592       3406       3656        296      40272    1966212   Grand Totals
     64592       3406       3656        296      40272    1966212   ELF Image Totals
     64592       3406       3656        296          0          0   ROM Totals

==============================================================================

    Total RO  Size (Code + RO Data)                68248 (  66.65kB)
    Total RW  Size (RW Data + ZI Data)             40568 (  39.62kB)
    Total ROM Size (Code + RO Data + RW Data)      68544 (  66.94kB)

==============================================================================

