<html>
<body>
<pre>
<h1>µVision Build Log</h1>
<h2>Tool Versions:</h2>
IDE-Version: ¦ÌVision V5.38.0.0
Copyright (C) 2022 ARM Ltd and ARM Germany GmbH. All rights reserved.
License Information: 79798 Lenovo, 7979, LIC=BUURY-IGLMQ-Z9RG9-4QVZX-IFF8B-FVIE5
 
Tool Versions:
Toolchain:       MDK-ARM Plus  Version: 5.38.0.0
Toolchain Path:  D:\Keil_v5\ARM\ARMCC\Bin
C Compiler:      Armcc.exe V5.06 update 7 (build 960)
Assembler:       Armasm.exe V5.06 update 7 (build 960)
Linker/Locator:  ArmLink.exe V5.06 update 7 (build 960)
Library Manager: ArmAr.exe V5.06 update 7 (build 960)
Hex Converter:   FromElf.exe V5.06 update 7 (build 960)
CPU DLL:         SARMCM3.DLL V5.38.0.0
Dialog DLL:      DCM.DLL V1.17.5.0
Target DLL:      STLink\ST-LINKIII-KEIL_SWO.dll V3.1.0.0
Dialog DLL:      TCM.DLL V1.56.4.0
 
<h2>Project:</h2>
D:\GitHub\LX_FC\MDK-ARM\323232.uvprojx
Project File Date:  07/20/2026

<h2>Output:</h2>
*** Using Compiler 'V5.06 update 7 (build 960)', folder: 'D:\Keil_v5\ARM\ARMCC\Bin'
Rebuild target '323232'
assembling startup_stm32h743xx.s...
compiling gpio.c...
../Drivers/CMSIS/Include/cachel1_armv7.h(188): warning:  #1041-D: alignment for an auto object may not be larger than 8
      } locals
../Core/Src/gpio.c: 1 warning, 0 errors
compiling dma.c...
../Drivers/CMSIS/Include/cachel1_armv7.h(188): warning:  #1041-D: alignment for an auto object may not be larger than 8
      } locals
../Core/Src/dma.c: 1 warning, 0 errors
compiling stm32h7xx_it.c...
../Drivers/CMSIS/Include/cachel1_armv7.h(188): warning:  #1041-D: alignment for an auto object may not be larger than 8
      } locals
../Core/Src/stm32h7xx_it.c: 1 warning, 0 errors
compiling stm32h7xx_hal_timebase_tim.c...
../Drivers/CMSIS/Include/cachel1_armv7.h(188): warning:  #1041-D: alignment for an auto object may not be larger than 8
      } locals
../Core/Src/stm32h7xx_hal_timebase_tim.c: 1 warning, 0 errors
compiling tim.c...
../Drivers/CMSIS/Include/cachel1_armv7.h(188): warning:  #1041-D: alignment for an auto object may not be larger than 8
      } locals
../Core/Src/tim.c: 1 warning, 0 errors
compiling i2c.c...
../Drivers/CMSIS/Include/cachel1_armv7.h(188): warning:  #1041-D: alignment for an auto object may not be larger than 8
      } locals
../Core/Src/i2c.c: 1 warning, 0 errors
compiling spi.c...
../Drivers/CMSIS/Include/cachel1_armv7.h(188): warning:  #1041-D: alignment for an auto object may not be larger than 8
      } locals
../Core/Src/spi.c: 1 warning, 0 errors
compiling stm32h7xx_hal_msp.c...
../Drivers/CMSIS/Include/cachel1_armv7.h(188): warning:  #1041-D: alignment for an auto object may not be larger than 8
      } locals
../Core/Src/stm32h7xx_hal_msp.c: 1 warning, 0 errors
compiling adc.c...
../Drivers/CMSIS/Include/cachel1_armv7.h(188): warning:  #1041-D: alignment for an auto object may not be larger than 8
      } locals
../Core/Src/adc.c: 1 warning, 0 errors
compiling main.c...
../Drivers/CMSIS/Include/cachel1_armv7.h(188): warning:  #1041-D: alignment for an auto object may not be larger than 8
      } locals
../Core/Src/main.c: 1 warning, 0 errors
compiling usb_otg.c...
../Drivers/CMSIS/Include/cachel1_armv7.h(188): warning:  #1041-D: alignment for an auto object may not be larger than 8
      } locals
../Core/Src/usb_otg.c: 1 warning, 0 errors
compiling usart.c...
../Drivers/CMSIS/Include/cachel1_armv7.h(188): warning:  #1041-D: alignment for an auto object may not be larger than 8
      } locals
../Core/Src/usart.c: 1 warning, 0 errors
compiling freertos.c...
../Drivers/CMSIS/Include/cachel1_armv7.h(188): warning:  #1041-D: alignment for an auto object may not be larger than 8
      } locals
../Core/Src/freertos.c: 1 warning, 0 errors
compiling stm32h7xx_hal_mdma.c...
../Drivers/CMSIS/Include/cachel1_armv7.h(188): warning:  #1041-D: alignment for an auto object may not be larger than 8
      } locals
../Drivers/STM32H7xx_HAL_Driver/Src/stm32h7xx_hal_mdma.c: 1 warning, 0 errors
compiling stm32h7xx_hal_gpio.c...
../Drivers/CMSIS/Include/cachel1_armv7.h(188): warning:  #1041-D: alignment for an auto object may not be larger than 8
      } locals
../Drivers/STM32H7xx_HAL_Driver/Src/stm32h7xx_hal_gpio.c: 1 warning, 0 errors
compiling stm32h7xx_hal_tim_ex.c...
../Drivers/CMSIS/Include/cachel1_armv7.h(188): warning:  #1041-D: alignment for an auto object may not be larger than 8
      } locals
../Drivers/STM32H7xx_HAL_Driver/Src/stm32h7xx_hal_tim_ex.c: 1 warning, 0 errors
compiling stm32h7xx_hal_dma_ex.c...
../Drivers/CMSIS/Include/cachel1_armv7.h(188): warning:  #1041-D: alignment for an auto object may not be larger than 8
      } locals
../Drivers/STM32H7xx_HAL_Driver/Src/stm32h7xx_hal_dma_ex.c: 1 warning, 0 errors
compiling stm32h7xx_hal_flash_ex.c...
../Drivers/CMSIS/Include/cachel1_armv7.h(188): warning:  #1041-D: alignment for an auto object may not be larger than 8
      } locals
../Drivers/STM32H7xx_HAL_Driver/Src/stm32h7xx_hal_flash_ex.c: 1 warning, 0 errors
compiling stm32h7xx_hal_adc_ex.c...
../Drivers/CMSIS/Include/cachel1_armv7.h(188): warning:  #1041-D: alignment for an auto object may not be larger than 8
      } locals
../Drivers/STM32H7xx_HAL_Driver/Src/stm32h7xx_hal_adc_ex.c: 1 warning, 0 errors
compiling stm32h7xx_hal_flash.c...
../Drivers/CMSIS/Include/cachel1_armv7.h(188): warning:  #1041-D: alignment for an auto object may not be larger than 8
      } locals
../Drivers/STM32H7xx_HAL_Driver/Src/stm32h7xx_hal_flash.c: 1 warning, 0 errors
compiling stm32h7xx_hal_hsem.c...
../Drivers/CMSIS/Include/cachel1_armv7.h(188): warning:  #1041-D: alignment for an auto object may not be larger than 8
      } locals
../Drivers/STM32H7xx_HAL_Driver/Src/stm32h7xx_hal_hsem.c: 1 warning, 0 errors
compiling stm32h7xx_hal_tim.c...
../Drivers/CMSIS/Include/cachel1_armv7.h(188): warning:  #1041-D: alignment for an auto object may not be larger than 8
      } locals
../Drivers/STM32H7xx_HAL_Driver/Src/stm32h7xx_hal_tim.c: 1 warning, 0 errors
compiling stm32h7xx_hal_adc.c...
../Drivers/CMSIS/Include/cachel1_armv7.h(188): warning:  #1041-D: alignment for an auto object may not be larger than 8
      } locals
../Drivers/STM32H7xx_HAL_Driver/Src/stm32h7xx_hal_adc.c: 1 warning, 0 errors
compiling stm32h7xx_hal_rcc_ex.c...
../Drivers/CMSIS/Include/cachel1_armv7.h(188): warning:  #1041-D: alignment for an auto object may not be larger than 8
      } locals
../Drivers/STM32H7xx_HAL_Driver/Src/stm32h7xx_hal_rcc_ex.c: 1 warning, 0 errors
compiling stm32h7xx_hal_rcc.c...
../Drivers/CMSIS/Include/cachel1_armv7.h(188): warning:  #1041-D: alignment for an auto object may not be larger than 8
      } locals
../Drivers/STM32H7xx_HAL_Driver/Src/stm32h7xx_hal_rcc.c: 1 warning, 0 errors
compiling stm32h7xx_hal_dma.c...
../Drivers/CMSIS/Include/cachel1_armv7.h(188): warning:  #1041-D: alignment for an auto object may not be larger than 8
      } locals
../Drivers/STM32H7xx_HAL_Driver/Src/stm32h7xx_hal_dma.c: 1 warning, 0 errors
compiling stm32h7xx_hal_pwr.c...
../Drivers/CMSIS/Include/cachel1_armv7.h(188): warning:  #1041-D: alignment for an auto object may not be larger than 8
      } locals
../Drivers/STM32H7xx_HAL_Driver/Src/stm32h7xx_hal_pwr.c: 1 warning, 0 errors
compiling stm32h7xx_hal_i2c_ex.c...
../Drivers/CMSIS/Include/cachel1_armv7.h(188): warning:  #1041-D: alignment for an auto object may not be larger than 8
      } locals
../Drivers/STM32H7xx_HAL_Driver/Src/stm32h7xx_hal_i2c_ex.c: 1 warning, 0 errors
compiling stm32h7xx_hal_exti.c...
../Drivers/CMSIS/Include/cachel1_armv7.h(188): warning:  #1041-D: alignment for an auto object may not be larger than 8
      } locals
../Drivers/STM32H7xx_HAL_Driver/Src/stm32h7xx_hal_exti.c: 1 warning, 0 errors
compiling stm32h7xx_hal_spi.c...
../Drivers/CMSIS/Include/cachel1_armv7.h(188): warning:  #1041-D: alignment for an auto object may not be larger than 8
      } locals
../Drivers/STM32H7xx_HAL_Driver/Src/stm32h7xx_hal_spi.c: 1 warning, 0 errors
compiling stm32h7xx_hal.c...
../Drivers/CMSIS/Include/cachel1_armv7.h(188): warning:  #1041-D: alignment for an auto object may not be larger than 8
      } locals
../Drivers/STM32H7xx_HAL_Driver/Src/stm32h7xx_hal.c: 1 warning, 0 errors
compiling stm32h7xx_hal_cortex.c...
../Drivers/CMSIS/Include/cachel1_armv7.h(188): warning:  #1041-D: alignment for an auto object may not be larger than 8
      } locals
../Drivers/STM32H7xx_HAL_Driver/Src/stm32h7xx_hal_cortex.c: 1 warning, 0 errors
compiling croutine.c...
compiling mpu_wrappers_v2.c...
compiling event_groups.c...
compiling list.c...
compiling queue.c...
compiling stream_buffer.c...
compiling stm32h7xx_hal_spi_ex.c...
../Drivers/CMSIS/Include/cachel1_armv7.h(188): warning:  #1041-D: alignment for an auto object may not be larger than 8
      } locals
../Drivers/STM32H7xx_HAL_Driver/Src/stm32h7xx_hal_spi_ex.c: 1 warning, 0 errors
compiling timers.c...
compiling tasks.c...
compiling heap_4.c...
compiling stm32h7xx_hal_uart_ex.c...
../Drivers/CMSIS/Include/cachel1_armv7.h(188): warning:  #1041-D: alignment for an auto object may not be larger than 8
      } locals
../Drivers/STM32H7xx_HAL_Driver/Src/stm32h7xx_hal_uart_ex.c: 1 warning, 0 errors
compiling port.c...
compiling stm32h7xx_hal_uart.c...
../Drivers/CMSIS/Include/cachel1_armv7.h(188): warning:  #1041-D: alignment for an auto object may not be larger than 8
      } locals
../Drivers/STM32H7xx_HAL_Driver/Src/stm32h7xx_hal_uart.c: 1 warning, 0 errors
compiling stm32h7xx_hal_pcd_ex.c...
../Drivers/CMSIS/Include/cachel1_armv7.h(188): warning:  #1041-D: alignment for an auto object may not be larger than 8
      } locals
../Drivers/STM32H7xx_HAL_Driver/Src/stm32h7xx_hal_pcd_ex.c: 1 warning, 0 errors
compiling stm32h7xx_hal_pcd.c...
../Drivers/CMSIS/Include/cachel1_armv7.h(188): warning:  #1041-D: alignment for an auto object may not be larger than 8
      } locals
../Drivers/STM32H7xx_HAL_Driver/Src/stm32h7xx_hal_pcd.c: 1 warning, 0 errors
compiling OLED_Data.c...
compiling stm32h7xx_hal_pwr_ex.c...
../Drivers/CMSIS/Include/cachel1_armv7.h(188): warning:  #1041-D: alignment for an auto object may not be larger than 8
      } locals
../Drivers/STM32H7xx_HAL_Driver/Src/stm32h7xx_hal_pwr_ex.c: 1 warning, 0 errors
compiling stm32h7xx_hal_i2c.c...
../Drivers/CMSIS/Include/cachel1_armv7.h(188): warning:  #1041-D: alignment for an auto object may not be larger than 8
      } locals
../Drivers/STM32H7xx_HAL_Driver/Src/stm32h7xx_hal_i2c.c: 1 warning, 0 errors
compiling stm32h7xx_ll_usb.c...
../Drivers/CMSIS/Include/cachel1_armv7.h(188): warning:  #1041-D: alignment for an auto object may not be larger than 8
      } locals
../Drivers/STM32H7xx_HAL_Driver/Src/stm32h7xx_ll_usb.c: 1 warning, 0 errors
compiling system_stm32h7xx.c...
../Drivers/CMSIS/Include/cachel1_armv7.h(188): warning:  #1041-D: alignment for an auto object may not be larger than 8
      } locals
../Core/Src/system_stm32h7xx.c: 1 warning, 0 errors
compiling stm32h7xx_hal_hcd.c...
../Drivers/CMSIS/Include/cachel1_armv7.h(188): warning:  #1041-D: alignment for an auto object may not be larger than 8
      } locals
../Drivers/STM32H7xx_HAL_Driver/Src/stm32h7xx_hal_hcd.c: 1 warning, 0 errors
compiling Drv_adc.c...
../Drivers/CMSIS/Include/cachel1_armv7.h(188): warning:  #1041-D: alignment for an auto object may not be larger than 8
      } locals
DriversMCU\Drv_adc.c: 1 warning, 0 errors
compiling Drv_led.c...
../Drivers/CMSIS/Include/cachel1_armv7.h(188): warning:  #1041-D: alignment for an auto object may not be larger than 8
      } locals
DriversMCU\Drv_led.c: 1 warning, 0 errors
compiling fifo.c...
../Drivers/CMSIS/Include/cachel1_armv7.h(188): warning:  #1041-D: alignment for an auto object may not be larger than 8
      } locals
DriversMCU\fifo.c: 1 warning, 0 errors
compiling Key.c...
../Drivers/CMSIS/Include/cachel1_armv7.h(188): warning:  #1041-D: alignment for an auto object may not be larger than 8
      } locals
DriversMCU\Key.c: 1 warning, 0 errors
compiling FC_State.c...
../Drivers/CMSIS/Include/cachel1_armv7.h(188): warning:  #1041-D: alignment for an auto object may not be larger than 8
      } locals
FcSrc\FC_State.c: 1 warning, 0 errors
compiling cmsis_os2.c...
../Drivers/CMSIS/Include/cachel1_armv7.h(188): warning:  #1041-D: alignment for an auto object may not be larger than 8
      } locals
../Middlewares/Third_Party/FreeRTOS/Source/CMSIS_RTOS_V2/cmsis_os2.c: 1 warning, 0 errors
compiling Drv_Menu.c...
../Drivers/CMSIS/Include/cachel1_armv7.h(188): warning:  #1041-D: alignment for an auto object may not be larger than 8
      } locals
DriversMCU\Drv_Menu.c: 1 warning, 0 errors
compiling ANO_TO_H743_Data_Transmit.c...
../Drivers/CMSIS/Include/cachel1_armv7.h(188): warning:  #1041-D: alignment for an auto object may not be larger than 8
      } locals
FcSrc\ANO_TO_H743_Data_Transmit.c: 1 warning, 0 errors
compiling OLED.c...
../Drivers/CMSIS/Include/cachel1_armv7.h(188): warning:  #1041-D: alignment for an auto object may not be larger than 8
      } locals
DriversMCU\OLED.c: 1 warning, 0 errors
compiling Drv_Uart.c...
../Drivers/CMSIS/Include/cachel1_armv7.h(188): warning:  #1041-D: alignment for an auto object may not be larger than 8
      } locals
DriversMCU\Drv_Uart.c: 1 warning, 0 errors
compiling RC_Channel.c...
../Drivers/CMSIS/Include/cachel1_armv7.h(188): warning:  #1041-D: alignment for an auto object may not be larger than 8
      } locals
FcSrc\RC_Channel.c: 1 warning, 0 errors
compiling Kalman_Filter.c...
compiling To_LX_Fun.c...
../Drivers/CMSIS/Include/cachel1_armv7.h(188): warning:  #1041-D: alignment for an auto object may not be larger than 8
      } locals
FcSrc\To_LX_Fun.c: 1 warning, 0 errors
compiling Adaptive_PID.c...
../Drivers/CMSIS/Include/cachel1_armv7.h(188): warning:  #1041-D: alignment for an auto object may not be larger than 8
      } locals
Algorithm\Adaptive_PID.c: 1 warning, 0 errors
compiling Map_Update.c...
../Drivers/CMSIS/Include/cachel1_armv7.h(188): warning:  #1041-D: alignment for an auto object may not be larger than 8
      } locals
Algorithm\Map_Update.c: 1 warning, 0 errors
compiling JetsonNano_Data_Transmit.c...
../Drivers/CMSIS/Include/cachel1_armv7.h(188): warning:  #1041-D: alignment for an auto object may not be larger than 8
      } locals
FcSrc\JetsonNano_Data_Transmit.c: 1 warning, 0 errors
compiling Of_Radar_Fusion.c...
../Drivers/CMSIS/Include/cachel1_armv7.h(188): warning:  #1041-D: alignment for an auto object may not be larger than 8
      } locals
FcSrc\Of_Radar_Fusion.c: 1 warning, 0 errors
compiling Freq_Detector.c...
../Drivers/CMSIS/Include/cachel1_armv7.h(188): warning:  #1041-D: alignment for an auto object may not be larger than 8
      } locals
Algorithm\Freq_Detector.c: 1 warning, 0 errors
compiling User_Task.c...
../Drivers/CMSIS/Include/cachel1_armv7.h(188): warning:  #1041-D: alignment for an auto object may not be larger than 8
      } locals
Protocol\User_Task.c: 1 warning, 0 errors
compiling Remote_Control.c...
../Drivers/CMSIS/Include/cachel1_armv7.h(188): warning:  #1041-D: alignment for an auto object may not be larger than 8
      } locals
FcSrc\Remote_Control.c: 1 warning, 0 errors
compiling Radar_Position.c...
../Drivers/CMSIS/Include/cachel1_armv7.h(188): warning:  #1041-D: alignment for an auto object may not be larger than 8
      } locals
FcSrc\Radar_Position.c: 1 warning, 0 errors
compiling Optical_Flow_Sensor.c...
../Drivers/CMSIS/Include/cachel1_armv7.h(188): warning:  #1041-D: alignment for an auto object may not be larger than 8
      } locals
Protocol\Optical_Flow_Sensor.c: 1 warning, 0 errors
compiling Point_Navigation.c...
../Drivers/CMSIS/Include/cachel1_armv7.h(188): warning:  #1041-D: alignment for an auto object may not be larger than 8
      } locals
Algorithm\Point_Navigation.c: 1 warning, 0 errors
compiling PWM.c...
../Drivers/CMSIS/Include/cachel1_armv7.h(188): warning:  #1041-D: alignment for an auto object may not be larger than 8
      } locals
FcSrc\PWM.c: 1 warning, 0 errors
compiling WayPoint_Mission.c...
../Drivers/CMSIS/Include/cachel1_armv7.h(188): warning:  #1041-D: alignment for an auto object may not be larger than 8
      } locals
Algorithm\WayPoint_Mission.c: 1 warning, 0 errors
linking...
Program Size: Code=95020 RO-data=4040 RW-data=720 ZI-data=49040  
FromELF: creating hex file...
"323232\323232.axf" - 0 Error(s), 66 Warning(s).

<h2>Software Packages used:</h2>

Package Vendor: ARM
                http://www.keil.com/pack/ARM.CMSIS.5.9.0.pack
                ARM.CMSIS.5.9.0
                CMSIS (Common Microcontroller Software Interface Standard)
   * Component: CORE Version: 5.6.0

Package Vendor: Keil
                https://www.keil.com/pack/Keil.STM32H7xx_DFP.4.1.0.pack
                Keil.STM32H7xx_DFP.4.1.0
                STMicroelectronics STM32H7 Series Device Support

<h2>Collection of Component include folders:</h2>
  ./RTE/_323232
  D:/Users/Lenovo/AppData/Local/Arm/Packs/ARM/CMSIS/5.9.0/CMSIS/Core/Include

<h2>Collection of Component Files used:</h2>

   * Component: ARM::CMSIS:CORE:5.6.0
      Include file:  CMSIS/Core/Include/tz_context.h
Build Time Elapsed:  00:01:59
</pre>
</body>
</html>
