Component: ARM Compiler 5.06 update 7 (build 960) Tool: armlink [4d3601]

==============================================================================

Section Cross References

    startup_stm32h743xx.o(STACK) refers (Special) to heapauxi.o(.text) for __use_two_region_memory
    startup_stm32h743xx.o(HEAP) refers (Special) to heapauxi.o(.text) for __use_two_region_memory
    startup_stm32h743xx.o(RESET) refers (Special) to heapauxi.o(.text) for __use_two_region_memory
    startup_stm32h743xx.o(RESET) refers to startup_stm32h743xx.o(STACK) for __initial_sp
    startup_stm32h743xx.o(RESET) refers to startup_stm32h743xx.o(.text) for Reset_Handler
    startup_stm32h743xx.o(RESET) refers to stm32h7xx_it.o(i.NMI_Handler) for NMI_Handler
    startup_stm32h743xx.o(RESET) refers to stm32h7xx_it.o(i.HardFault_Handler) for HardFault_Handler
    startup_stm32h743xx.o(RESET) refers to stm32h7xx_it.o(i.MemManage_Handler) for MemManage_Handler
    startup_stm32h743xx.o(RESET) refers to stm32h7xx_it.o(i.BusFault_Handler) for BusFault_Handler
    startup_stm32h743xx.o(RESET) refers to stm32h7xx_it.o(i.UsageFault_Handler) for UsageFault_Handler
    startup_stm32h743xx.o(RESET) refers to port.o(.emb_text) for SVC_Handler
    startup_stm32h743xx.o(RESET) refers to stm32h7xx_it.o(i.DebugMon_Handler) for DebugMon_Handler
    startup_stm32h743xx.o(RESET) refers to cmsis_os2.o(i.SysTick_Handler) for SysTick_Handler
    startup_stm32h743xx.o(RESET) refers to stm32h7xx_it.o(i.DMA1_Stream0_IRQHandler) for DMA1_Stream0_IRQHandler
    startup_stm32h743xx.o(RESET) refers to stm32h7xx_it.o(i.DMA1_Stream1_IRQHandler) for DMA1_Stream1_IRQHandler
    startup_stm32h743xx.o(RESET) refers to stm32h7xx_it.o(i.DMA1_Stream2_IRQHandler) for DMA1_Stream2_IRQHandler
    startup_stm32h743xx.o(RESET) refers to stm32h7xx_it.o(i.DMA1_Stream3_IRQHandler) for DMA1_Stream3_IRQHandler
    startup_stm32h743xx.o(RESET) refers to stm32h7xx_it.o(i.DMA1_Stream4_IRQHandler) for DMA1_Stream4_IRQHandler
    startup_stm32h743xx.o(RESET) refers to stm32h7xx_it.o(i.DMA1_Stream5_IRQHandler) for DMA1_Stream5_IRQHandler
    startup_stm32h743xx.o(RESET) refers to stm32h7xx_it.o(i.DMA1_Stream6_IRQHandler) for DMA1_Stream6_IRQHandler
    startup_stm32h743xx.o(RESET) refers to stm32h7xx_it.o(i.TIM3_IRQHandler) for TIM3_IRQHandler
    startup_stm32h743xx.o(RESET) refers to stm32h7xx_it.o(i.I2C1_EV_IRQHandler) for I2C1_EV_IRQHandler
    startup_stm32h743xx.o(RESET) refers to stm32h7xx_it.o(i.I2C1_ER_IRQHandler) for I2C1_ER_IRQHandler
    startup_stm32h743xx.o(RESET) refers to stm32h7xx_it.o(i.USART1_IRQHandler) for USART1_IRQHandler
    startup_stm32h743xx.o(RESET) refers to stm32h7xx_it.o(i.USART2_IRQHandler) for USART2_IRQHandler
    startup_stm32h743xx.o(RESET) refers to stm32h7xx_it.o(i.USART3_IRQHandler) for USART3_IRQHandler
    startup_stm32h743xx.o(RESET) refers to stm32h7xx_it.o(i.TIM8_TRG_COM_TIM14_IRQHandler) for TIM8_TRG_COM_TIM14_IRQHandler
    startup_stm32h743xx.o(RESET) refers to stm32h7xx_it.o(i.DMA1_Stream7_IRQHandler) for DMA1_Stream7_IRQHandler
    startup_stm32h743xx.o(RESET) refers to stm32h7xx_it.o(i.SPI3_IRQHandler) for SPI3_IRQHandler
    startup_stm32h743xx.o(RESET) refers to stm32h7xx_it.o(i.UART4_IRQHandler) for UART4_IRQHandler
    startup_stm32h743xx.o(RESET) refers to stm32h7xx_it.o(i.UART5_IRQHandler) for UART5_IRQHandler
    startup_stm32h743xx.o(RESET) refers to stm32h7xx_it.o(i.DMA2_Stream0_IRQHandler) for DMA2_Stream0_IRQHandler
    startup_stm32h743xx.o(RESET) refers to stm32h7xx_it.o(i.DMA2_Stream1_IRQHandler) for DMA2_Stream1_IRQHandler
    startup_stm32h743xx.o(RESET) refers to stm32h7xx_it.o(i.DMA2_Stream2_IRQHandler) for DMA2_Stream2_IRQHandler
    startup_stm32h743xx.o(RESET) refers to stm32h7xx_it.o(i.DMA2_Stream3_IRQHandler) for DMA2_Stream3_IRQHandler
    startup_stm32h743xx.o(RESET) refers to stm32h7xx_it.o(i.DMA2_Stream4_IRQHandler) for DMA2_Stream4_IRQHandler
    startup_stm32h743xx.o(RESET) refers to stm32h7xx_it.o(i.DMA2_Stream5_IRQHandler) for DMA2_Stream5_IRQHandler
    startup_stm32h743xx.o(RESET) refers to stm32h7xx_it.o(i.DMA2_Stream6_IRQHandler) for DMA2_Stream6_IRQHandler
    startup_stm32h743xx.o(RESET) refers to stm32h7xx_it.o(i.DMA2_Stream7_IRQHandler) for DMA2_Stream7_IRQHandler
    startup_stm32h743xx.o(RESET) refers to stm32h7xx_it.o(i.USART6_IRQHandler) for USART6_IRQHandler
    startup_stm32h743xx.o(RESET) refers to stm32h7xx_it.o(i.UART7_IRQHandler) for UART7_IRQHandler
    startup_stm32h743xx.o(RESET) refers to stm32h7xx_it.o(i.UART8_IRQHandler) for UART8_IRQHandler
    startup_stm32h743xx.o(RESET) refers to stm32h7xx_it.o(i.TIM16_IRQHandler) for TIM16_IRQHandler
    startup_stm32h743xx.o(RESET) refers to stm32h7xx_it.o(i.TIM17_IRQHandler) for TIM17_IRQHandler
    startup_stm32h743xx.o(.text) refers (Special) to heapauxi.o(.text) for __use_two_region_memory
    startup_stm32h743xx.o(.text) refers to system_stm32h7xx.o(i.ExitRun0Mode) for ExitRun0Mode
[...]
    vTaskDelay                               0x08012049   Thumb Code    82  tasks.o(i.vTaskDelay)
    vTaskGenericNotifyGiveFromISR            0x080120a5   Thumb Code   386  tasks.o(i.vTaskGenericNotifyGiveFromISR)
    vTaskInternalSetTimeOutState             0x08012241   Thumb Code    14  tasks.o(i.vTaskInternalSetTimeOutState)
    vTaskMissedYield                         0x08012259   Thumb Code     8  tasks.o(i.vTaskMissedYield)
    vTaskPlaceOnEventList                    0x08012265   Thumb Code    52  tasks.o(i.vTaskPlaceOnEventList)
    vTaskPlaceOnEventListRestricted          0x0801229d   Thumb Code    98  tasks.o(i.vTaskPlaceOnEventListRestricted)
    vTaskPriorityDisinheritAfterTimeout      0x08012305   Thumb Code   256  tasks.o(i.vTaskPriorityDisinheritAfterTimeout)
    vTaskStartScheduler                      0x08012411   Thumb Code   160  tasks.o(i.vTaskStartScheduler)
    vTaskSuspendAll                          0x080124d1   Thumb Code    12  tasks.o(i.vTaskSuspendAll)
    vTaskSwitchContext                       0x080124e1   Thumb Code   126  tasks.o(i.vTaskSwitchContext)
    xPortStartScheduler                      0x08012575   Thumb Code   330  port.o(i.xPortStartScheduler)
    xPortSysTickHandler                      0x080126dd   Thumb Code    46  port.o(i.xPortSysTickHandler)
    xQueueCreateCountingSemaphore            0x08012711   Thumb Code    60  queue.o(i.xQueueCreateCountingSemaphore)
    xQueueCreateCountingSemaphoreStatic      0x0801274d   Thumb Code    68  queue.o(i.xQueueCreateCountingSemaphoreStatic)
    xQueueGenericCreate                      0x08012791   Thumb Code   108  queue.o(i.xQueueGenericCreate)
    xQueueGenericCreateStatic                0x080127fd   Thumb Code   154  queue.o(i.xQueueGenericCreateStatic)
    xQueueGenericReset                       0x08012899   Thumb Code   214  queue.o(i.xQueueGenericReset)
    xQueueGenericSend                        0x08012975   Thumb Code   420  queue.o(i.xQueueGenericSend)
    xQueueGiveFromISR                        0x08012b1d   Thumb Code   274  queue.o(i.xQueueGiveFromISR)
    xQueueReceive                            0x08012c31   Thumb Code   356  queue.o(i.xQueueReceive)
    xQueueSemaphoreTake                      0x08012d99   Thumb Code   398  queue.o(i.xQueueSemaphoreTake)
    xTaskCheckForTimeOut                     0x08012f2d   Thumb Code   136  tasks.o(i.xTaskCheckForTimeOut)
    xTaskCreate                              0x08012fbd   Thumb Code   108  tasks.o(i.xTaskCreate)
    xTaskCreateStatic                        0x08013029   Thumb Code   194  tasks.o(i.xTaskCreateStatic)
    xTaskGetCurrentTaskHandle                0x080130ed   Thumb Code     6  tasks.o(i.xTaskGetCurrentTaskHandle)
    xTaskGetSchedulerState                   0x080130f9   Thumb Code    24  tasks.o(i.xTaskGetSchedulerState)
    xTaskGetTickCount                        0x08013119   Thumb Code     6  tasks.o(i.xTaskGetTickCount)
    xTaskIncrementTick                       0x08013125   Thumb Code   416  tasks.o(i.xTaskIncrementTick)
    xTaskPriorityDisinherit                  0x080132f1   Thumb Code   214  tasks.o(i.xTaskPriorityDisinherit)
    xTaskPriorityInherit                     0x080133d5   Thumb Code   212  tasks.o(i.xTaskPriorityInherit)
    xTaskRemoveFromEventList                 0x080134b5   Thumb Code   282  tasks.o(i.xTaskRemoveFromEventList)
    xTaskResumeAll                           0x080135e9   Thumb Code   362  tasks.o(i.xTaskResumeAll)
    xTimerCreateTimerTask                    0x08013779   Thumb Code   100  timers.o(i.xTimerCreateTimerTask)
    _fp_init                                 0x080137f1   Thumb Code    10  fpinit.o(x$fpl$fpinit)
    __fplib_config_fpu_vfp                   0x080137f9   Thumb Code     0  fpinit.o(x$fpl$fpinit)
    __fplib_config_pureend_doubles           0x080137f9   Thumb Code     0  fpinit.o(x$fpl$fpinit)
    keyTask_attributes                       0x080137fc   Data          36  freertos.o(.constdata)
    oledTask_attributes                      0x08013820   Data          36  freertos.o(.constdata)
    pwmPrintTask_attributes                  0x08013844   Data          36  freertos.o(.constdata)
    uart4LXTask_attributes                   0x08013868   Data          36  freertos.o(.constdata)
    opticalFlowTask_attributes               0x0801388c   Data          36  freertos.o(.constdata)
    UARTPrescTable                           0x080138b8   Data          24  stm32h7xx_hal_uart.o(.constdata)
    D1CorePrescTable                         0x080138e0   Data          16  system_stm32h7xx.o(.constdata)
    OLED_F8x16                               0x080138f0   Data        1520  oled_data.o(.constdata)
    OLED_F6x8                                0x08013ee0   Data         570  oled_data.o(.constdata)
    OLED_CF16x16                             0x0801411a   Data         612  oled_data.o(.constdata)
    Diode                                    0x0801437e   Data          32  oled_data.o(.constdata)
    Region$$Table$$Base                      0x08014474   Number         0  anon$$obj.o(Region$$Table)
    Region$$Table$$Limit                     0x08014494   Number         0  anon$$obj.o(Region$$Table)
    LX_UART_Binary_SemaphoreHandle           0x24000000   Data           4  freertos.o(.data)
    keyTaskHandle                            0x24000004   Data           4  freertos.o(.data)
    oledTaskHandle                           0x24000008   Data           4  freertos.o(.data)
    pwmPrintTaskHandle                       0x2400000c   Data           4  freertos.o(.data)
    uart4LXTaskHandle                        0x24000010   Data           4  freertos.o(.data)
    opticalFlowTaskHandle                    0x24000014   Data           4  freertos.o(.data)
    uwTick                                   0x24000020   Data           4  stm32h7xx_hal.o(.data)
    uwTickPrio                               0x24000024   Data           4  stm32h7xx_hal.o(.data)
    uwTickFreq                               0x24000028   Data           1  stm32h7xx_hal.o(.data)
    SystemCoreClock                          0x2400002c   Data           4  system_stm32h7xx.o(.data)
    SystemD2Clock                            0x24000030   Data           4  system_stm32h7xx.o(.data)
    pxCurrentTCB                             0x24000034   Data           4  tasks.o(.data)
    uxTopUsedPriority                        0x2400006c   Data           4  tasks.o(.data)
    Led_LX                                   0x240000b4   Data           4  drv_led.o(.data)
    __stdout                                 0x240000c4   Data           4  drv_uart.o(.data)
    OF_RxBuffer                              0x240000c8   Data           5  drv_uart.o(.data)
    pOFfifo                                  0x240000d0   Data           4  drv_uart.o(.data)
    pLXfifo                                  0x240000d4   Data           4  drv_uart.o(.data)
    OLED_i2c_Binary_SemaphoreHandle          0x24000128   Data           4  oled.o(.data)
    pwm_update_flag                          0x2400012c   Data           1  ano_to_h743_data_transmit.o(.data)
    lx_uart4_send33_ok_cnt                   0x24000130   Data           4  ano_to_h743_data_transmit.o(.data)
    lx_uart4_send33_fail_cnt                 0x24000134   Data           4  ano_to_h743_data_transmit.o(.data)
    lx_uart4_send34_ok_cnt                   0x24000138   Data           4  ano_to_h743_data_transmit.o(.data)
    lx_uart4_send34_fail_cnt                 0x2400013c   Data           4  ano_to_h743_data_transmit.o(.data)
    lx_uart4_send40_ok_cnt                   0x24000140   Data           4  ano_to_h743_data_transmit.o(.data)
    lx_uart4_send40_fail_cnt                 0x24000144   Data           4  ano_to_h743_data_transmit.o(.data)
    current_speed                            0x24000148   Data           6  ano_to_h743_data_transmit.o(.data)
    the_check_ack                            0x2400014e   Data           3  ano_to_h743_data_transmit.o(.data)
    param_aux                                0x24000154   Data           8  ano_to_h743_data_transmit.o(.data)
    pack                                     0x2400015c   Data           8  ano_to_h743_data_transmit.o(.data)
    union_of_bat                             0x24000164   Data           4  ano_to_h743_data_transmit.o(.data)
    state                                    0x2400016c   Data           5  fc_state.o(.data)
    ext_flow_send33_cnt                      0x24000174   Data           4  of_radar_fusion.o(.data)
    ext_flow_send34_cnt                      0x24000178   Data           4  of_radar_fusion.o(.data)
    sbus_dma_byte_cnt                        0x24000180   Data           4  remote_control.o(.data)
    sbus_frame_cnt                           0x24000184   Data           4  remote_control.o(.data)
    Switch_sta_st                            0x24000188   Data           6  remote_control.o(.data)
    lx_mode_cmd_ok_cnt                       0x240001a0   Data           4  to_lx_fun.o(.data)
    lx_mode_cmd_busy_cnt                     0x240001a4   Data           4  to_lx_fun.o(.data)
    lx_mode_cmd_target                       0x240001a8   Data           1  to_lx_fun.o(.data)
    hadc1                                    0x240001c0   Data         100  adc.o(.bss)
    hadc2                                    0x24000224   Data         100  adc.o(.bss)
    hdma_adc1                                0x24000288   Data         120  adc.o(.bss)
    hdma_adc2                                0x24000300   Data         120  adc.o(.bss)
    hi2c1                                    0x24000378   Data          84  i2c.o(.bss)
    hspi3                                    0x240003cc   Data         136  spi.o(.bss)
    htim1                                    0x24000454   Data          76  tim.o(.bss)
    htim3                                    0x240004a0   Data          76  tim.o(.bss)
    htim4                                    0x240004ec   Data          76  tim.o(.bss)
    htim5                                    0x24000538   Data          76  tim.o(.bss)
    htim14                                   0x24000584   Data          76  tim.o(.bss)
    htim16                                   0x240005d0   Data          76  tim.o(.bss)
    hdma_tim3_ch1                            0x2400061c   Data         120  tim.o(.bss)
    hdma_tim3_ch2                            0x24000694   Data         120  tim.o(.bss)
    hdma_tim3_ch3                            0x2400070c   Data         120  tim.o(.bss)
    hdma_tim3_ch4                            0x24000784   Data         120  tim.o(.bss)
    hdma_tim5_ch1                            0x240007fc   Data         120  tim.o(.bss)
    hdma_tim5_ch2                            0x24000874   Data         120  tim.o(.bss)
    hdma_tim5_ch3                            0x240008ec   Data         120  tim.o(.bss)
    hdma_tim5_ch4                            0x24000964   Data         120  tim.o(.bss)
    huart4                                   0x240009dc   Data         148  usart.o(.bss)
    huart5                                   0x24000a70   Data         148  usart.o(.bss)
    huart7                                   0x24000b04   Data         148  usart.o(.bss)
    huart8                                   0x24000b98   Data         148  usart.o(.bss)
    huart1                                   0x24000c2c   Data         148  usart.o(.bss)
    huart2                                   0x24000cc0   Data         148  usart.o(.bss)
    huart3                                   0x24000d54   Data         148  usart.o(.bss)
    huart6                                   0x24000de8   Data         148  usart.o(.bss)
    hdma_uart4_tx                            0x24000e7c   Data         120  usart.o(.bss)
    hdma_uart4_rx                            0x24000ef4   Data         120  usart.o(.bss)
    hdma_uart7_rx                            0x24000f6c   Data         120  usart.o(.bss)
    hdma_uart8_rx                            0x24000fe4   Data         120  usart.o(.bss)
    hdma_usart2_rx                           0x2400105c   Data         120  usart.o(.bss)
    hdma_usart3_rx                           0x240010d4   Data         120  usart.o(.bss)
    hdma_usart6_tx                           0x2400114c   Data         120  usart.o(.bss)
    hpcd_USB_OTG_FS                          0x240011c4   Data        1252  usb_otg.o(.bss)
    hhcd_USB_OTG_FS                          0x240016a8   Data        1056  usb_otg.o(.bss)
    htim17                                   0x24001ac8   Data          76  stm32h7xx_hal_timebase_tim.o(.bss)
    xQueueRegistry                           0x24001b14   Data          64  queue.o(.bss)
    OF_RxFIFOBuffer                          0x240063e8   Data         150  drv_uart.o(.bss)
    OF_fifo                                  0x24006480   Data          24  drv_uart.o(.bss)
    LX_RxBuffer                              0x24006498   Data          15  drv_uart.o(.bss)
    LX_RxFIFOBuffer                          0x240064a7   Data         600  drv_uart.o(.bss)
    LX_fifo                                  0x24006700   Data          24  drv_uart.o(.bss)
    OLED_DisplayBuf                          0x24006718   Data        1024  oled.o(.bss)
    Data                                     0x24006be0   Data        1564  ano_to_h743_data_transmit.o(.bss)
    LX_quat                                  0x240071fc   Data          10  ano_to_h743_data_transmit.o(.bss)
    pwm_to_esc                               0x24007206   Data          16  ano_to_h743_data_transmit.o(.bss)
    altitude_of_option                       0x24007216   Data           9  ano_to_h743_data_transmit.o(.bss)
    Gyro_acc_sense                           0x2400721f   Data          13  ano_to_h743_data_transmit.o(.bss)
    tx_buf                                   0x2400732c   Data         256  ano_to_h743_data_transmit.o(.bss)
    Pos_of_Radar                             0x240076a0   Data          12  jetsonnano_data_transmit.o(.bss)
    ex_sensor                                0x240076ac   Data          40  of_radar_fusion.o(.bss)
    Channel_of_rc                            0x240076d4   Data          20  remote_control.o(.bss)
    ctrl_of_realtime                         0x240076e8   Data          14  remote_control.o(.bss)
    optical_flow                             0x24007750   Data          64  optical_flow_sensor.o(.bss)
    __libspace_start                         0x240077c4   Data          96  libspace.o(.bss)
    __temporary_stack_top$libspace           0x24007824   Data           0  libspace.o(.bss)



==============================================================================

Memory Map of the image

  Image Entry point : 0x08000299

  Load Region LR_IROM1 (Base: 0x08000000, Size: 0x00014654, Max: 0x00200000, ABSOLUTE, COMPRESSED[0x000144c8])

    Execution Region ER_IROM1 (Exec base: 0x08000000, Load base: 0x08000000, Size: 0x00014494, Max: 0x00200000, ABSOLUTE)

    Exec Addr    Load Addr    Size         Type   Attr      Idx    E Section Name        Object

    0x08000000   0x08000000   0x00000298   Data   RO            3    RESET               startup_stm32h743xx.o
    0x08000298   0x08000298   0x00000008   Code   RO        10031  * !!!main             c_w.l(__main.o)
    0x080002a0   0x080002a0   0x00000034   Code   RO        10407    !!!scatter          c_w.l(__scatter.o)
    0x080002d4   0x080002d4   0x0000005a   Code   RO        10405    !!dczerorl2         c_w.l(__dczerorl2.o)
    0x0800032e   0x0800032e   0x00000002   PAD
    0x08000330   0x08000330   0x0000001c   Code   RO        10409    !!handler_zi        c_w.l(__scatter_zi.o)
    0x0800034c   0x0800034c   0x00000000   Code   RO        10016    .ARM.Collect$$_printf_percent$$00000000  c_w.l(_printf_percent.o)
    0x0800034c   0x0800034c   0x00000006   Code   RO        10014    .ARM.Collect$$_printf_percent$$00000009  c_w.l(_printf_d.o)
    0x08000352   0x08000352   0x00000006   Code   RO        10015    .ARM.Collect$$_printf_percent$$0000000A  c_w.l(_printf_u.o)
    0x08000358   0x08000358   0x00000004   Code   RO        10117    .ARM.Collect$$_printf_percent$$00000017  c_w.l(_printf_percent_end.o)
    0x0800035c   0x0800035c   0x00000002   Code   RO        10275    .ARM.Collect$$libinit$$00000000  c_w.l(libinit.o)
    0x0800035e   0x0800035e   0x00000004   Code   RO        10289    .ARM.Collect$$libinit$$00000001  c_w.l(libinit2.o)
    0x08000362   0x08000362   0x00000000   Code   RO        10292    .ARM.Collect$$libinit$$00000004  c_w.l(libinit2.o)
    0x08000362   0x08000362   0x00000000   Code   RO        10295    .ARM.Collect$$libinit$$0000000A  c_w.l(libinit2.o)
    0x08000362   0x08000362   0x00000000   Code   RO        10297    .ARM.Collect$$libinit$$0000000C  c_w.l(libinit2.o)
    0x08000362   0x08000362   0x00000000   Code   RO        10299    .ARM.Collect$$libinit$$0000000E  c_w.l(libinit2.o)
    0x08000362   0x08000362   0x00000000   Code   RO        10302    .ARM.Collect$$libinit$$00000011  c_w.l(libinit2.o)
    0x08000362   0x08000362   0x00000000   Code   RO        10304    .ARM.Collect$$libinit$$00000013  c_w.l(libinit2.o)
    0x08000362   0x08000362   0x00000000   Code   RO        10306    .ARM.Collect$$libinit$$00000015  c_w.l(libinit2.o)
    0x08000362   0x08000362   0x00000000   Code   RO        10308    .ARM.Collect$$libinit$$00000017  c_w.l(libinit2.o)
    0x08000362   0x08000362   0x00000000   Code   RO        10310    .ARM.Collect$$libinit$$00000019  c_w.l(libinit2.o)
    0x08000362   0x08000362   0x00000000   Code   RO        10312    .ARM.Collect$$libinit$$0000001B  c_w.l(libinit2.o)
    0x08000362   0x08000362   0x00000000   Code   RO        10314    .ARM.Collect$$libinit$$0000001D  c_w.l(libinit2.o)
    0x08000362   0x08000362   0x00000000   Code   RO        10316    .ARM.Collect$$libinit$$0000001F  c_w.l(libinit2.o)
    0x08000362   0x08000362   0x00000000   Code   RO        10318    .ARM.Collect$$libinit$$00000021  c_w.l(libinit2.o)
    0x08000362   0x08000362   0x00000000   Code   RO        10320    .ARM.Collect$$libinit$$00000023  c_w.l(libinit2.o)
    0x08000362   0x08000362   0x00000000   Code   RO        10322    .ARM.Collect$$libinit$$00000025  c_w.l(libinit2.o)
    0x08000362   0x08000362   0x00000000   Code   RO        10326    .ARM.Collect$$libinit$$0000002C  c_w.l(libinit2.o)
    0x08000362   0x08000362   0x00000000   Code   RO        10328    .ARM.Collect$$libinit$$0000002E  c_w.l(libinit2.o)
    0x08000362   0x08000362   0x00000000   Code   RO        10330    .ARM.Collect$$libinit$$00000030  c_w.l(libinit2.o)
    0x08000362   0x08000362   0x00000000   Code   RO        10332    .ARM.Collect$$libinit$$00000032  c_w.l(libinit2.o)
    0x08000362   0x08000362   0x00000002   Code   RO        10333    .ARM.Collect$$libinit$$00000033  c_w.l(libinit2.o)
    0x08000364   0x08000364   0x00000002   Code   RO        10359    .ARM.Collect$$libshutdown$$00000000  c_w.l(libshutdown.o)
    0x08000366   0x08000366   0x00000000   Code   RO        10386    .ARM.Collect$$libshutdown$$00000002  c_w.l(libshutdown2.o)
    0x08000366   0x08000366   0x00000000   Code   RO        10388    .ARM.Collect$$libshutdown$$00000004  c_w.l(libshutdown2.o)
    0x08000366   0x08000366   0x00000000   Code   RO        10390    .ARM.Collect$$libshutdown$$00000006  c_w.l(libshutdown2.o)
    0x08000366   0x08000366   0x00000000   Code   RO        10393    .ARM.Collect$$libshutdown$$00000009  c_w.l(libshutdown2.o)
    0x08000366   0x08000366   0x00000000   Code   RO        10396    .ARM.Collect$$libshutdown$$0000000C  c_w.l(libshutdown2.o)
    0x08000366   0x08000366   0x00000000   Code   RO        10398    .ARM.Collect$$libshutdown$$0000000E  c_w.l(libshutdown2.o)
    0x08000366   0x08000366   0x00000000   Code   RO        10401    .ARM.Collect$$libshutdown$$00000011  c_w.l(libshutdown2.o)
    0x08000366   0x08000366   0x00000002   Code   RO        10402    .ARM.Collect$$libshutdown$$00000012  c_w.l(libshutdown2.o)
    0x08000368   0x08000368   0x00000000   Code   RO        10051    .ARM.Collect$$rtentry$$00000000  c_w.l(__rtentry.o)
    0x08000368   0x08000368   0x00000000   Code   RO        10176    .ARM.Collect$$rtentry$$00000002  c_w.l(__rtentry2.o)
    0x08000368   0x08000368   0x00000006   Code   RO        10188    .ARM.Collect$$rtentry$$00000004  c_w.l(__rtentry4.o)
    0x0800036e   0x0800036e   0x00000000   Code   RO        10178    .ARM.Collect$$rtentry$$00000009  c_w.l(__rtentry2.o)
    0x0800036e   0x0800036e   0x00000004   Code   RO        10179    .ARM.Collect$$rtentry$$0000000A  c_w.l(__rtentry2.o)
    0x08000372   0x08000372   0x00000000   Code   RO        10181    .ARM.Collect$$rtentry$$0000000C  c_w.l(__rtentry2.o)
    0x08000372   0x08000372   0x00000008   Code   RO        10182    .ARM.Collect$$rtentry$$0000000D  c_w.l(__rtentry2.o)
    0x0800037a   0x0800037a   0x00000002   Code   RO        10278    .ARM.Collect$$rtexit$$00000000  c_w.l(rtexit.o)
    0x0800037c   0x0800037c   0x00000000   Code   RO        10335    .ARM.Collect$$rtexit$$00000002  c_w.l(rtexit2.o)
    0x0800037c   0x0800037c   0x00000004   Code   RO        10336    .ARM.Collect$$rtexit$$00000003  c_w.l(rtexit2.o)
    0x08000380   0x08000380   0x00000006   Code   RO        10337    .ARM.Collect$$rtexit$$00000004  c_w.l(rtexit2.o)
    0x08000386   0x08000386   0x00000002   PAD
    0x08000388   0x08000388   0x000000be   Code   RO         8717    .emb_text           port.o
    0x08000446   0x08000446   0x00000002   PAD
    0x08000448   0x08000448   0x00000048   Code   RO            4    .text               startup_stm32h743xx.o
    0x08000490   0x08000490   0x00000002   Code   RO         9980    .text               c_w.l(use_no_semi_2.o)
    0x08000492   0x08000492   0x000000ee   Code   RO         9982    .text               c_w.l(lludivv7m.o)
    0x08000580   0x08000580   0x00000018   Code   RO         9986    .text               c_w.l(__2printf.o)
    0x08000598   0x08000598   0x00000078   Code   RO         9992    .text               c_w.l(_printf_dec.o)
    0x08000610   0x08000610   0x00000188   Code   RO        10011    .text               c_w.l(__printf_flags_ss_wp.o)
    0x08000798   0x08000798   0x0000008a   Code   RO        10017    .text               c_w.l(rt_memcpy_v6.o)
    0x08000822   0x08000822   0x00000010   Code   RO        10021    .text               c_w.l(aeabi_memset.o)
    0x08000832   0x08000832   0x00000044   Code   RO        10023    .text               c_w.l(rt_memclr.o)
    0x08000876   0x08000876   0x0000004e   Code   RO        10025    .text               c_w.l(rt_memclr_w.o)
    0x080008c4   0x080008c4   0x00000006   Code   RO        10029    .text               c_w.l(heapauxi.o)
    0x080008ca   0x080008ca   0x00000002   Code   RO        10049    .text               c_w.l(use_no_semi.o)
    0x080008cc   0x080008cc   0x000000b2   Code   RO        10064    .text               c_w.l(_printf_intcommon.o)
    0x0800097e   0x0800097e   0x00000002   PAD
    0x08000980   0x08000980   0x00000030   Code   RO        10068    .text               c_w.l(_printf_char_common.o)
    0x080009b0   0x080009b0   0x00000024   Code   RO        10072    .text               c_w.l(_printf_char_file.o)
    0x080009d4   0x080009d4   0x00000064   Code   RO        10127    .text               c_w.l(rt_memcpy_w.o)
    0x08000a38   0x08000a38   0x00000008   Code   RO        10210    .text               c_w.l(ferror.o)
    0x08000a40   0x08000a40   0x00000008   Code   RO        10222    .text               c_w.l(libspace.o)
    0x08000a48   0x08000a48   0x0000004a   Code   RO        10225    .text               c_w.l(sys_stackheap_outer.o)
    0x08000a92   0x08000a92   0x00000012   Code   RO        10264    .text               c_w.l(exit.o)
    0x08000aa4   0x08000aa4   0x00000164   Code   RO         2166    i.ADC_ConfigureBoostMode  stm32h7xx_hal_adc.o
    0x08000c08   0x08000c08   0x0000011c   Code   RO         2167    i.ADC_ConversionStop  stm32h7xx_hal_adc.o
    0x08000d24   0x08000d24   0x00000092   Code   RO         2168    i.ADC_DMAConvCplt   stm32h7xx_hal_adc.o
    0x08000db6   0x08000db6   0x0000001e   Code   RO         2169    i.ADC_DMAError      stm32h7xx_hal_adc.o
    0x08000dd4   0x08000dd4   0x0000000e   Code   RO         2170    i.ADC_DMAHalfConvCplt  stm32h7xx_hal_adc.o
    0x08000de2   0x08000de2   0x00000002   PAD
    0x08000de4   0x08000de4   0x00000094   Code   RO         2171    i.ADC_Disable       stm32h7xx_hal_adc.o
    0x08000e78   0x08000e78   0x000000cc   Code   RO         2172    i.ADC_Enable        stm32h7xx_hal_adc.o
    0x08000f44   0x08000f44   0x00000044   Code   RO         9325    i.AdcAverage        drv_adc.o
    0x08000f88   0x08000f88   0x00000004   Code   RO          841    i.BusFault_Handler  stm32h7xx_it.o
    0x08000f8c   0x08000f8c   0x00000048   Code   RO         9864    i.CMD_Send          to_lx_fun.o
    0x08000fd4   0x08000fd4   0x00000024   Code   RO         9383    i.Check_ack         ano_to_h743_data_transmit.o
    0x08000ff8   0x08000ff8   0x00000010   Code   RO          842    i.DMA1_Stream0_IRQHandler  stm32h7xx_it.o
    0x08001008   0x08001008   0x00000010   Code   RO          843    i.DMA1_Stream1_IRQHandler  stm32h7xx_it.o
    0x08001018   0x08001018   0x00000010   Code   RO          844    i.DMA1_Stream2_IRQHandler  stm32h7xx_it.o
    0x08001028   0x08001028   0x00000010   Code   RO          845    i.DMA1_Stream3_IRQHandler  stm32h7xx_it.o
    0x08001038   0x08001038   0x00000010   Code   RO          846    i.DMA1_Stream4_IRQHandler  stm32h7xx_it.o
    0x08001048   0x08001048   0x00000010   Code   RO          847    i.DMA1_Stream5_IRQHandler  stm32h7xx_it.o
    0x08001058   0x08001058   0x00000010   Code   RO          848    i.DMA1_Stream6_IRQHandler  stm32h7xx_it.o
    0x08001068   0x08001068   0x00000010   Code   RO          849    i.DMA1_Stream7_IRQHandler  stm32h7xx_it.o
    0x08001078   0x08001078   0x00000010   Code   RO          850    i.DMA2_Stream0_IRQHandler  stm32h7xx_it.o
    0x08001088   0x08001088   0x00000010   Code   RO          851    i.DMA2_Stream1_IRQHandler  stm32h7xx_it.o
    0x08001098   0x08001098   0x00000010   Code   RO          852    i.DMA2_Stream2_IRQHandler  stm32h7xx_it.o
    0x080010a8   0x080010a8   0x00000010   Code   RO          853    i.DMA2_Stream3_IRQHandler  stm32h7xx_it.o
    0x080010b8   0x080010b8   0x00000010   Code   RO          854    i.DMA2_Stream4_IRQHandler  stm32h7xx_it.o
    0x080010c8   0x080010c8   0x00000010   Code   RO          855    i.DMA2_Stream5_IRQHandler  stm32h7xx_it.o
    0x080010d8   0x080010d8   0x00000010   Code   RO          856    i.DMA2_Stream6_IRQHandler  stm32h7xx_it.o
    0x080010e8   0x080010e8   0x00000010   Code   RO          857    i.DMA2_Stream7_IRQHandler  stm32h7xx_it.o
    0x080010f8   0x080010f8   0x000000ec   Code   RO         3394    i.DMA_CalcBaseAndBitshift  stm32h7xx_hal_dma.o
    0x080011e4   0x080011e4   0x000000c4   Code   RO         3395    i.DMA_CalcDMAMUXChannelBaseAndMask  stm32h7xx_hal_dma.o
    0x080012a8   0x080012a8   0x00000098   Code   RO         3396    i.DMA_CalcDMAMUXRequestGenBaseAndMask  stm32h7xx_hal_dma.o
    0x08001340   0x08001340   0x000000ae   Code   RO         3397    i.DMA_CheckFifoParam  stm32h7xx_hal_dma.o
    0x080013ee   0x080013ee   0x00000002   PAD
    0x080013f0   0x080013f0   0x00000274   Code   RO         3398    i.DMA_SetConfig     stm32h7xx_hal_dma.o
    0x08001664   0x08001664   0x000000b4   Code   RO         9384    i.Data_Init         ano_to_h743_data_transmit.o
    0x08001718   0x08001718   0x0000001c   Code   RO         9758    i.Deadzone          rc_channel.o
    0x08001734   0x08001734   0x00000002   Code   RO          858    i.DebugMon_Handler  stm32h7xx_it.o
    0x08001736   0x08001736   0x00000002   PAD
    0x08001738   0x08001738   0x00000064   Code   RO         9326    i.DrvAdcInit        drv_adc.o
    0x0800179c   0x0800179c   0x00000028   Code   RO         9546    i.DrvESCInit        pwm.o
    0x080017c4   0x080017c4   0x00000088   Code   RO         9547    i.DrvMotorPWMSet    pwm.o
    0x0800184c   0x0800184c   0x00000034   Code   RO         9659    i.DrvRcInputInit    remote_control.o
    0x08001880   0x08001880   0x00000034   Code   RO         9660    i.DrvRcInputTask    remote_control.o
    0x080018b4   0x080018b4   0x00000040   Code   RO         8834    i.DrvUart2_ErrorCallback  drv_uart.o
    0x080018f4   0x080018f4   0x00000024   Code   RO         8835    i.DrvUart2_Fifo_Init  drv_uart.o
    0x08001918   0x08001918   0x00000100   Code   RO         8836    i.DrvUart2_Receive_Enable  drv_uart.o
    0x08001a18   0x08001a18   0x0000000c   Code   RO         8837    i.DrvUart2_RegisterNotifyTask  drv_uart.o
    0x08001a24   0x08001a24   0x00000018   Code   RO         8838    i.DrvUart2_RegisterRxByteHandler  drv_uart.o
    0x08001a3c   0x08001a3c   0x00000060   Code   RO         8839    i.DrvUart2_RxEventCallback  drv_uart.o
    0x08001a9c   0x08001a9c   0x0000003c   Code   RO         8840    i.DrvUart4SendBuf   drv_uart.o
    0x08001ad8   0x08001ad8   0x00000008   Code   RO         8841    i.DrvUart4_ErrorCallback  drv_uart.o
    0x08001ae0   0x08001ae0   0x00000028   Code   RO         8842    i.DrvUart4_Fifo_Init  drv_uart.o
    0x08001b08   0x08001b08   0x00000100   Code   RO         8843    i.DrvUart4_Receive_Enable  drv_uart.o
    0x08001c08   0x08001c08   0x00000018   Code   RO         8844    i.DrvUart4_RegisterRxByteHandler  drv_uart.o
    0x08001c20   0x08001c20   0x00000028   Code   RO         8845    i.DrvUart4_RxEventCallback  drv_uart.o
    0x08001c48   0x08001c48   0x00000038   Code   RO         8846    i.DrvUart4_TxCpltCallback  drv_uart.o
    0x08001c80   0x08001c80   0x00000002   Code   RO         8847    i.DrvUart_NoUse     drv_uart.o
    0x08001c82   0x08001c82   0x00000002   PAD
    0x08001c84   0x08001c84   0x0000003c   Code   RO         9327    i.Drv_AdcGetBatCurr  drv_adc.o
    0x08001cc0   0x08001cc0   0x00000058   Code   RO         9328    i.Drv_AdcGetBatCurr100  drv_adc.o
    0x08001d18   0x08001d18   0x00000074   Code   RO         9329    i.Drv_AdcGetBatVolt100  drv_adc.o
    0x08001d8c   0x08001d8c   0x0000004c   Code   RO         9330    i.Drv_AdcGetBatVot  drv_adc.o
    0x08001dd8   0x08001dd8   0x00000028   Code   RO         8797    i.DvrLedInit        drv_led.o
    0x08001e00   0x08001e00   0x00000100   Code   RO         9759    i.ESC_Output        rc_channel.o
    0x08001f00   0x08001f00   0x00000006   Code   RO           13    i.Error_Handler     main.o
    0x08001f06   0x08001f06   0x00000002   PAD
    0x08001f08   0x08001f08   0x00000024   Code   RO         6871    i.ExitRun0Mode      system_stm32h7xx.o
    0x08001f2c   0x08001f2c   0x00000018   Code   RO         9614    i.ExtSensor_UpdateFromOpticalFlow  of_radar_fusion.o
    0x08001f44   0x08001f44   0x00000032   Code   RO         9865    i.FC_Unlock         to_lx_fun.o
    0x08001f76   0x08001f76   0x00000038   Code   RO         8979    i.FIFO_Add          fifo.o
    0x08001fae   0x08001fae   0x00000040   Code   RO         8980    i.FIFO_AddOne       fifo.o
    0x08001fee   0x08001fee   0x00000040   Code   RO         8983    i.FIFO_GetOne       fifo.o
    0x0800202e   0x0800202e   0x00000012   Code   RO         8984    i.FIFO_Init         fifo.o
    0x08002040   0x08002040   0x0000000e   Code   RO         8985    i.FIFO_IsEmpty      fifo.o
    0x0800204e   0x0800204e   0x00000012   Code   RO         8986    i.FIFO_IsFull       fifo.o
    0x08002060   0x08002060   0x0000001c   Code   RO         9760    i.FlightModeFromChannel  rc_channel.o
    0x0800207c   0x0800207c   0x0000000a   Code   RO         9385    i.FramePack_Init    ano_to_h743_data_transmit.o
    0x08002086   0x08002086   0x00000028   Code   RO         9386    i.FramePack_PutBuf  ano_to_h743_data_transmit.o
    0x080020ae   0x080020ae   0x00000014   Code   RO         9387    i.FramePack_PutByte  ano_to_h743_data_transmit.o
    0x080020c2   0x080020c2   0x00000018   Code   RO         9388    i.FramePack_U16     ano_to_h743_data_transmit.o
    0x080020da   0x080020da   0x00000022   Code   RO         9389    i.FramePack_U32     ano_to_h743_data_transmit.o
    0x080020fc   0x080020fc   0x00000054   Code   RO         9615    i.GeneralDistanceFromOpticalFlow  of_radar_fusion.o
    0x08002150   0x08002150   0x00000058   Code   RO         9616    i.GeneralVelocityFromOpticalFlow  of_radar_fusion.o
    0x080021a8   0x080021a8   0x00000144   Code   RO         9045    i.GetKeyStatus      key.o
    0x080022ec   0x080022ec   0x00000124   Code   RO         9390    i.H743_Data_Receive  ano_to_h743_data_transmit.o
    0x08002410   0x08002410   0x00000034   Code   RO         9391    i.H743_Data_Transmit_Check  ano_to_h743_data_transmit.o
    0x08002444   0x08002444   0x00000288   Code   RO         9392    i.H743_Received_Data_Analysis  ano_to_h743_data_transmit.o
    0x080026cc   0x080026cc   0x00000128   Code   RO         9393    i.H743_To_LX_FrameSend  ano_to_h743_data_transmit.o
    0x080027f4   0x080027f4   0x00000010   Code   RO         9394    i.H743_To_LX_Send_Data  ano_to_h743_data_transmit.o
    0x08002804   0x08002804   0x000000b8   Code   RO         2423    i.HAL_ADCEx_Calibration_Start  stm32h7xx_hal_adc_ex.o
    0x080028bc   0x080028bc   0x00000164   Code   RO         2443    i.HAL_ADCEx_MultiModeConfigChannel  stm32h7xx_hal_adc_ex.o
    0x08002a20   0x08002a20   0x000005c0   Code   RO         2174    i.HAL_ADC_ConfigChannel  stm32h7xx_hal_adc.o
    0x08002fe0   0x08002fe0   0x00000002   Code   RO         2175    i.HAL_ADC_ConvCpltCallback  stm32h7xx_hal_adc.o
    0x08002fe2   0x08002fe2   0x00000002   Code   RO         2176    i.HAL_ADC_ConvHalfCpltCallback  stm32h7xx_hal_adc.o
    0x08002fe4   0x08002fe4   0x00000002   Code   RO         2178    i.HAL_ADC_ErrorCallback  stm32h7xx_hal_adc.o
    0x08002fe6   0x08002fe6   0x00000002   PAD
    0x08002fe8   0x08002fe8   0x0000028c   Code   RO         2183    i.HAL_ADC_Init      stm32h7xx_hal_adc.o
    0x08003274   0x08003274   0x00000188   Code   RO          426    i.HAL_ADC_MspInit   adc.o
    0x080033fc   0x080033fc   0x00000134   Code   RO         2190    i.HAL_ADC_Start_DMA  stm32h7xx_hal_adc.o
    0x08003530   0x08003530   0x0000004a   Code   RO         2192    i.HAL_ADC_Stop      stm32h7xx_hal_adc.o
    0x0800357a   0x0800357a   0x00000088   Code   RO         2193    i.HAL_ADC_Stop_DMA  stm32h7xx_hal_adc.o
    0x08003602   0x08003602   0x00000002   PAD
    0x08003604   0x08003604   0x000004dc   Code   RO         3399    i.HAL_DMA_Abort     stm32h7xx_hal_dma.o
    0x08003ae0   0x08003ae0   0x00000398   Code   RO         3400    i.HAL_DMA_Abort_IT  stm32h7xx_hal_dma.o
    0x08003e78   0x08003e78   0x00000006   Code   RO         3402    i.HAL_DMA_GetError  stm32h7xx_hal_dma.o
    0x08003e7e   0x08003e7e   0x00000008   Code   RO         3403    i.HAL_DMA_GetState  stm32h7xx_hal_dma.o
    0x08003e86   0x08003e86   0x00000002   PAD
    0x08003e88   0x08003e88   0x00000af8   Code   RO         3404    i.HAL_DMA_IRQHandler  stm32h7xx_hal_dma.o
    0x08004980   0x08004980   0x00000520   Code   RO         3405    i.HAL_DMA_Init      stm32h7xx_hal_dma.o
    0x08004ea0   0x08004ea0   0x000003e0   Code   RO         3409    i.HAL_DMA_Start_IT  stm32h7xx_hal_dma.o
    0x08005280   0x08005280   0x00000028   Code   RO         4266    i.HAL_Delay         stm32h7xx_hal.o
    0x080052a8   0x080052a8   0x0000020c   Code   RO         3247    i.HAL_GPIO_Init     stm32h7xx_hal_gpio.o
    0x080054b4   0x080054b4   0x00000010   Code   RO         3249    i.HAL_GPIO_ReadPin  stm32h7xx_hal_gpio.o
    0x080054c4   0x080054c4   0x0000000c   Code   RO         3251    i.HAL_GPIO_WritePin  stm32h7xx_hal_gpio.o
    0x080054d0   0x080054d0   0x0000000c   Code   RO         4277    i.HAL_GetREVID      stm32h7xx_hal.o
    0x080054dc   0x080054dc   0x0000000c   Code   RO         4278    i.HAL_GetTick       stm32h7xx_hal.o
    0x080054e8   0x080054e8   0x0000006a   Code   RO         5043    i.HAL_I2CEx_ConfigAnalogFilter  stm32h7xx_hal_i2c_ex.o
    0x08005552   0x08005552   0x00000068   Code   RO         5044    i.HAL_I2CEx_ConfigDigitalFilter  stm32h7xx_hal_i2c_ex.o
    0x080055ba   0x080055ba   0x00000002   PAD
    0x080055bc   0x080055bc   0x00000034   Code   RO         5047    i.HAL_I2CEx_EnableFastModePlus  stm32h7xx_hal_i2c_ex.o
    0x080055f0   0x080055f0   0x00000002   Code   RO         4571    i.HAL_I2C_AbortCpltCallback  stm32h7xx_hal_i2c.o
    0x080055f2   0x080055f2   0x00000002   Code   RO         4572    i.HAL_I2C_AddrCallback  stm32h7xx_hal_i2c.o
    0x080055f4   0x080055f4   0x00000076   Code   RO         4575    i.HAL_I2C_ER_IRQHandler  stm32h7xx_hal_i2c.o
    0x0800566a   0x0800566a   0x0000001c   Code   RO         4576    i.HAL_I2C_EV_IRQHandler  stm32h7xx_hal_i2c.o
    0x08005686   0x08005686   0x00000002   Code   RO         4578    i.HAL_I2C_ErrorCallback  stm32h7xx_hal_i2c.o
    0x08005688   0x08005688   0x000000d8   Code   RO         4582    i.HAL_I2C_Init      stm32h7xx_hal_i2c.o
    0x08005760   0x08005760   0x00000002   Code   RO         4584    i.HAL_I2C_ListenCpltCallback  stm32h7xx_hal_i2c.o
    0x08005762   0x08005762   0x00000002   Code   RO         4585    i.HAL_I2C_MasterRxCpltCallback  stm32h7xx_hal_i2c.o
    0x08005764   0x08005764   0x00000002   Code   RO         4586    i.HAL_I2C_MasterTxCpltCallback  stm32h7xx_hal_i2c.o
    0x08005766   0x08005766   0x00000002   Code   RO         4598    i.HAL_I2C_MemRxCpltCallback  stm32h7xx_hal_i2c.o
    0x08005768   0x08005768   0x0000004c   Code   RO         9080    i.HAL_I2C_MemTxCpltCallback  oled.o
    0x080057b4   0x080057b4   0x00000198   Code   RO         4603    i.HAL_I2C_Mem_Write  stm32h7xx_hal_i2c.o
    0x0800594c   0x0800594c   0x000000cc   Code   RO         4605    i.HAL_I2C_Mem_Write_IT  stm32h7xx_hal_i2c.o
    0x08005a18   0x08005a18   0x000000bc   Code   RO          499    i.HAL_I2C_MspInit   i2c.o
    0x08005ad4   0x08005ad4   0x00000002   Code   RO         4608    i.HAL_I2C_SlaveRxCpltCallback  stm32h7xx_hal_i2c.o
    0x08005ad6   0x08005ad6   0x00000002   Code   RO         4609    i.HAL_I2C_SlaveTxCpltCallback  stm32h7xx_hal_i2c.o
    0x08005ad8   0x08005ad8   0x00000018   Code   RO         4284    i.HAL_IncTick       stm32h7xx_hal.o
    0x08005af0   0x08005af0   0x00000060   Code   RO         4285    i.HAL_Init          stm32h7xx_hal.o
    0x08005b50   0x08005b50   0x00000094   Code   RO         1109    i.HAL_InitTick      stm32h7xx_hal_timebase_tim.o
    0x08005be4   0x08005be4   0x0000005c   Code   RO         4102    i.HAL_MPU_ConfigRegion  stm32h7xx_hal_cortex.o
    0x08005c40   0x08005c40   0x00000020   Code   RO         4103    i.HAL_MPU_Disable   stm32h7xx_hal_cortex.o
    0x08005c60   0x08005c60   0x00000028   Code   RO         4105    i.HAL_MPU_Enable    stm32h7xx_hal_cortex.o
    0x08005c88   0x08005c88   0x00000030   Code   RO         1085    i.HAL_MspInit       stm32h7xx_hal_msp.o
    0x08005cb8   0x08005cb8   0x00000028   Code   RO         4109    i.HAL_NVIC_EnableIRQ  stm32h7xx_hal_cortex.o
    0x08005ce0   0x08005ce0   0x0000007a   Code   RO         4115    i.HAL_NVIC_SetPriority  stm32h7xx_hal_cortex.o
    0x08005d5a   0x08005d5a   0x00000002   PAD
    0x08005d5c   0x08005d5c   0x00000028   Code   RO         4116    i.HAL_NVIC_SetPriorityGrouping  stm32h7xx_hal_cortex.o
    0x08005d84   0x08005d84   0x00000028   Code   RO         6289    i.HAL_PCDEx_ActivateLPM  stm32h7xx_hal_pcd_ex.o
    0x08005dac   0x08005dac   0x0000015e   Code   RO         6073    i.HAL_PCD_Init      stm32h7xx_hal_pcd.o
    0x08005f0a   0x08005f0a   0x00000002   PAD
    0x08005f0c   0x08005f0c   0x000000c0   Code   RO          783    i.HAL_PCD_MspInit   usb_otg.o
    0x08005fcc   0x08005fcc   0x00000060   Code   RO         3848    i.HAL_PWREx_ConfigSupply  stm32h7xx_hal_pwr_ex.o
    0x0800602c   0x0800602c   0x00000014   Code   RO         3865    i.HAL_PWREx_EnableUSBVoltageDetector  stm32h7xx_hal_pwr_ex.o
    0x08006040   0x08006040   0x00000024   Code   RO         2798    i.HAL_RCCEx_GetD3PCLK1Freq  stm32h7xx_hal_rcc_ex.o
    0x08006064   0x08006064   0x00000230   Code   RO         2799    i.HAL_RCCEx_GetPLL1ClockFreq  stm32h7xx_hal_rcc_ex.o
    0x08006294   0x08006294   0x00000230   Code   RO         2800    i.HAL_RCCEx_GetPLL2ClockFreq  stm32h7xx_hal_rcc_ex.o
    0x080064c4   0x080064c4   0x00000230   Code   RO         2801    i.HAL_RCCEx_GetPLL3ClockFreq  stm32h7xx_hal_rcc_ex.o
    0x080066f4   0x080066f4   0x000008b0   Code   RO         2803    i.HAL_RCCEx_GetPeriphCLKFreq  stm32h7xx_hal_rcc_ex.o
    0x08006fa4   0x08006fa4   0x00000d68   Code   RO         2807    i.HAL_RCCEx_PeriphCLKConfig  stm32h7xx_hal_rcc_ex.o
    0x08007d0c   0x08007d0c   0x00000320   Code   RO         2683    i.HAL_RCC_ClockConfig  stm32h7xx_hal_rcc.o
    0x0800802c   0x0800802c   0x0000006c   Code   RO         2687    i.HAL_RCC_GetClockConfig  stm32h7xx_hal_rcc.o
    0x08008098   0x08008098   0x0000004c   Code   RO         2688    i.HAL_RCC_GetHCLKFreq  stm32h7xx_hal_rcc.o
    0x080080e4   0x080080e4   0x00000024   Code   RO         2690    i.HAL_RCC_GetPCLK1Freq  stm32h7xx_hal_rcc.o
    0x08008108   0x08008108   0x00000024   Code   RO         2691    i.HAL_RCC_GetPCLK2Freq  stm32h7xx_hal_rcc.o
    0x0800812c   0x0800812c   0x0000022c   Code   RO         2692    i.HAL_RCC_GetSysClockFreq  stm32h7xx_hal_rcc.o
    0x08008358   0x08008358   0x00000858   Code   RO         2695    i.HAL_RCC_OscConfig  stm32h7xx_hal_rcc.o
    0x08008bb0   0x08008bb0   0x00000002   Code   RO         5176    i.HAL_SPI_ErrorCallback  stm32h7xx_hal_spi.o
    0x08008bb2   0x08008bb2   0x00000002   PAD
    0x08008bb4   0x08008bb4   0x00000294   Code   RO         5179    i.HAL_SPI_IRQHandler  stm32h7xx_hal_spi.o
    0x08008e48   0x08008e48   0x000001b0   Code   RO         5180    i.HAL_SPI_Init      stm32h7xx_hal_spi.o
    0x08008ff8   0x08008ff8   0x000000a8   Code   RO          541    i.HAL_SPI_MspInit   spi.o
    0x080090a0   0x080090a0   0x00000002   Code   RO         5186    i.HAL_SPI_RxCpltCallback  stm32h7xx_hal_spi.o
    0x080090a2   0x080090a2   0x00000002   Code   RO         5188    i.HAL_SPI_SuspendCallback  stm32h7xx_hal_spi.o
    0x080090a4   0x080090a4   0x00000002   Code   RO         5195    i.HAL_SPI_TxCpltCallback  stm32h7xx_hal_spi.o
    0x080090a6   0x080090a6   0x00000002   Code   RO         5197    i.HAL_SPI_TxRxCpltCallback  stm32h7xx_hal_spi.o
    0x080090a8   0x080090a8   0x00000014   Code   RO         4290    i.HAL_SYSCFG_AnalogSwitchConfig  stm32h7xx_hal.o
    0x080090bc   0x080090bc   0x00000002   Code   RO         1875    i.HAL_TIMEx_Break2Callback  stm32h7xx_hal_tim_ex.o
    0x080090be   0x080090be   0x00000002   Code   RO         1876    i.HAL_TIMEx_BreakCallback  stm32h7xx_hal_tim_ex.o
    0x080090c0   0x080090c0   0x00000002   Code   RO         1877    i.HAL_TIMEx_CommutCallback  stm32h7xx_hal_tim_ex.o
    0x080090c2   0x080090c2   0x00000002   PAD
    0x080090c4   0x080090c4   0x000000b4   Code   RO         1879    i.HAL_TIMEx_ConfigBreakDeadTime  stm32h7xx_hal_tim_ex.o
    0x08009178   0x08009178   0x000000cc   Code   RO         1897    i.HAL_TIMEx_MasterConfigSynchronization  stm32h7xx_hal_tim_ex.o
    0x08009244   0x08009244   0x0000006e   Code   RO         1150    i.HAL_TIM_Base_Init  stm32h7xx_hal_tim.o
    0x080092b2   0x080092b2   0x00000002   PAD
    0x080092b4   0x080092b4   0x00000230   Code   RO          583    i.HAL_TIM_Base_MspInit  tim.o
    0x080094e4   0x080094e4   0x000000b4   Code   RO         1155    i.HAL_TIM_Base_Start_IT  stm32h7xx_hal_tim.o
    0x08009598   0x08009598   0x00000134   Code   RO         1159    i.HAL_TIM_ConfigClockSource  stm32h7xx_hal_tim.o
    0x080096cc   0x080096cc   0x00000002   Code   RO         1180    i.HAL_TIM_ErrorCallback  stm32h7xx_hal_tim.o
    0x080096ce   0x080096ce   0x00000002   Code   RO         1184    i.HAL_TIM_IC_CaptureCallback  stm32h7xx_hal_tim.o
    0x080096d0   0x080096d0   0x00000198   Code   RO         1198    i.HAL_TIM_IRQHandler  stm32h7xx_hal_tim.o
    0x08009868   0x08009868   0x00000128   Code   RO          584    i.HAL_TIM_MspPostInit  tim.o
    0x08009990   0x08009990   0x00000090   Code   RO         1199    i.HAL_TIM_OC_ConfigChannel  stm32h7xx_hal_tim.o
    0x08009a20   0x08009a20   0x00000002   Code   RO         1201    i.HAL_TIM_OC_DelayElapsedCallback  stm32h7xx_hal_tim.o
    0x08009a22   0x08009a22   0x0000006e   Code   RO         1203    i.HAL_TIM_OC_Init   stm32h7xx_hal_tim.o
    0x08009a90   0x08009a90   0x00000002   Code   RO         1205    i.HAL_TIM_OC_MspInit  stm32h7xx_hal_tim.o
    0x08009a92   0x08009a92   0x00000170   Code   RO         1222    i.HAL_TIM_PWM_ConfigChannel  stm32h7xx_hal_tim.o
    0x08009c02   0x08009c02   0x0000006e   Code   RO         1225    i.HAL_TIM_PWM_Init  stm32h7xx_hal_tim.o
    0x08009c70   0x08009c70   0x0000016c   Code   RO          586    i.HAL_TIM_PWM_MspInit  tim.o
    0x08009ddc   0x08009ddc   0x00000002   Code   RO         1228    i.HAL_TIM_PWM_PulseFinishedCallback  stm32h7xx_hal_tim.o
    0x08009dde   0x08009dde   0x00000002   Code   RO         1229    i.HAL_TIM_PWM_PulseFinishedHalfCpltCallback  stm32h7xx_hal_tim.o
    0x08009de0   0x08009de0   0x000002b8   Code   RO         1231    i.HAL_TIM_PWM_Start_DMA  stm32h7xx_hal_tim.o
    0x0800a098   0x0800a098   0x00000018   Code   RO           14    i.HAL_TIM_PeriodElapsedCallback  main.o
    0x0800a0b0   0x0800a0b0   0x00000002   Code   RO         1241    i.HAL_TIM_TriggerCallback  stm32h7xx_hal_tim.o
    0x0800a0b2   0x0800a0b2   0x0000004e   Code   RO         5928    i.HAL_UARTEx_DisableFifoMode  stm32h7xx_hal_uart_ex.o
    0x0800a100   0x0800a100   0x00000062   Code   RO         5934    i.HAL_UARTEx_ReceiveToIdle_DMA  stm32h7xx_hal_uart_ex.o
    0x0800a162   0x0800a162   0x00000002   PAD
    0x0800a164   0x0800a164   0x00000030   Code   RO          672    i.HAL_UARTEx_RxEventCallback  usart.o
    0x0800a194   0x0800a194   0x00000002   Code   RO         5936    i.HAL_UARTEx_RxFifoFullCallback  stm32h7xx_hal_uart_ex.o
    0x0800a196   0x0800a196   0x0000005e   Code   RO         5937    i.HAL_UARTEx_SetRxFifoThreshold  stm32h7xx_hal_uart_ex.o
    0x0800a1f4   0x0800a1f4   0x0000005e   Code   RO         5938    i.HAL_UARTEx_SetTxFifoThreshold  stm32h7xx_hal_uart_ex.o
    0x0800a252   0x0800a252   0x00000002   Code   RO         5940    i.HAL_UARTEx_TxFifoEmptyCallback  stm32h7xx_hal_uart_ex.o
    0x0800a254   0x0800a254   0x00000002   Code   RO         5941    i.HAL_UARTEx_WakeupCallback  stm32h7xx_hal_uart_ex.o
    0x0800a256   0x0800a256   0x000000be   Code   RO         5524    i.HAL_UART_DMAStop  stm32h7xx_hal_uart.o
    0x0800a314   0x0800a314   0x00000030   Code   RO          673    i.HAL_UART_ErrorCallback  usart.o
    0x0800a344   0x0800a344   0x000004b6   Code   RO         5531    i.HAL_UART_IRQHandler  stm32h7xx_hal_uart.o
    0x0800a7fa   0x0800a7fa   0x00000078   Code   RO         5532    i.HAL_UART_Init     stm32h7xx_hal_uart.o
    0x0800a872   0x0800a872   0x00000002   PAD
    0x0800a874   0x0800a874   0x000006a8   Code   RO          675    i.HAL_UART_MspInit  usart.o
    0x0800af1c   0x0800af1c   0x0000005c   Code   RO         5536    i.HAL_UART_Receive_DMA  stm32h7xx_hal_uart.o
    0x0800af78   0x0800af78   0x0000000c   Code   RO          676    i.HAL_UART_RxCpltCallback  usart.o
    0x0800af84   0x0800af84   0x00000002   Code   RO         5540    i.HAL_UART_RxHalfCpltCallback  stm32h7xx_hal_uart.o
    0x0800af86   0x0800af86   0x00000002   PAD
    0x0800af88   0x0800af88   0x000000a0   Code   RO         5542    i.HAL_UART_Transmit_DMA  stm32h7xx_hal_uart.o
    0x0800b028   0x0800b028   0x00000018   Code   RO          677    i.HAL_UART_TxCpltCallback  usart.o
    0x0800b040   0x0800b040   0x00000002   Code   RO         5545    i.HAL_UART_TxHalfCpltCallback  stm32h7xx_hal_uart.o
    0x0800b042   0x0800b042   0x00000004   Code   RO          859    i.HardFault_Handler  stm32h7xx_it.o
    0x0800b046   0x0800b046   0x00000002   PAD
    0x0800b048   0x0800b048   0x00000010   Code   RO          860    i.I2C1_ER_IRQHandler  stm32h7xx_it.o
    0x0800b058   0x0800b058   0x00000010   Code   RO          861    i.I2C1_EV_IRQHandler  stm32h7xx_it.o
    0x0800b068   0x0800b068   0x00000022   Code   RO         4621    i.I2C_DMAAbort      stm32h7xx_hal_i2c.o
    0x0800b08a   0x0800b08a   0x0000006e   Code   RO         4627    i.I2C_Disable_IRQ   stm32h7xx_hal_i2c.o
    0x0800b0f8   0x0800b0f8   0x000000a8   Code   RO         4628    i.I2C_Enable_IRQ    stm32h7xx_hal_i2c.o
    0x0800b1a0   0x0800b1a0   0x00000028   Code   RO         4629    i.I2C_Flush_TXDR    stm32h7xx_hal_i2c.o
    0x0800b1c8   0x0800b1c8   0x000000ce   Code   RO         4630    i.I2C_ITAddrCplt    stm32h7xx_hal_i2c.o
    0x0800b296   0x0800b296   0x00000002   PAD
    0x0800b298   0x0800b298   0x00000154   Code   RO         4631    i.I2C_ITError       stm32h7xx_hal_i2c.o
    0x0800b3ec   0x0800b3ec   0x00000070   Code   RO         4632    i.I2C_ITListenCplt  stm32h7xx_hal_i2c.o
    0x0800b45c   0x0800b45c   0x00000128   Code   RO         4633    i.I2C_ITMasterCplt  stm32h7xx_hal_i2c.o
    0x0800b584   0x0800b584   0x00000062   Code   RO         4634    i.I2C_ITMasterSeqCplt  stm32h7xx_hal_i2c.o
    0x0800b5e6   0x0800b5e6   0x00000002   PAD
    0x0800b5e8   0x0800b5e8   0x00000390   Code   RO         4635    i.I2C_ITSlaveCplt   stm32h7xx_hal_i2c.o
    0x0800b978   0x0800b978   0x0000008c   Code   RO         4636    i.I2C_ITSlaveSeqCplt  stm32h7xx_hal_i2c.o
    0x0800ba04   0x0800ba04   0x00000130   Code   RO         4637    i.I2C_IsErrorOccurred  stm32h7xx_hal_i2c.o
    0x0800bb34   0x0800bb34   0x00000160   Code   RO         4638    i.I2C_Master_ISR_DMA  stm32h7xx_hal_i2c.o
    0x0800bc94   0x0800bc94   0x000001b4   Code   RO         4640    i.I2C_Mem_ISR_DMA   stm32h7xx_hal_i2c.o
    0x0800be48   0x0800be48   0x0000019c   Code   RO         4641    i.I2C_Mem_ISR_IT    stm32h7xx_hal_i2c.o
    0x0800bfe4   0x0800bfe4   0x0000007c   Code   RO         4643    i.I2C_RequestMemoryWrite  stm32h7xx_hal_i2c.o
    0x0800c060   0x0800c060   0x000002dc   Code   RO         4644    i.I2C_Slave_ISR_DMA  stm32h7xx_hal_i2c.o
    0x0800c33c   0x0800c33c   0x0000014a   Code   RO         4645    i.I2C_Slave_ISR_IT  stm32h7xx_hal_i2c.o
    0x0800c486   0x0800c486   0x00000038   Code   RO         4646    i.I2C_TransferConfig  stm32h7xx_hal_i2c.o
    0x0800c4be   0x0800c4be   0x0000003a   Code   RO         4647    i.I2C_TreatErrorCallback  stm32h7xx_hal_i2c.o
    0x0800c4f8   0x0800c4f8   0x00000082   Code   RO         4648    i.I2C_WaitOnFlagUntilTimeout  stm32h7xx_hal_i2c.o
    0x0800c57a   0x0800c57a   0x00000060   Code   RO         4650    i.I2C_WaitOnSTOPFlagUntilTimeout  stm32h7xx_hal_i2c.o
    0x0800c5da   0x0800c5da   0x00000064   Code   RO         4651    i.I2C_WaitOnTXISFlagUntilTimeout  stm32h7xx_hal_i2c.o
    0x0800c63e   0x0800c63e   0x00000032   Code   RO         8126    i.IRQ_Context       cmsis_os2.o
    0x0800c670   0x0800c670   0x00000040   Code   RO         9761    i.IsStickArmCommand  rc_channel.o
    0x0800c6b0   0x0800c6b0   0x00000040   Code   RO         9762    i.IsStickDisarmCommand  rc_channel.o
    0x0800c6f0   0x0800c6f0   0x00000060   Code   RO         8798    i.LED_On_Off        drv_led.o
    0x0800c750   0x0800c750   0x00000010   Code   RO         2195    i.LL_ADC_Enable     stm32h7xx_hal_adc.o
    0x0800c760   0x0800c760   0x0000000a   Code   RO         2197    i.LL_ADC_GetMultimode  stm32h7xx_hal_adc.o
    0x0800c76a   0x0800c76a   0x0000000a   Code   RO         2198    i.LL_ADC_INJ_IsConversionOngoing  stm32h7xx_hal_adc.o
    0x0800c774   0x0800c774   0x0000000a   Code   RO         2199    i.LL_ADC_IsDisableOngoing  stm32h7xx_hal_adc.o
    0x0800c77e   0x0800c77e   0x0000000a   Code   RO         2200    i.LL_ADC_IsEnabled  stm32h7xx_hal_adc.o
    0x0800c788   0x0800c788   0x0000000a   Code   RO         2456    i.LL_ADC_IsEnabled  stm32h7xx_hal_adc_ex.o
    0x0800c792   0x0800c792   0x0000000a   Code   RO         2201    i.LL_ADC_IsInternalRegulatorEnabled  stm32h7xx_hal_adc.o
    0x0800c79c   0x0800c79c   0x0000000a   Code   RO         2202    i.LL_ADC_REG_IsConversionOngoing  stm32h7xx_hal_adc.o
    0x0800c7a6   0x0800c7a6   0x0000000a   Code   RO         2457    i.LL_ADC_REG_IsConversionOngoing  stm32h7xx_hal_adc_ex.o
    0x0800c7b0   0x0800c7b0   0x00000012   Code   RO         2203    i.LL_ADC_REG_IsTriggerSourceSWStart  stm32h7xx_hal_adc.o
    0x0800c7c2   0x0800c7c2   0x00000002   PAD
    0x0800c7c4   0x0800c7c4   0x00000010   Code   RO         2204    i.LL_ADC_REG_StartConversion  stm32h7xx_hal_adc.o
    0x0800c7d4   0x0800c7d4   0x0000000c   Code   RO         2206    i.LL_ADC_SetCommonPathInternalCh  stm32h7xx_hal_adc.o
    0x0800c7e0   0x0800c7e0   0x00000084   Code   RO         9866    i.LX_Change_Mode    to_lx_fun.o
    0x0800c864   0x0800c864   0x00000094   Code   RO         9395    i.LX_Check_To_Send  ano_to_h743_data_transmit.o
    0x0800c8f8   0x0800c8f8   0x00000016   Code   RO         9661    i.LimitS16          remote_control.o
    0x0800c90e   0x0800c90e   0x00000016   Code   RO         9763    i.LimitS16          rc_channel.o
    0x0800c924   0x0800c924   0x00000056   Code   RO           15    i.MPU_Config        main.o
    0x0800c97a   0x0800c97a   0x00000002   PAD
    0x0800c97c   0x0800c97c   0x000000ac   Code   RO          427    i.MX_ADC1_Init      adc.o
    0x0800ca28   0x0800ca28   0x00000090   Code   RO          428    i.MX_ADC2_Init      adc.o
    0x0800cab8   0x0800cab8   0x00000140   Code   RO          474    i.MX_DMA_Init       dma.o
    0x0800cbf8   0x0800cbf8   0x00000098   Code   RO          296    i.MX_FREERTOS_Init  freertos.o
    0x0800cc90   0x0800cc90   0x000001d4   Code   RO          272    i.MX_GPIO_Init      gpio.o
    0x0800ce64   0x0800ce64   0x0000005c   Code   RO          500    i.MX_I2C1_Init      i2c.o
    0x0800cec0   0x0800cec0   0x00000060   Code   RO          542    i.MX_SPI3_Init      spi.o
    0x0800cf20   0x0800cf20   0x00000030   Code   RO          587    i.MX_TIM14_Init     tim.o
    0x0800cf50   0x0800cf50   0x00000034   Code   RO          588    i.MX_TIM16_Init     tim.o
    0x0800cf84   0x0800cf84   0x000000e8   Code   RO          589    i.MX_TIM1_Init      tim.o
    0x0800d06c   0x0800d06c   0x000000e8   Code   RO          590    i.MX_TIM3_Init      tim.o
    0x0800d154   0x0800d154   0x00000070   Code   RO          591    i.MX_TIM4_Init      tim.o
    0x0800d1c4   0x0800d1c4   0x000000ac   Code   RO          592    i.MX_TIM5_Init      tim.o
    0x0800d270   0x0800d270   0x00000070   Code   RO          678    i.MX_UART4_Init     usart.o
    0x0800d2e0   0x0800d2e0   0x0000006c   Code   RO          679    i.MX_UART5_Init     usart.o
    0x0800d34c   0x0800d34c   0x0000007c   Code   RO          681    i.MX_UART8_Init     usart.o
    0x0800d3c8   0x0800d3c8   0x0000006c   Code   RO          682    i.MX_USART1_UART_Init  usart.o
    0x0800d434   0x0800d434   0x0000006c   Code   RO          683    i.MX_USART2_UART_Init  usart.o
    0x0800d4a0   0x0800d4a0   0x0000006c   Code   RO          684    i.MX_USART3_UART_Init  usart.o
    0x0800d50c   0x0800d50c   0x0000006c   Code   RO          685    i.MX_USART6_UART_Init  usart.o
    0x0800d578   0x0800d578   0x0000003c   Code   RO          785    i.MX_USB_OTG_FS_PCD_Init  usb_otg.o
    0x0800d5b4   0x0800d5b4   0x00000020   Code   RO         9906    i.MarkLinkUpdated   optical_flow_sensor.o
    0x0800d5d4   0x0800d5d4   0x00000004   Code   RO          862    i.MemManage_Handler  stm32h7xx_it.o
    0x0800d5d8   0x0800d5d8   0x00000004   Code   RO          863    i.NMI_Handler       stm32h7xx_it.o
    0x0800d5dc   0x0800d5dc   0x00000014   Code   RO         9081    i.OLED_Clear        oled.o
    0x0800d5f0   0x0800d5f0   0x00000090   Code   RO         9082    i.OLED_ClearArea    oled.o
    0x0800d680   0x0800d680   0x00000050   Code   RO         9091    i.OLED_I2C_Send_Data  oled.o
    0x0800d6d0   0x0800d6d0   0x0000009c   Code   RO         9092    i.OLED_Init         oled.o
    0x0800d76c   0x0800d76c   0x00000014   Code   RO         9094    i.OLED_Pow          oled.o
    0x0800d780   0x0800d780   0x00000022   Code   RO         9098    i.OLED_SetCursor    oled.o
    0x0800d7a2   0x0800d7a2   0x00000002   PAD
    0x0800d7a4   0x0800d7a4   0x00000054   Code   RO         9100    i.OLED_ShowChar     oled.o
    0x0800d7f8   0x0800d7f8   0x000000fc   Code   RO         9104    i.OLED_ShowImage    oled.o
    0x0800d8f4   0x0800d8f4   0x0000004c   Code   RO         9105    i.OLED_ShowNum      oled.o
    0x0800d940   0x0800d940   0x0000002e   Code   RO         9107    i.OLED_ShowString   oled.o
    0x0800d96e   0x0800d96e   0x00000002   PAD
    0x0800d970   0x0800d970   0x00000028   Code   RO         9108    i.OLED_Update       oled.o
    0x0800d998   0x0800d998   0x00000016   Code   RO         9110    i.OLED_WriteCommand  oled.o
    0x0800d9ae   0x0800d9ae   0x00000016   Code   RO         9111    i.OLED_WriteData    oled.o
    0x0800d9c4   0x0800d9c4   0x000000fc   Code   RO         9907    i.OpticalFlow_CheckState  optical_flow_sensor.o
    0x0800dac0   0x0800dac0   0x0000005c   Code   RO         9908    i.OpticalFlow_Init  optical_flow_sensor.o
    0x0800db1c   0x0800db1c   0x00000248   Code   RO         9911    i.OpticalFlow_ParseFrame  optical_flow_sensor.o
    0x0800dd64   0x0800dd64   0x0000011c   Code   RO         9912    i.OpticalFlow_ReceiveByte  optical_flow_sensor.o
    0x0800de80   0x0800de80   0x0000004c   Code   RO           16    i.PeriphCommonClock_Config  main.o
    0x0800decc   0x0800decc   0x0000002c   Code   RO         9548    i.PrepareDshotPacket  pwm.o
    0x0800def8   0x0800def8   0x00000150   Code   RO         9549    i.PwmWriteDigital   pwm.o
    0x0800e048   0x0800e048   0x00000164   Code   RO         2810    i.RCCEx_PLL2_Config  stm32h7xx_hal_rcc_ex.o
    0x0800e1ac   0x0800e1ac   0x00000164   Code   RO         2811    i.RCCEx_PLL3_Config  stm32h7xx_hal_rcc_ex.o
    0x0800e310   0x0800e310   0x00000118   Code   RO         9764    i.RC_Data_Task      rc_channel.o
    0x0800e428   0x0800e428   0x0000001c   Code   RO         9765    i.RC_MotorForceLock  rc_channel.o
    0x0800e444   0x0800e444   0x0000000c   Code   RO         9766    i.RC_MotorIsUnlocked  rc_channel.o
    0x0800e450   0x0800e450   0x000000c4   Code   RO         9767    i.RcUnlockTask      rc_channel.o
    0x0800e514   0x0800e514   0x0000000e   Code   RO         9913    i.ReadS16           optical_flow_sensor.o
    0x0800e522   0x0800e522   0x00000018   Code   RO         9914    i.ReadU32           optical_flow_sensor.o
    0x0800e53a   0x0800e53a   0x00000002   PAD
    0x0800e53c   0x0800e53c   0x0000003c   Code   RO         9662    i.RemoteControl_InitDefault  remote_control.o
    0x0800e578   0x0800e578   0x0000000c   Code   RO         9663    i.RemoteControl_IsSignalLost  remote_control.o
    0x0800e584   0x0800e584   0x00000020   Code   RO         9664    i.RemoteControl_UartErrorCallback  remote_control.o
    0x0800e5a4   0x0800e5a4   0x0000001c   Code   RO         9665    i.RemoteControl_UartIdleCallback  remote_control.o
    0x0800e5c0   0x0800e5c0   0x00000018   Code   RO         9666    i.RemoteControl_UartRxCpltCallback  remote_control.o
    0x0800e5d8   0x0800e5d8   0x00000010   Code   RO          864    i.SPI3_IRQHandler   stm32h7xx_it.o
    0x0800e5e8   0x0800e5e8   0x000000d6   Code   RO         5200    i.SPI_CloseTransfer  stm32h7xx_hal_spi.o
    0x0800e6be   0x0800e6be   0x0000001c   Code   RO         5201    i.SPI_DMAAbortOnError  stm32h7xx_hal_spi.o
    0x0800e6da   0x0800e6da   0x0000001a   Code   RO         5211    i.SPI_GetPacketSize  stm32h7xx_hal_spi.o
    0x0800e6f4   0x0800e6f4   0x00000188   Code   RO         9667    i.SbusDecodeFrame   remote_control.o
    0x0800e87c   0x0800e87c   0x00000178   Code   RO         9668    i.SbusProcessDmaData  remote_control.o
    0x0800e9f4   0x0800e9f4   0x00000048   Code   RO         9669    i.SbusPushByte      remote_control.o
    0x0800ea3c   0x0800ea3c   0x00000028   Code   RO         9670    i.SbusRawToPwm      remote_control.o
    0x0800ea64   0x0800ea64   0x000002c0   Code   RO         9671    i.SbusStartDmaReceive  remote_control.o
    0x0800ed24   0x0800ed24   0x0000010c   Code   RO         9396    i.Send_Data_Buffer  ano_to_h743_data_transmit.o
    0x0800ee30   0x0800ee30   0x0000003a   Code   RO          297    i.StartKeyTestTask  freertos.o
    0x0800ee6a   0x0800ee6a   0x00000002   PAD
    0x0800ee6c   0x0800ee6c   0x00000074   Code   RO          298    i.StartOledTestTask  freertos.o
    0x0800eee0   0x0800eee0   0x00000078   Code   RO          299    i.StartOpticalFlowTask  freertos.o
    0x0800ef58   0x0800ef58   0x00000070   Code   RO          300    i.StartpwmPrintTask  freertos.o
    0x0800efc8   0x0800efc8   0x00000140   Code   RO          301    i.Startuart4LXTask  freertos.o
    0x0800f108   0x0800f108   0x0000001c   Code   RO         9769    i.SwitchStateFromChannel  rc_channel.o
    0x0800f124   0x0800f124   0x00000060   Code   RO         9770    i.SyncSwitchState   rc_channel.o
    0x0800f184   0x0800f184   0x00000016   Code   RO         8130    i.SysTick_Handler   cmsis_os2.o
    0x0800f19a   0x0800f19a   0x00000002   PAD
    0x0800f19c   0x0800f19c   0x000000d8   Code   RO           17    i.SystemClock_Config  main.o
    0x0800f274   0x0800f274   0x00000128   Code   RO         6873    i.SystemInit        system_stm32h7xx.o
    0x0800f39c   0x0800f39c   0x00000010   Code   RO          865    i.TIM16_IRQHandler  stm32h7xx_it.o
    0x0800f3ac   0x0800f3ac   0x00000010   Code   RO          866    i.TIM17_IRQHandler  stm32h7xx_it.o
    0x0800f3bc   0x0800f3bc   0x00000010   Code   RO          867    i.TIM3_IRQHandler   stm32h7xx_it.o
    0x0800f3cc   0x0800f3cc   0x00000010   Code   RO          868    i.TIM8_TRG_COM_TIM14_IRQHandler  stm32h7xx_it.o
    0x0800f3dc   0x0800f3dc   0x000000d4   Code   RO         1243    i.TIM_Base_SetConfig  stm32h7xx_hal_tim.o
    0x0800f4b0   0x0800f4b0   0x00000022   Code   RO         1244    i.TIM_CCxChannelCmd  stm32h7xx_hal_tim.o
    0x0800f4d2   0x0800f4d2   0x00000068   Code   RO         1247    i.TIM_DMADelayPulseCplt  stm32h7xx_hal_tim.o
    0x0800f53a   0x0800f53a   0x00000040   Code   RO         1248    i.TIM_DMADelayPulseHalfCplt  stm32h7xx_hal_tim.o
    0x0800f57a   0x0800f57a   0x0000005e   Code   RO         1249    i.TIM_DMAError      stm32h7xx_hal_tim.o
    0x0800f5d8   0x0800f5d8   0x00000016   Code   RO         1254    i.TIM_ETR_SetConfig  stm32h7xx_hal_tim.o
    0x0800f5ee   0x0800f5ee   0x00000002   PAD
    0x0800f5f0   0x0800f5f0   0x00000018   Code   RO         1255    i.TIM_ITRx_SetConfig  stm32h7xx_hal_tim.o
    0x0800f608   0x0800f608   0x000000b0   Code   RO         1256    i.TIM_OC1_SetConfig  stm32h7xx_hal_tim.o
    0x0800f6b8   0x0800f6b8   0x000000b8   Code   RO         1257    i.TIM_OC2_SetConfig  stm32h7xx_hal_tim.o
    0x0800f770   0x0800f770   0x000000b8   Code   RO         1258    i.TIM_OC3_SetConfig  stm32h7xx_hal_tim.o
    0x0800f828   0x0800f828   0x00000074   Code   RO         1259    i.TIM_OC4_SetConfig  stm32h7xx_hal_tim.o
    0x0800f89c   0x0800f89c   0x00000070   Code   RO         1260    i.TIM_OC5_SetConfig  stm32h7xx_hal_tim.o
    0x0800f90c   0x0800f90c   0x00000070   Code   RO         1261    i.TIM_OC6_SetConfig  stm32h7xx_hal_tim.o
    0x0800f97c   0x0800f97c   0x0000006c   Code   RO         1263    i.TIM_TI1_ConfigInputStage  stm32h7xx_hal_tim.o
    0x0800f9e8   0x0800f9e8   0x0000006c   Code   RO         1265    i.TIM_TI2_ConfigInputStage  stm32h7xx_hal_tim.o
    0x0800fa54   0x0800fa54   0x00000010   Code   RO          869    i.UART4_IRQHandler  stm32h7xx_it.o
    0x0800fa64   0x0800fa64   0x00000010   Code   RO          870    i.UART5_IRQHandler  stm32h7xx_it.o
    0x0800fa74   0x0800fa74   0x00000010   Code   RO          871    i.UART7_IRQHandler  stm32h7xx_it.o
    0x0800fa84   0x0800fa84   0x00000020   Code   RO          872    i.UART8_IRQHandler  stm32h7xx_it.o
    0x0800faa4   0x0800faa4   0x00000058   Code   RO         5942    i.UARTEx_SetNbDataToProcess  stm32h7xx_hal_uart_ex.o
    0x0800fafc   0x0800fafc   0x000000f8   Code   RO         5546    i.UART_AdvFeatureConfig  stm32h7xx_hal_uart.o
    0x0800fbf4   0x0800fbf4   0x000000ea   Code   RO         5547    i.UART_CheckIdleState  stm32h7xx_hal_uart.o
    0x0800fcde   0x0800fcde   0x0000000e   Code   RO         5548    i.UART_DMAAbortOnError  stm32h7xx_hal_uart.o
    0x0800fcec   0x0800fcec   0x00000052   Code   RO         5549    i.UART_DMAError     stm32h7xx_hal_uart.o
    0x0800fd3e   0x0800fd3e   0x00000002   PAD
    0x0800fd40   0x0800fd40   0x00000178   Code   RO         5550    i.UART_DMAReceiveCplt  stm32h7xx_hal_uart.o
    0x0800feb8   0x0800feb8   0x000000f4   Code   RO         5552    i.UART_DMARxHalfCplt  stm32h7xx_hal_uart.o
    0x0800ffac   0x0800ffac   0x00000054   Code   RO         5554    i.UART_DMATransmitCplt  stm32h7xx_hal_uart.o
    0x08010000   0x08010000   0x0000000e   Code   RO         5556    i.UART_DMATxHalfCplt  stm32h7xx_hal_uart.o
    0x0801000e   0x0801000e   0x00000002   PAD
    0x08010010   0x08010010   0x0000006c   Code   RO         5558    i.UART_EndRxTransfer  stm32h7xx_hal_uart.o
    0x0801007c   0x0801007c   0x00000030   Code   RO         5559    i.UART_EndTransmit_IT  stm32h7xx_hal_uart.o
    0x080100ac   0x080100ac   0x00000040   Code   RO         5560    i.UART_EndTxTransfer  stm32h7xx_hal_uart.o
    0x080100ec   0x080100ec   0x0000058c   Code   RO         5565    i.UART_SetConfig    stm32h7xx_hal_uart.o
    0x08010678   0x08010678   0x000000c8   Code   RO         5566    i.UART_Start_Receive_DMA  stm32h7xx_hal_uart.o
    0x08010740   0x08010740   0x000000ac   Code   RO         5572    i.UART_WaitOnFlagUntilTimeout  stm32h7xx_hal_uart.o
    0x080107ec   0x080107ec   0x00000010   Code   RO          873    i.USART1_IRQHandler  stm32h7xx_it.o
    0x080107fc   0x080107fc   0x00000010   Code   RO          874    i.USART2_IRQHandler  stm32h7xx_it.o
    0x0801080c   0x0801080c   0x00000010   Code   RO          875    i.USART3_IRQHandler  stm32h7xx_it.o
    0x0801081c   0x0801081c   0x00000010   Code   RO          876    i.USART6_IRQHandler  stm32h7xx_it.o
    0x0801082c   0x0801082c   0x000000a8   Code   RO         6365    i.USB_CoreInit      stm32h7xx_ll_usb.o
    0x080108d4   0x080108d4   0x00000062   Code   RO         6366    i.USB_CoreReset     stm32h7xx_ll_usb.o
    0x08010936   0x08010936   0x00000024   Code   RO         6371    i.USB_DevDisconnect  stm32h7xx_ll_usb.o
    0x0801095a   0x0801095a   0x00000002   PAD
    0x0801095c   0x0801095c   0x000001e0   Code   RO         6372    i.USB_DevInit       stm32h7xx_ll_usb.o
    0x08010b3c   0x08010b3c   0x0000000e   Code   RO         6373    i.USB_DisableGlobalInt  stm32h7xx_ll_usb.o
    0x08010b4a   0x08010b4a   0x00000050   Code   RO         6382    i.USB_FlushRxFifo   stm32h7xx_ll_usb.o
    0x08010b9a   0x08010b9a   0x00000054   Code   RO         6383    i.USB_FlushTxFifo   stm32h7xx_ll_usb.o
    0x08010bee   0x08010bee   0x0000000a   Code   RO         6387    i.USB_GetMode       stm32h7xx_ll_usb.o
    0x08010bf8   0x08010bf8   0x00000068   Code   RO         6403    i.USB_SetCurrentMode  stm32h7xx_ll_usb.o
    0x08010c60   0x08010c60   0x00000012   Code   RO         6405    i.USB_SetDevSpeed   stm32h7xx_ll_usb.o
    0x08010c72   0x08010c72   0x00000004   Code   RO          877    i.UsageFault_Handler  stm32h7xx_it.o
    0x08010c76   0x08010c76   0x00000002   PAD
    0x08010c78   0x08010c78   0x00000010   Code   RO         4122    i.__NVIC_GetPriorityGrouping  stm32h7xx_hal_cortex.o
    0x08010c88   0x08010c88   0x00000028   Code   RO         4123    i.__NVIC_SetPriority  stm32h7xx_hal_cortex.o
    0x08010cb0   0x08010cb0   0x0000000e   Code   RO        10004    i._is_digit         c_w.l(__printf_wp.o)
    0x08010cbe   0x08010cbe   0x00000004   Code   RO         8848    i._sys_exit         drv_uart.o
    0x08010cc2   0x08010cc2   0x00000002   PAD
    0x08010cc4   0x08010cc4   0x00000040   Code   RO         8849    i.drvU2DataCheck    drv_uart.o
    0x08010d04   0x08010d04   0x00000040   Code   RO         8850    i.drvU4DataCheck    drv_uart.o
    0x08010d44   0x08010d44   0x0000001c   Code   RO         8851    i.fputc             drv_uart.o
    0x08010d60   0x08010d60   0x0000000e   Code   RO         9397    i.get_s16_le        ano_to_h743_data_transmit.o
    0x08010d6e   0x08010d6e   0x0000000c   Code   RO         9398    i.get_u16_le        ano_to_h743_data_transmit.o
    0x08010d7a   0x08010d7a   0x00000074   Code   RO           18    i.main              main.o
    0x08010dee   0x08010dee   0x0000001e   Code   RO         8132    i.osDelay           cmsis_os2.o
    0x08010e0c   0x08010e0c   0x00000034   Code   RO         8146    i.osKernelInitialize  cmsis_os2.o
    0x08010e40   0x08010e40   0x00000068   Code   RO         8149    i.osKernelStart     cmsis_os2.o
    0x08010ea8   0x08010ea8   0x000000c6   Code   RO         8177    i.osSemaphoreNew    cmsis_os2.o
    0x08010f6e   0x08010f6e   0x000000b8   Code   RO         8191    i.osThreadNew       cmsis_os2.o
    0x08011026   0x08011026   0x00000002   PAD
    0x08011028   0x08011028   0x00000028   Code   RO         9399    i.param_back        ano_to_h743_data_transmit.o
    0x08011050   0x08011050   0x000000a8   Code   RO         7546    i.prvAddCurrentTaskToDelayedList  tasks.o
    0x080110f8   0x080110f8   0x000000f4   Code   RO         7547    i.prvAddNewTaskToReadyList  tasks.o
    0x080111ec   0x080111ec   0x00000074   Code   RO         7928    i.prvCheckForValidListAndQueue  timers.o
    0x08011260   0x08011260   0x00000048   Code   RO         7548    i.prvCheckTasksWaitingTermination  tasks.o
    0x080112a8   0x080112a8   0x0000002a   Code   RO         7109    i.prvCopyDataFromQueue  queue.o
    0x080112d2   0x080112d2   0x0000007e   Code   RO         7110    i.prvCopyDataToQueue  queue.o
    0x08011350   0x08011350   0x00000050   Code   RO         7549    i.prvDeleteTCB      tasks.o
    0x080113a0   0x080113a0   0x00000014   Code   RO         7111    i.prvGetDisinheritPriorityAfterTimeout  queue.o
    0x080113b4   0x080113b4   0x00000028   Code   RO         7929    i.prvGetNextExpireTime  timers.o
    0x080113dc   0x080113dc   0x00000070   Code   RO         8656    i.prvHeapInit       heap_4.o
    0x0801144c   0x0801144c   0x00000028   Code   RO         7550    i.prvIdleTask       tasks.o
    0x08011474   0x08011474   0x0000002a   Code   RO         7113    i.prvInitialiseNewQueue  queue.o
    0x0801149e   0x0801149e   0x000000cc   Code   RO         7551    i.prvInitialiseNewTask  tasks.o
    0x0801156a   0x0801156a   0x00000002   PAD
    0x0801156c   0x0801156c   0x00000068   Code   RO         7552    i.prvInitialiseTaskLists  tasks.o
    0x080115d4   0x080115d4   0x00000068   Code   RO         8657    i.prvInsertBlockIntoFreeList  heap_4.o
    0x0801163c   0x0801163c   0x00000058   Code   RO         7931    i.prvInsertTimerInActiveList  timers.o
    0x08011694   0x08011694   0x0000001a   Code   RO         7114    i.prvIsQueueEmpty   queue.o
    0x080116ae   0x080116ae   0x0000001e   Code   RO         7115    i.prvIsQueueFull    queue.o
    0x080116cc   0x080116cc   0x00000044   Code   RO         7932    i.prvProcessExpiredTimer  timers.o
    0x08011710   0x08011710   0x0000014c   Code   RO         7933    i.prvProcessReceivedCommands  timers.o
    0x0801185c   0x0801185c   0x00000074   Code   RO         7934    i.prvProcessTimerOrBlockTask  timers.o
    0x080118d0   0x080118d0   0x00000028   Code   RO         7935    i.prvReloadTimer    timers.o
    0x080118f8   0x080118f8   0x00000030   Code   RO         7554    i.prvResetNextTaskUnblockTime  tasks.o
    0x08011928   0x08011928   0x0000002c   Code   RO         7936    i.prvSampleTimeNow  timers.o
    0x08011954   0x08011954   0x00000044   Code   RO         7937    i.prvSwitchTimerLists  timers.o
    0x08011998   0x08011998   0x00000040   Code   RO         8718    i.prvTaskExitError  port.o
    0x080119d8   0x080119d8   0x0000001a   Code   RO         7938    i.prvTimerTask      timers.o
    0x080119f2   0x080119f2   0x0000007e   Code   RO         7116    i.prvUnlockQueue    queue.o
    0x08011a70   0x08011a70   0x00000148   Code   RO         8659    i.pvPortMalloc      heap_4.o
    0x08011bb8   0x08011bb8   0x00000020   Code   RO         7557    i.pvTaskIncrementMutexHeldCount  tasks.o
    0x08011bd8   0x08011bd8   0x0000002c   Code   RO         8719    i.pxPortInitialiseStack  port.o
    0x08011c04   0x08011c04   0x000000a8   Code   RO         7558    i.ulTaskGenericNotifyTake  tasks.o
    0x08011cac   0x08011cac   0x00000028   Code   RO         7069    i.uxListRemove      list.o
    0x08011cd4   0x08011cd4   0x0000000c   Code   RO         7560    i.uxTaskGetNumberOfTasks  tasks.o
    0x08011ce0   0x08011ce0   0x00000018   Code   RO         8203    i.vApplicationGetIdleTaskMemory  cmsis_os2.o
    0x08011cf8   0x08011cf8   0x00000018   Code   RO         8204    i.vApplicationGetTimerTaskMemory  cmsis_os2.o
    0x08011d10   0x08011d10   0x0000001a   Code   RO         7070    i.vListInitialise   list.o
    0x08011d2a   0x08011d2a   0x00000006   Code   RO         7071    i.vListInitialiseItem  list.o
    0x08011d30   0x08011d30   0x00000034   Code   RO         7072    i.vListInsert       list.o
    0x08011d64   0x08011d64   0x00000054   Code   RO         8721    i.vPortEnterCritical  port.o
    0x08011db8   0x08011db8   0x0000003c   Code   RO         8722    i.vPortExitCritical  port.o
    0x08011df4   0x08011df4   0x0000008c   Code   RO         8660    i.vPortFree         heap_4.o
    0x08011e80   0x08011e80   0x00000028   Code   RO         8723    i.vPortSetupTimerInterrupt  port.o
    0x08011ea8   0x08011ea8   0x00000078   Code   RO         8724    i.vPortValidateInterruptPriority  port.o
    0x08011f20   0x08011f20   0x00000060   Code   RO         7124    i.vQueueAddToRegistry  queue.o
    0x08011f80   0x08011f80   0x00000032   Code   RO         7125    i.vQueueDelete      queue.o
    0x08011fb2   0x08011fb2   0x00000002   PAD
    0x08011fb4   0x08011fb4   0x00000048   Code   RO         7127    i.vQueueUnregisterQueue  queue.o
    0x08011ffc   0x08011ffc   0x0000004a   Code   RO         7128    i.vQueueWaitForMessageRestricted  queue.o
    0x08012046   0x08012046   0x00000002   PAD
    0x08012048   0x08012048   0x0000005c   Code   RO         7567    i.vTaskDelay        tasks.o
    0x080120a4   0x080120a4   0x0000019c   Code   RO         7570    i.vTaskGenericNotifyGiveFromISR  tasks.o
    0x08012240   0x08012240   0x00000018   Code   RO         7572    i.vTaskInternalSetTimeOutState  tasks.o
    0x08012258   0x08012258   0x0000000c   Code   RO         7573    i.vTaskMissedYield  tasks.o
    0x08012264   0x08012264   0x00000038   Code   RO         7574    i.vTaskPlaceOnEventList  tasks.o
    0x0801229c   0x0801229c   0x00000068   Code   RO         7575    i.vTaskPlaceOnEventListRestricted  tasks.o
    0x08012304   0x08012304   0x0000010c   Code   RO         7577    i.vTaskPriorityDisinheritAfterTimeout  tasks.o
    0x08012410   0x08012410   0x000000c0   Code   RO         7583    i.vTaskStartScheduler  tasks.o
    0x080124d0   0x080124d0   0x00000010   Code   RO         7585    i.vTaskSuspendAll   tasks.o
    0x080124e0   0x080124e0   0x00000094   Code   RO         7586    i.vTaskSwitchContext  tasks.o
    0x08012574   0x08012574   0x00000168   Code   RO         8725    i.xPortStartScheduler  port.o
    0x080126dc   0x080126dc   0x00000034   Code   RO         8726    i.xPortSysTickHandler  port.o
    0x08012710   0x08012710   0x0000003c   Code   RO         7129    i.xQueueCreateCountingSemaphore  queue.o
    0x0801274c   0x0801274c   0x00000044   Code   RO         7130    i.xQueueCreateCountingSemaphoreStatic  queue.o
    0x08012790   0x08012790   0x0000006c   Code   RO         7133    i.xQueueGenericCreate  queue.o
    0x080127fc   0x080127fc   0x0000009a   Code   RO         7134    i.xQueueGenericCreateStatic  queue.o
    0x08012896   0x08012896   0x00000002   PAD
    0x08012898   0x08012898   0x000000dc   Code   RO         7136    i.xQueueGenericReset  queue.o
    0x08012974   0x08012974   0x000001a8   Code   RO         7137    i.xQueueGenericSend  queue.o
    0x08012b1c   0x08012b1c   0x00000112   Code   RO         7141    i.xQueueGiveFromISR  queue.o
    0x08012c2e   0x08012c2e   0x00000002   PAD
    0x08012c30   0x08012c30   0x00000168   Code   RO         7147    i.xQueueReceive     queue.o
    0x08012d98   0x08012d98   0x00000194   Code   RO         7149    i.xQueueSemaphoreTake  queue.o
    0x08012f2c   0x08012f2c   0x00000090   Code   RO         7588    i.xTaskCheckForTimeOut  tasks.o
    0x08012fbc   0x08012fbc   0x0000006c   Code   RO         7589    i.xTaskCreate       tasks.o
    0x08013028   0x08013028   0x000000c2   Code   RO         7590    i.xTaskCreateStatic  tasks.o
    0x080130ea   0x080130ea   0x00000002   PAD
    0x080130ec   0x080130ec   0x0000000c   Code   RO         7596    i.xTaskGetCurrentTaskHandle  tasks.o
    0x080130f8   0x080130f8   0x00000020   Code   RO         7597    i.xTaskGetSchedulerState  tasks.o
    0x08013118   0x08013118   0x0000000c   Code   RO         7599    i.xTaskGetTickCount  tasks.o
    0x08013124   0x08013124   0x000001cc   Code   RO         7601    i.xTaskIncrementTick  tasks.o
    0x080132f0   0x080132f0   0x000000e4   Code   RO         7602    i.xTaskPriorityDisinherit  tasks.o
    0x080133d4   0x080133d4   0x000000e0   Code   RO         7603    i.xTaskPriorityInherit  tasks.o
    0x080134b4   0x080134b4   0x00000134   Code   RO         7604    i.xTaskRemoveFromEventList  tasks.o
    0x080135e8   0x080135e8   0x00000190   Code   RO         7605    i.xTaskResumeAll    tasks.o
    0x08013778   0x08013778   0x00000078   Code   RO         7947    i.xTimerCreateTimerTask  timers.o
    0x080137f0   0x080137f0   0x0000000a   Code   RO        10347    x$fpl$fpinit        fz_wv.l(fpinit.o)
    0x080137fa   0x080137fa   0x00000002   PAD
    0x080137fc   0x080137fc   0x000000b4   Data   RO          302    .constdata          freertos.o
    0x080138b0   0x080138b0   0x00000008   Data   RO         3411    .constdata          stm32h7xx_hal_dma.o
    0x080138b8   0x080138b8   0x00000018   Data   RO         5573    .constdata          stm32h7xx_hal_uart.o
    0x080138d0   0x080138d0   0x00000010   Data   RO         5944    .constdata          stm32h7xx_hal_uart_ex.o
    0x080138e0   0x080138e0   0x00000010   Data   RO         6874    .constdata          system_stm32h7xx.o
    0x080138f0   0x080138f0   0x00000aae   Data   RO         9310    .constdata          oled_data.o
    0x0801439e   0x0801439e   0x00000011   Data   RO        10012    .constdata          c_w.l(__printf_flags_ss_wp.o)
    0x080143af   0x080143af   0x00000001   PAD
    0x080143b0   0x080143b0   0x000000c4   Data   RO          303    .conststring        freertos.o
    0x08014474   0x08014474   0x00000020   Data   RO        10403    Region$$Table       anon$$obj.o


    Execution Region RW_IRAM1 (Exec base: 0x20000000, Load base: 0x08014494, Size: 0x00000000, Max: 0x00020000, ABSOLUTE)

    **** No section assigned to this execution region ****


    Execution Region RW_IRAM2 (Exec base: 0x24000000, Load base: 0x08014494, Size: 0x0000a828, Max: 0x00080000, ABSOLUTE, COMPRESSED[0x00000034])

    Exec Addr    Load Addr    Size         Type   Attr      Idx    E Section Name        Object

    0x24000000   COMPRESSED   0x00000018   Data   RW          304    .data               freertos.o
    0x24000018   COMPRESSED   0x00000004   Data   RW          430    .data               adc.o
    0x2400001c   COMPRESSED   0x00000004   Data   RW          787    .data               usb_otg.o
    0x24000020   COMPRESSED   0x00000009   Data   RW         4307    .data               stm32h7xx_hal.o
    0x24000029   COMPRESSED   0x00000003   PAD
    0x2400002c   COMPRESSED   0x00000008   Data   RW         6875    .data               system_stm32h7xx.o
    0x24000034   COMPRESSED   0x00000040   Data   RW         7608    .data               tasks.o
    0x24000074   COMPRESSED   0x00000014   Data   RW         7958    .data               timers.o
    0x24000088   COMPRESSED   0x00000004   Data   RW         8206    .data               cmsis_os2.o
    0x2400008c   COMPRESSED   0x0000001c   Data   RW         8666    .data               heap_4.o
    0x240000a8   COMPRESSED   0x0000000c   Data   RW         8727    .data               port.o
    0x240000b4   COMPRESSED   0x00000004   Data   RW         8799    .data               drv_led.o
    0x240000b8   COMPRESSED   0x00000020   Data   RW         8853    .data               drv_uart.o
    0x240000d8   COMPRESSED   0x00000050   Data   RW         9047    .data               key.o
    0x24000128   COMPRESSED   0x00000004   Data   RW         9114    .data               oled.o
    0x2400012c   COMPRESSED   0x00000040   Data   RW         9401    .data               ano_to_h743_data_transmit.o
    0x2400016c   COMPRESSED   0x00000005   Data   RW         9522    .data               fc_state.o
    0x24000171   COMPRESSED   0x00000003   PAD
    0x24000174   COMPRESSED   0x0000000a   Data   RW         9618    .data               of_radar_fusion.o
    0x2400017e   COMPRESSED   0x00000002   PAD
    0x24000180   COMPRESSED   0x00000019   Data   RW         9673    .data               remote_control.o
    0x24000199   COMPRESSED   0x00000001   PAD
    0x2400019a   COMPRESSED   0x00000006   Data   RW         9771    .data               rc_channel.o
    0x240001a0   COMPRESSED   0x0000000a   Data   RW         9867    .data               to_lx_fun.o
    0x240001aa   COMPRESSED   0x00000002   PAD
    0x240001ac   COMPRESSED   0x00000011   Data   RW         9916    .data               optical_flow_sensor.o
    0x240001bd   COMPRESSED   0x00000003   PAD
    0x240001c0        -       0x000001b8   Zero   RW          429    .bss                adc.o
    0x24000378        -       0x00000054   Zero   RW          501    .bss                i2c.o
    0x240003cc        -       0x00000088   Zero   RW          543    .bss                spi.o
    0x24000454        -       0x00000588   Zero   RW          593    .bss                tim.o
    0x240009dc        -       0x000007e8   Zero   RW          686    .bss                usart.o
    0x240011c4        -       0x00000904   Zero   RW          786    .bss                usb_otg.o
    0x24001ac8        -       0x0000004c   Zero   RW         1112    .bss                stm32h7xx_hal_timebase_tim.o
    0x24001b14        -       0x00000040   Zero   RW         7151    .bss                queue.o
    0x24001b54        -       0x000004c4   Zero   RW         7607    .bss                tasks.o
    0x24002018        -       0x00000118   Zero   RW         7957    .bss                timers.o
    0x24002130        -       0x000006b8   Zero   RW         8205    .bss                cmsis_os2.o
    0x240027e8        -       0x00003c00   Zero   RW         8665    .bss                heap_4.o
    0x240063e8        -       0x00000330   Zero   RW         8852    .bss                drv_uart.o
    0x24006718        -       0x00000400   Zero   RW         9113    .bss                oled.o
    0x24006b18        -       0x000000c8   Zero   RW         9331    .bss                drv_adc.o
    0x24006be0        -       0x0000087e   Zero   RW         9400    .bss                ano_to_h743_data_transmit.o
    0x2400745e   COMPRESSED   0x00000002   PAD
    0x24007460        -       0x00000240   Zero   RW         9550    .bss                pwm.o
    0x240076a0        -       0x0000000c   Zero   RW         9590    .bss                jetsonnano_data_transmit.o
    0x240076ac        -       0x00000028   Zero   RW         9617    .bss                of_radar_fusion.o
    0x240076d4        -       0x0000007b   Zero   RW         9672    .bss                remote_control.o
    0x2400774f   COMPRESSED   0x00000001   PAD
    0x24007750        -       0x00000072   Zero   RW         9915    .bss                optical_flow_sensor.o
    0x240077c2   COMPRESSED   0x00000002   PAD
    0x240077c4        -       0x00000060   Zero   RW        10223    .bss                c_w.l(libspace.o)
    0x24007824   COMPRESSED   0x00000004   PAD
    0x24007828        -       0x00001000   Zero   RW            2    HEAP                startup_stm32h743xx.o
    0x24008828        -       0x00002000   Zero   RW            1    STACK               startup_stm32h743xx.o


==============================================================================

Image component sizes


      Code (inc. data)   RO Data    RW Data    ZI Data      Debug   Object Name

       708         62          0          4        440       2814   adc.o
      2130        164          0         64       2174      16439   ano_to_h743_data_transmit.o
       688         34          0          4       1720      71208   cmsis_os2.o
       320          6          0          0          0        998   dma.o
       508        124          0          0        200       4230   drv_adc.o
       136         12          0          4          0       2255   drv_led.o
      1134        170          0         32        816      13112   drv_uart.o
         0          0          0          0          0      24112   event_groups.o
         0          0          0          5          0        536   fc_state.o
       234          0          0          0          0       4232   fifo.o
       878        190        376         24          0      17985   freertos.o
       468         24          0          0          0       1259   gpio.o
       684         60          0         28      15360       5495   heap_4.o
       280         26          0          0         84       1785   i2c.o
         0          0          0          0         12        631   jetsonnano_data_transmit.o
       324          6          0         80          0       2019   key.o
       124          0          0          0          0       3037   list.o
       524         16          0          0          0    1368635   main.o
         0          0          0          0          0       2624   mpu_wrappers_v2.o
       196         44          0         10         40       5657   of_radar_fusion.o
      1072         48          0          4       1024      10261   oled.o
         0          0       2734          0          0       1118   oled_data.o
      1282        122          0         17        114       6313   optical_flow_sensor.o
      1014         92          0         12          0      11749   port.o
       556         26          0          0        576       3230   pwm.o
      2776         30          0          0         64      24690   queue.o
      1102         74          0          6          0       6729   rc_channel.o
      1866        130          0         25        123       9197   remote_control.o
       264         22          0          0        136       1741   spi.o
        72         30        664          0      12288        828   startup_stm32h743xx.o
       204         44          0          9          0      23237   stm32h7xx_hal.o
      3952        302          0          0          0      81151   stm32h7xx_hal_adc.o
       560         30          0          0          0      64281   stm32h7xx_hal_adc_ex.o
       422         40          0          0          0      40380   stm32h7xx_hal_cortex.o
      8676        168          8          0          0      14260   stm32h7xx_hal_dma.o
       552         54          0          0          0       2843   stm32h7xx_hal_gpio.o
      6578        116          0          0          0      30968   stm32h7xx_hal_i2c.o
       262         10          0          0          0       2658   stm32h7xx_hal_i2c_ex.o
        48          6          0          0          0        894   stm32h7xx_hal_msp.o
       350          0          0          0          0       1443   stm32h7xx_hal_pcd.o
        40          4          0          0          0       1108   stm32h7xx_hal_pcd_ex.o
       116         12          0          0          0       1302   stm32h7xx_hal_pwr_ex.o
      3748        124          0          0          0       7533   stm32h7xx_hal_rcc.o
      8084        186          0          0          0      10759   stm32h7xx_hal_rcc_ex.o
      1370         18          0          0          0       7383   stm32h7xx_hal_spi.o
      4102        330          0          0          0      22887   stm32h7xx_hal_tim.o
       390         38          0          0          0       3992   stm32h7xx_hal_tim_ex.o
       148         20          0          0         76       1540   stm32h7xx_hal_timebase_tim.o
      5080        194         24          0          0      37571   stm32h7xx_hal_uart.o
       458         10         16          0          0       6285   stm32h7xx_hal_uart_ex.o
       534        184          0          0          0      17593   stm32h7xx_it.o
      1092         18          0          0          0       7545   stm32h7xx_ll_usb.o
         0          0          0          0          0        392   stream_buffer.o
       332         46         16          8          0       1817   system_stm32h7xx.o
      4618        428          0         64       1220      37568   tasks.o
      2068        160          0          0       1416       7387   tim.o
      1058        120          0         20        280      33876   timers.o
       254         26          0         10          0       2553   to_lx_fun.o
      2612        212          0          0       2024       9156   usart.o
       252         24          0          4       2308       1941   usb_otg.o

    ----------------------------------------------------------------------
     77382       4436       3870        448      42500    2107222   Object Totals
         0          0         32          0          0          0   (incl. Generated)
        82          0          0         14          5          0   (incl. Padding)

    ----------------------------------------------------------------------

      Code (inc. data)   RO Data    RW Data    ZI Data      Debug   Library Member Name

        24          4          0          0          0         84   __2printf.o
        90          0          0          0          0          0   __dczerorl2.o
         8          0          0          0          0         68   __main.o
       392          4         17          0          0         92   __printf_flags_ss_wp.o
        14          0          0          0          0         68   __printf_wp.o
         0          0          0          0          0          0   __rtentry.o
        12          0          0          0          0          0   __rtentry2.o
         6          0          0          0          0          0   __rtentry4.o
        52          8          0          0          0          0   __scatter.o
        28          0          0          0          0          0   __scatter_zi.o
        48          6          0          0          0         96   _printf_char_common.o
        36          4          0          0          0         80   _printf_char_file.o
         6          0          0          0          0          0   _printf_d.o
       120         16          0          0          0         92   _printf_dec.o
       178          0          0          0          0         88   _printf_intcommon.o
         0          0          0          0          0          0   _printf_percent.o
         4          0          0          0          0          0   _printf_percent_end.o
         6          0          0          0          0          0   _printf_u.o
        16          0          0          0          0         68   aeabi_memset.o
        18          0          0          0          0         80   exit.o
         8          0          0          0          0         68   ferror.o
         6          0          0          0          0        152   heapauxi.o
         2          0          0          0          0          0   libinit.o
         6          0          0          0          0          0   libinit2.o
         2          0          0          0          0          0   libshutdown.o
         2          0          0          0          0          0   libshutdown2.o
         8          4          0          0         96         68   libspace.o
       238          0          0          0          0        100   lludivv7m.o
        68          0          0          0          0         68   rt_memclr.o
        78          0          0          0          0         80   rt_memclr_w.o
       138          0          0          0          0         68   rt_memcpy_v6.o
       100          0          0          0          0         80   rt_memcpy_w.o
         2          0          0          0          0          0   rtexit.o
        10          0          0          0          0          0   rtexit2.o
        74          0          0          0          0         80   sys_stackheap_outer.o
         2          0          0          0          0         68   use_no_semi.o
         2          0          0          0          0         68   use_no_semi_2.o
        10          0          0          0          0        116   fpinit.o

    ----------------------------------------------------------------------
      1822         46         18          0        100       1832   Library Totals
         8          0          1          0          4          0   (incl. Padding)

    ----------------------------------------------------------------------

      Code (inc. data)   RO Data    RW Data    ZI Data      Debug   Library Name

      1804         46         17          0         96       1716   c_w.l
        10          0          0          0          0        116   fz_wv.l

    ----------------------------------------------------------------------
      1822         46         18          0        100       1832   Library Totals

    ----------------------------------------------------------------------

==============================================================================


      Code (inc. data)   RO Data    RW Data    ZI Data      Debug   

     79204       4482       3888        448      42600    2060870   Grand Totals
     79204       4482       3888         52      42600    2060870   ELF Image Totals (compressed)
     79204       4482       3888         52          0          0   ROM Totals

==============================================================================

    Total RO  Size (Code + RO Data)                83092 (  81.14kB)
    Total RW  Size (RW Data + ZI Data)             43048 (  42.04kB)
    Total ROM Size (Code + RO Data + RW Data)      83144 (  81.20kB)

==============================================================================

